<html>
<body>
<pre>
<h1>礦ision Build Log</h1>
<h2>Tool Versions:</h2>
IDE-Version: μVision V5.20.0.0
Copyright (C) 2016 ARM Ltd and ARM Germany GmbH. All rights reserved.
License Information: li chengxiang, Microsoft, LIC=GE745-GJKAC-FZTWU-S2X8U-SB4KS-WMEYC
 
Tool Versions:
Toolchain:       MDK-ARM Professional  Version: 5.20
Toolchain Path:  D:\Keil_v5\ARM\ARMCC\Bin
C Compiler:      Armcc.exe V5.06 update 2 (build 183)
Assembler:       Armasm.exe V5.06 update 2 (build 183)
Linker/Locator:  ArmLink.exe V5.06 update 2 (build 183)
Library Manager: ArmAr.exe V5.06 update 2 (build 183)
Hex Converter:   FromElf.exe V5.06 update 2 (build 183)
CPU DLL:         SARMCM3.DLL V5.20
Dialog DLL:      DCM.DLL V1.13.7.0
Target DLL:      STLink\ST-LINKIII-KEIL_SWO.dll V2.0.18.0
Dialog DLL:      TCM.DLL V1.14.9.0
 
<h2>Project:</h2>
E:\STM32ClubMX\新的项目\测试环境监测设备\F1_地面站001 - 副本\F1_地面站\Project\RTK01_DMZ.uvprojx
Project File Date:  10/09/2017

<h2>Output:</h2>
*** Using Compiler 'V5.06 update 2 (build 183)', folder: 'D:\Keil_v5\ARM\ARMCC\Bin'
Rebuild target 'RTK01_DMZ'
compiling main.c...
main.c(47): warning:  #177-D: variable "i" was declared but never referenced
    	 int i;
main.c: 1 warning, 0 errors
compiling Exit.c...
compiling Cam_FIFO.c...
compiling file_ini.c...
compiling Gps.c...
compiling GPS_STA.c...
compiling Led.c...
compiling MY_FIFO.C...
compiling GPS_DATE.c...
compiling PLAY_DATA.C...
compiling Rtc.c...
compiling sdio_sdcard.c...
compiling SRAM_DATA.c...
compiling Txt.c...
compiling core_cm3.c...
compiling soft_iic.c...
..\HARDWARE\IIC\soft_iic.c(457): warning:  #550-D: variable "uc_device_ack_data" was set but never used
  	uint8_t		uc_device_ack_data = 0xFF,	uc_reg_ack_data = 0xFF;    //test
..\HARDWARE\IIC\soft_iic.c(457): warning:  #550-D: variable "uc_reg_ack_data" was set but never used
  	uint8_t		uc_device_ack_data = 0xFF,	uc_reg_ack_data = 0xFF;    //test
..\HARDWARE\IIC\soft_iic.c(628): warning:  #186-D: pointless comparison of unsigned integer with zero
  		if(gyro_flt_buf_index >= (
YRO_FLT_BUF_LENGTH -1) )
..\HARDWARE\IIC\soft_iic.c: 3 warnings, 0 errors
compiling USART1_DMA.c...
assembling startup_stm32f10x_hd.s...
compiling Spi1.c...
compiling M_data.c...
compiling OLED.c...
compiling OLED_BMP_Font.c...
compiling fontupd.c...
compiling OLED_GUI.c...
compiling OLED_BMP.c...
compiling SPI.c...
compiling W25QXX.c...
compiling stm32f10x_it.c...
compiling system_stm32f10x.c...
compiling misc.c...
compiling OLED_TXT.c...
compiling stm32f10x_adc.c...
compiling stm32f10x_can.c...
compiling stm32f10x_bkp.c...
compiling stm32f10x_crc.c...
compiling stm32f10x_cec.c...
compiling stm32f10x_dbgmcu.c...
compiling stm32f10x_dac.c...
compiling stm32f10x_dma.c...
compiling stm32f10x_exti.c...
compiling stm32f10x_flash.c...
compiling stm32f10x_fsmc.c...
compiling stm32f10x_gpio.c...
compiling stm32f10x_iwdg.c...
compiling stm32f10x_i2c.c...
compiling stm32f10x_rcc.c...
compiling stm32f10x_rtc.c...
compiling stm32f10x_pwr.c...
compiling stm32f10x_spi.c...
compiling stm32f10x_sdio.c...
compiling stm32f10x_tim.c...
compiling delay.c...
compiling stm32f10x_wwdg.c...
compiling stm32f10x_usart.c...
compiling usart.c...
compiling STM32_CRC.c...
compiling IAP_DATA.C...
compiling stmflash.c...
compiling sys.c...
compiling IAP_EXE.C...
compiling exfuns.c...
compiling IAP_PLAY.C...
compiling mycc936.c...
compiling diskio.c...
compiling ff.c...
compiling Malloc.c...
compiling Copyright.c...
linking...
Program Size: Code=46134 RO-data=26290 RW-data=464 ZI-data=41712  
FromELF: creating hex file...
After Build - User command #1: fromelf.exe --bin -o./output/output.bin ./output/output.axf
".\output\output.axf" - 0 Error(s), 4 Warning(s).

<h2>Collection of Component include folders:</h2>
  E:\STM32ClubMX\新的项目\测试环境监测设备\F1_地面站001 - 副本\F1_地面站\Project\RTE
  D:\Keil_v5\ARM\PACK\Keil\STM32F1xx_DFP\2.2.0\Device\Include

<h2>Collection of Component Files used:</h2>
Build Time Elapsed:  00:04:21
</pre>
</body>
</html>
