Component: ARM Compiler 5.06 update 2 (build 183) Tool: armlink [4d35b7]

==============================================================================

Section Cross References

    main.o(i.main) refers to _printf_percent.o(.ARM.Collect$$_printf_percent$$00000000) for _printf_percent
    main.o(i.main) refers to _printf_f.o(.ARM.Collect$$_printf_percent$$00000003) for _printf_f
    main.o(i.main) refers to printf1.o(x$fpl$printf1) for _printf_fp_dec
    main.o(i.main) refers to _printf_x.o(.ARM.Collect$$_printf_percent$$0000000C) for _printf_x
    main.o(i.main) refers to _printf_hex_int.o(.text) for _printf_longlong_hex
    main.o(i.main) refers to delay.o(i.delay_init) for delay_init
    main.o(i.main) refers to sys.o(i.NVIC_Configuration) for NVIC_Configuration
    main.o(i.main) refers to oled.o(i.OLED_Init) for OLED_Init
    main.o(i.main) refers to led.o(i.LED_Init) for LED_Init
    main.o(i.main) refers to usart.o(i.Uart2_Init) for Uart2_Init
    main.o(i.main) refers to exit.o(i.SD_SACN_Init) for SD_SACN_Init
    main.o(i.main) refers to exfuns.o(i.exfuns_init) for exfuns_init
    main.o(i.main) refers to sram_data.o(i.SRAM_DATA_Init) for SRAM_DATA_Init
    main.o(i.main) refers to oled.o(i.OLED_BUF_Clear) for OLED_BUF_Clear
    main.o(i.main) refers to oled_gui.o(i.OLED_ShowString) for OLED_ShowString
    main.o(i.main) refers to delay.o(i.delay_ms) for delay_ms
    main.o(i.main) refers to oled_gui.o(i.Movie_Show_Img) for Movie_Show_Img
    main.o(i.main) refers to sdio_sdcard.o(i.SD_Init) for SD_Init
    main.o(i.main) refers to stm32f10x_gpio.o(i.GPIO_ReadInputDataBit) for GPIO_ReadInputDataBit
    main.o(i.main) refers to oled.o(i.OLED_Gram_Inverse) for OLED_Gram_Inverse
    main.o(i.main) refers to ff.o(i.f_mount) for f_mount
    main.o(i.main) refers to oled_gui.o(i.OLED_ShowNum) for OLED_ShowNum
    main.o(i.main) refers to rtc.o(i.RTC_Init) for RTC_Init
    main.o(i.main) refers to stm32f10x_usart.o(i.USART_Cmd) for USART_Cmd
    main.o(i.main) refers to txt.o(i.New_Folder) for New_Folder
    main.o(i.main) refers to ff.o(i.f_mkdir) for f_mkdir
    main.o(i.main) refers to txt.o(i.Base_Station_New_File) for Base_Station_New_File
    main.o(i.main) refers to ff.o(i.f_open) for f_open
    main.o(i.main) refers to ff.o(i.f_lseek) for f_lseek
    main.o(i.main) refers to ff.o(i.f_close) for f_close
    main.o(i.main) refers to txt.o(i.Icm20602_New_File) for Icm20602_New_File
    main.o(i.main) refers to txt.o(i.laser_New_File) for laser_New_File
    main.o(i.main) refers to sys.o(i.Sys_Soft_Reset) for Sys_Soft_Reset
    main.o(i.main) refers to sram_data.o(i.SYS_START_Init) for SYS_START_Init
    main.o(i.main) refers to play_data.o(i.PLAY_DATE_Init) for PLAY_DATE_Init
    main.o(i.main) refers to cam_fifo.o(i.Cam_FIFO_CLR) for Cam_FIFO_CLR
    main.o(i.main) refers to soft_iic.o(i.TIM3_Configuration) for TIM3_Configuration
    main.o(i.main) refers to soft_iic.o(i.Tim4_Init) for Tim4_Init
    main.o(i.main) refers to usart1_dma.o(i.USART1_RXD_DMA_Init) for USART1_RXD_DMA_Init
    main.o(i.main) refers to ff.o(i.f_write) for f_write
    main.o(i.main) refers to malloc.o(.data) for mallco_dev
    main.o(i.main) refers to exfuns.o(.data) for fs
    main.o(i.main) refers to sdio_sdcard.o(.bss) for SDCardInfo
    main.o(i.main) refers to sram_data.o(.data) for Folder_Name
    main.o(i.main) refers to play_data.o(i.PLAY_DATE_TASK) for PLAY_DATE_TASK
    main.o(i.main) refers to stm32f10x_tim.o(i.TIM_GetCounter) for TIM_GetCounter
    main.o(i.main) refers to soft_iic.o(i.Task_Get_Imu_Sensor_Data) for Task_Get_Imu_Sensor_Data
    main.o(i.main) refers to soft_iic.o(i.Task_Get_Imu_Attitude) for Task_Get_Imu_Attitude
    main.o(i.main) refers to fflt_clz.o(x$fpl$fflt) for __aeabi_i2f
    main.o(i.main) refers to fdiv.o(x$fpl$fdiv) for __aeabi_fdiv
    main.o(i.main) refers to soft_iic.o(i.Get_Function_Period) for Get_Function_Period
    main.o(i.main) refers to f2d.o(x$fpl$f2d) for __aeabi_f2d
    main.o(i.main) refers to noretval__2sprintf.o(.text) for __2sprintf
    main.o(i.main) refers to strlen.o(.text) for strlen
    main.o(i.main) refers to usart.o(i.Uart2_send_str) for Uart2_send_str
    main.o(i.main) refers to sram_data.o(i.SYS_Scan_TF_Err) for SYS_Scan_TF_Err
    main.o(i.main) refers to play_data.o(.data) for Write_Counter
    main.o(i.main) refers to main.o(.data) for i2c_start_cnt
    main.o(i.main) refers to soft_iic.o(.bss) for f_euler_array
    main.o(i.main) refers to exit.o(.data) for Jg_CeJu_Flag
    main.o(i.main) refers to main.o(.constdata) for JG_Buffer
    main.o(i.main) refers to usart1_dma.o(.data) for DISTANCE_BUF_TO_SD
    main.o(i.main) refers to usart1_dma.o(.bss) for DISTANCE_BUF
    main.o(i.main) refers to main.o(.conststring) for .conststring
    cam_fifo.o(i.Cam_FIFO_READ) refers to cam_fifo.o(i.Cam_FIFO_BUF_Valid_NUM) for Cam_FIFO_BUF_Valid_NUM
    cam_fifo.o(i.Cam_FIFO_STA_UP) refers to cam_fifo.o(i.Cam_FIFO_BUF_Valid_NUM) for Cam_FIFO_BUF_Valid_NUM
[...]
    __aeabi_errno_addr                       0x08000d89   Thumb Code     8  rt_errno_addr_intlibspace.o(.text)
    __errno$intlibspace                      0x08000d89   Thumb Code     0  rt_errno_addr_intlibspace.o(.text)
    __rt_errno_addr$intlibspace              0x08000d89   Thumb Code     0  rt_errno_addr_intlibspace.o(.text)
    _ll_udiv10                               0x08000d91   Thumb Code   138  lludiv10.o(.text)
    _printf_fp_infnan                        0x08000e1d   Thumb Code   112  _printf_fp_infnan.o(.text)
    _btod_etento                             0x08000e9d   Thumb Code   216  bigflt0.o(.text)
    __user_libspace                          0x08000f79   Thumb Code     8  libspace.o(.text)
    __user_perproc_libspace                  0x08000f79   Thumb Code     0  libspace.o(.text)
    __user_perthread_libspace                0x08000f79   Thumb Code     0  libspace.o(.text)
    __user_setup_stackheap                   0x08000f81   Thumb Code    74  sys_stackheap_outer.o(.text)
    exit                                     0x08000fcb   Thumb Code    18  exit.o(.text)
    _btod_d2e                                0x08000fdd   Thumb Code    62  btod.o(CL$$btod_d2e)
    _d2e_denorm_low                          0x0800101b   Thumb Code    70  btod.o(CL$$btod_d2e_denorm_low)
    _d2e_norm_op1                            0x08001061   Thumb Code    96  btod.o(CL$$btod_d2e_norm_op1)
    __btod_div_common                        0x080010c1   Thumb Code   696  btod.o(CL$$btod_div_common)
    _e2e                                     0x080013f9   Thumb Code   198  btod.o(CL$$btod_e2e)
    _btod_ediv                               0x080014bf   Thumb Code    40  btod.o(CL$$btod_ediv)
    _btod_emul                               0x080014e7   Thumb Code    40  btod.o(CL$$btod_emul)
    __btod_mult_common                       0x0800150f   Thumb Code   580  btod.o(CL$$btod_mult_common)
    Acc_Data_Fliter                          0x08001755   Thumb Code   210  soft_iic.o(i.Acc_Data_Fliter)
    Ahrs_Update_Detection                    0x08001839   Thumb Code  1408  soft_iic.o(i.Ahrs_Update_Detection)
    Ahrs_Update_X_Right                      0x08001dc1   Thumb Code  1616  soft_iic.o(i.Ahrs_Update_X_Right)
    Base_Station_New_File                    0x08002425   Thumb Code    62  txt.o(i.Base_Station_New_File)
    BondFloat_Ahrs                           0x0800249d   Thumb Code    36  soft_iic.o(i.BondFloat_Ahrs)
    BusFault_Handler                         0x080024c1   Thumb Code     4  stm32f10x_it.o(i.BusFault_Handler)
    Cal_Filter_Sensor_Data                   0x080024c5   Thumb Code   168  soft_iic.o(i.Cal_Filter_Sensor_Data)
    Cal_RTC_Get                              0x08002599   Thumb Code   268  rtc.o(i.Cal_RTC_Get)
    Calendar_LED_TAsk                        0x080026bd   Thumb Code    98  exit.o(i.Calendar_LED_TAsk)
    Cam_FIFO_CLR                             0x08002729   Thumb Code    12  cam_fifo.o(i.Cam_FIFO_CLR)
    CmdError                                 0x08002735   Thumb Code    48  sdio_sdcard.o(i.CmdError)
    CmdResp1Error                            0x08002769   Thumb Code    82  sdio_sdcard.o(i.CmdResp1Error)
    CmdResp2Error                            0x080027c1   Thumb Code    88  sdio_sdcard.o(i.CmdResp2Error)
    CmdResp3Error                            0x0800281d   Thumb Code    52  sdio_sdcard.o(i.CmdResp3Error)
    CmdResp6Error                            0x08002855   Thumb Code   142  sdio_sdcard.o(i.CmdResp6Error)
    CmdResp7Error                            0x080028e9   Thumb Code    80  sdio_sdcard.o(i.CmdResp7Error)
    DMA1_Channel5_IRQHandler                 0x0800293d   Thumb Code   200  usart1_dma.o(i.DMA1_Channel5_IRQHandler)
    DMA_ClearFlag                            0x08002a15   Thumb Code    18  stm32f10x_dma.o(i.DMA_ClearFlag)
    DMA_Cmd                                  0x08002a31   Thumb Code    24  stm32f10x_dma.o(i.DMA_Cmd)
    DMA_DeInit                               0x08002a49   Thumb Code   324  stm32f10x_dma.o(i.DMA_DeInit)
    DMA_FIFO_CONFIG                          0x08002b95   Thumb Code    32  usart1_dma.o(i.DMA_FIFO_CONFIG)
    DMA_GetFlagStatus                        0x08002bb9   Thumb Code    36  stm32f10x_dma.o(i.DMA_GetFlagStatus)
    DMA_ITConfig                             0x08002be5   Thumb Code    18  stm32f10x_dma.o(i.DMA_ITConfig)
    DMA_Init                                 0x08002bf7   Thumb Code    60  stm32f10x_dma.o(i.DMA_Init)
    DebugMon_Handler                         0x08002c33   Thumb Code     2  stm32f10x_it.o(i.DebugMon_Handler)
    EXTI1_IRQHandler                         0x08002c35   Thumb Code   108  exit.o(i.EXTI1_IRQHandler)
    EXTI_ClearITPendingBit                   0x08002cb1   Thumb Code     6  stm32f10x_exti.o(i.EXTI_ClearITPendingBit)
    FIFO_BUF_Valid_NUM                       0x08002cbd   Thumb Code     8  my_fifo.o(i.FIFO_BUF_Valid_NUM)
    FIFO_CLR_BUF                             0x08002cc5   Thumb Code    18  my_fifo.o(i.FIFO_CLR_BUF)
    FIFO_WRITE_Byte                          0x08002d03   Thumb Code    32  my_fifo.o(i.FIFO_WRITE_Byte)
    FindSCR                                  0x08002d25   Thumb Code   326  sdio_sdcard.o(i.FindSCR)
    GPIO_Init                                0x08002e75   Thumb Code   278  stm32f10x_gpio.o(i.GPIO_Init)
    GPIO_ReadInputDataBit                    0x08002f8b   Thumb Code    18  stm32f10x_gpio.o(i.GPIO_ReadInputDataBit)
    GPIO_ResetBits                           0x08002f9d   Thumb Code     4  stm32f10x_gpio.o(i.GPIO_ResetBits)
    GPIO_SetBits                             0x08002fa1   Thumb Code     4  stm32f10x_gpio.o(i.GPIO_SetBits)
    GPS_BUF_RETURN                           0x08002fa5   Thumb Code     6  gps_date.o(i.GPS_BUF_RETURN)
    GPS_BUF_TIME_Adjust                      0x08002fab   Thumb Code    66  gps_date.o(i.GPS_BUF_TIME_Adjust)
    GPS_BUF_TIME_Adjust_Task                 0x08002fed   Thumb Code   236  gps_date.o(i.GPS_BUF_TIME_Adjust_Task)
    GPS_BUF_Valid_NUM                        0x080030d9   Thumb Code     6  gps_date.o(i.GPS_BUF_Valid_NUM)
    GPS_BUF_clear_Init                       0x080030df   Thumb Code    14  gps_date.o(i.GPS_BUF_clear_Init)
    GPS_TIME_AMEND                           0x080030ed   Thumb Code   158  gps_date.o(i.GPS_TIME_AMEND)
    GPS_TIME_Adjust                          0x08003191   Thumb Code    24  gps_date.o(i.GPS_TIME_Adjust)
    GPS_W_BUF_Byte                           0x080031ad   Thumb Code    36  gps_date.o(i.GPS_W_BUF_Byte)
    Get_Function_Period                      0x080031d1   Thumb Code    72  soft_iic.o(i.Get_Function_Period)
    Gimbal_Ahrs_Update                       0x08003221   Thumb Code   624  soft_iic.o(i.Gimbal_Ahrs_Update)
    Gyro_Data_Fliter                         0x080034d9   Thumb Code    14  soft_iic.o(i.Gyro_Data_Fliter)
    HAL_GetTick                              0x080034e9   Thumb Code     6  soft_iic.o(i.HAL_GetTick)
    HAL_IncTick                              0x080034f5   Thumb Code    12  soft_iic.o(i.HAL_IncTick)
    HardFault_Handler                        0x08003505   Thumb Code     4  stm32f10x_it.o(i.HardFault_Handler)
    I2C_Delay                                0x08003509   Thumb Code    10  soft_iic.o(i.I2C_Delay)
    I2C_Read_Multi_Reg                       0x08003513   Thumb Code    90  soft_iic.o(i.I2C_Read_Multi_Reg)
    I2C_ReceiveByte_NoACK                    0x0800356d   Thumb Code    96  soft_iic.o(i.I2C_ReceiveByte_NoACK)
    I2C_ReceiveByte_WithACK                  0x080035d1   Thumb Code    96  soft_iic.o(i.I2C_ReceiveByte_WithACK)
    I2C_START                                0x08003635   Thumb Code   102  soft_iic.o(i.I2C_START)
    I2C_STOP                                 0x080036a1   Thumb Code    52  soft_iic.o(i.I2C_STOP)
    I2C_SendACK                              0x080036d9   Thumb Code    52  soft_iic.o(i.I2C_SendACK)
    I2C_SendByte                             0x08003711   Thumb Code   168  soft_iic.o(i.I2C_SendByte)
    I2C_SendNACK                             0x080037bd   Thumb Code    52  soft_iic.o(i.I2C_SendNACK)
    Icm20602_New_File                        0x080037f5   Thumb Code    62  txt.o(i.Icm20602_New_File)
    IsCardProgramming                        0x08003869   Thumb Code   134  sdio_sdcard.o(i.IsCardProgramming)
    Is_Leap_Year                             0x080038f9   Thumb Code    58  rtc.o(i.Is_Leap_Year)
    LED_Init                                 0x08003935   Thumb Code    68  led.o(i.LED_Init)
    MY_NMEA_TIMEA_Analysis                   0x0800397d   Thumb Code   310  gps_date.o(i.MY_NMEA_TIMEA_Analysis)
    MY_NVIC_PriorityGroupConfig              0x08003ab5   Thumb Code    32  sys.o(i.MY_NVIC_PriorityGroupConfig)
    MemManage_Handler                        0x08003add   Thumb Code     4  stm32f10x_it.o(i.MemManage_Handler)
    Movie_Show_BMP                           0x08003ae1   Thumb Code   114  oled_gui.o(i.Movie_Show_BMP)
    Movie_Show_Img                           0x08003b55   Thumb Code    16  oled_gui.o(i.Movie_Show_Img)
    NMEA_Comma_Pos                           0x08003b69   Thumb Code    50  gps.o(i.NMEA_Comma_Pos)
    NMEA_Pow                                 0x08003b9b   Thumb Code    22  gps.o(i.NMEA_Pow)
    NMEA_Str2num                             0x08003bb1   Thumb Code   234  gps.o(i.NMEA_Str2num)
    NMI_Handler                              0x08003c9b   Thumb Code     2  stm32f10x_it.o(i.NMI_Handler)
    NVIC_Configuration                       0x08003c9d   Thumb Code    10  sys.o(i.NVIC_Configuration)
    NVIC_Init                                0x08003ca9   Thumb Code   100  misc.o(i.NVIC_Init)
    New_Folder                               0x08003d19   Thumb Code    50  txt.o(i.New_Folder)
    OLED_BUF_Clear                           0x08003d6d   Thumb Code    36  oled.o(i.OLED_BUF_Clear)
    OLED_Clear                               0x08003d95   Thumb Code    12  oled.o(i.OLED_Clear)
    OLED_DrawPoint                           0x08003da1   Thumb Code   136  oled.o(i.OLED_DrawPoint)
    OLED_Gram_Inverse                        0x08003e2d   Thumb Code    56  oled.o(i.OLED_Gram_Inverse)
    OLED_Gram_Update                         0x08003e69   Thumb Code    50  oled.o(i.OLED_Gram_Update)
    OLED_Init                                0x08003ea1   Thumb Code   342  oled.o(i.OLED_Init)
    OLED_Init_Only                           0x08003ffd   Thumb Code   196  oled.o(i.OLED_Init_Only)
    OLED_SHOW_GRAM                           0x080040c1   Thumb Code   174  oled.o(i.OLED_SHOW_GRAM)
    OLED_Set_Pos                             0x08004175   Thumb Code    46  oled.o(i.OLED_Set_Pos)
    OLED_ShowNum                             0x0800432d   Thumb Code   256  oled_gui.o(i.OLED_ShowNum)
    OLED_ShowString                          0x0800442d   Thumb Code   178  oled_gui.o(i.OLED_ShowString)
    OLED_WR_Byte                             0x080044e1   Thumb Code    58  oled.o(i.OLED_WR_Byte)
    PLAY_DATE_Init                           0x08004521   Thumb Code   408  play_data.o(i.PLAY_DATE_Init)
    PLAY_DATE_TASK                           0x080046e5   Thumb Code   502  play_data.o(i.PLAY_DATE_TASK)
    PWR_BackupAccessCmd                      0x0800490d   Thumb Code     6  stm32f10x_pwr.o(i.PWR_BackupAccessCmd)
    PendSV_Handler                           0x08004919   Thumb Code     2  stm32f10x_it.o(i.PendSV_Handler)
    RCC_AHBPeriphClockCmd                    0x0800491d   Thumb Code    26  stm32f10x_rcc.o(i.RCC_AHBPeriphClockCmd)
    RCC_APB1PeriphClockCmd                   0x0800493d   Thumb Code    26  stm32f10x_rcc.o(i.RCC_APB1PeriphClockCmd)
    RCC_APB1PeriphResetCmd                   0x0800495d   Thumb Code    26  stm32f10x_rcc.o(i.RCC_APB1PeriphResetCmd)
    RCC_APB2PeriphClockCmd                   0x0800497d   Thumb Code    26  stm32f10x_rcc.o(i.RCC_APB2PeriphClockCmd)
    RCC_APB2PeriphResetCmd                   0x0800499d   Thumb Code    26  stm32f10x_rcc.o(i.RCC_APB2PeriphResetCmd)
    RCC_GetClocksFreq                        0x080049bd   Thumb Code   192  stm32f10x_rcc.o(i.RCC_GetClocksFreq)
    RCC_GetFlagStatus                        0x08004a91   Thumb Code    56  stm32f10x_rcc.o(i.RCC_GetFlagStatus)
    RCC_LSEConfig                            0x08004acd   Thumb Code    46  stm32f10x_rcc.o(i.RCC_LSEConfig)
    RCC_RTCCLKCmd                            0x08004b01   Thumb Code     6  stm32f10x_rcc.o(i.RCC_RTCCLKCmd)
    RCC_RTCCLKConfig                         0x08004b0d   Thumb Code    12  stm32f10x_rcc.o(i.RCC_RTCCLKConfig)
    RETURN_OneSelf_TYP                       0x08004b1d   Thumb Code    42  exit.o(i.RETURN_OneSelf_TYP)
    RTC_ClearITPendingBit                    0x08004b49   Thumb Code    12  stm32f10x_rtc.o(i.RTC_ClearITPendingBit)
    RTC_EnterConfigMode                      0x08004b59   Thumb Code    14  stm32f10x_rtc.o(i.RTC_EnterConfigMode)
    RTC_ExitConfigMode                       0x08004b6d   Thumb Code    16  stm32f10x_rtc.o(i.RTC_ExitConfigMode)
    RTC_Get                                  0x08004b81   Thumb Code   240  rtc.o(i.RTC_Get)
    RTC_GetCounter                           0x08004c89   Thumb Code    16  stm32f10x_rtc.o(i.RTC_GetCounter)
    RTC_GetITStatus                          0x08004c9d   Thumb Code    32  stm32f10x_rtc.o(i.RTC_GetITStatus)
    RTC_IRQHandler                           0x08004cc1   Thumb Code    40  rtc.o(i.RTC_IRQHandler)
    RTC_ITConfig                             0x08004ce9   Thumb Code    26  stm32f10x_rtc.o(i.RTC_ITConfig)
    RTC_Init                                 0x08004d09   Thumb Code   140  rtc.o(i.RTC_Init)
    RTC_NVIC_Config                          0x08004d95   Thumb Code    34  rtc.o(i.RTC_NVIC_Config)
    RTC_Set                                  0x08004db9   Thumb Code   192  rtc.o(i.RTC_Set)
    RTC_SetCounter                           0x08004e89   Thumb Code    24  stm32f10x_rtc.o(i.RTC_SetCounter)
    RTC_SetPrescaler                         0x08004ea5   Thumb Code    26  stm32f10x_rtc.o(i.RTC_SetPrescaler)
    RTC_WaitForLastTask                      0x08004ec5   Thumb Code    16  stm32f10x_rtc.o(i.RTC_WaitForLastTask)
    RTC_WaitForSynchro                       0x08004ed9   Thumb Code    30  stm32f10x_rtc.o(i.RTC_WaitForSynchro)
    Read_Icm20602_Data_Soft                  0x08004efd   Thumb Code   318  soft_iic.o(i.Read_Icm20602_Data_Soft)
    SDEnWideBus                              0x0800505d   Thumb Code   118  sdio_sdcard.o(i.SDEnWideBus)
    SDIO_Clock_Set                           0x080050dd   Thumb Code    22  sdio_sdcard.o(i.SDIO_Clock_Set)
    SDIO_IRQHandler                          0x080050f9   Thumb Code     8  sdio_sdcard.o(i.SDIO_IRQHandler)
    SDIO_Send_Cmd                            0x08005101   Thumb Code    58  sdio_sdcard.o(i.SDIO_Send_Cmd)
    SDIO_Send_Data_Cfg                       0x08005141   Thumb Code    68  sdio_sdcard.o(i.SDIO_Send_Data_Cfg)
    SD_DMA_Config                            0x08005189   Thumb Code   142  sdio_sdcard.o(i.SD_DMA_Config)
    SD_EnableWideBusOperation                0x08005221   Thumb Code    94  sdio_sdcard.o(i.SD_EnableWideBusOperation)
    SD_GetCardInfo                           0x08005289   Thumb Code   772  sdio_sdcard.o(i.SD_GetCardInfo)
    SD_Init                                  0x0800559d   Thumb Code   224  sdio_sdcard.o(i.SD_Init)
    SD_InitializeCards                       0x0800569d   Thumb Code   240  sdio_sdcard.o(i.SD_InitializeCards)
    SD_PowerON                               0x080057a1   Thumb Code   358  sdio_sdcard.o(i.SD_PowerON)
    SD_ProcessIRQSrc                         0x08005919   Thumb Code   310  sdio_sdcard.o(i.SD_ProcessIRQSrc)
    SD_ReadBlock                             0x08005a61   Thumb Code   488  sdio_sdcard.o(i.SD_ReadBlock)
    SD_ReadDisk                              0x08005c6d   Thumb Code   116  sdio_sdcard.o(i.SD_ReadDisk)
    SD_ReadMultiBlocks                       0x08005ce9   Thumb Code   566  sdio_sdcard.o(i.SD_ReadMultiBlocks)
    SD_SACN_Init                             0x08005f45   Thumb Code    46  exit.o(i.SD_SACN_Init)
    SD_SelectDeselect                        0x08005f79   Thumb Code    22  sdio_sdcard.o(i.SD_SelectDeselect)
    SD_SetDeviceMode                         0x08005f91   Thumb Code    20  sdio_sdcard.o(i.SD_SetDeviceMode)
    SD_WriteBlock                            0x08005fa9   Thumb Code   708  sdio_sdcard.o(i.SD_WriteBlock)
    SD_WriteDisk                             0x08006295   Thumb Code   116  sdio_sdcard.o(i.SD_WriteDisk)
    SD_WriteMultiBlocks                      0x08006311   Thumb Code   780  sdio_sdcard.o(i.SD_WriteMultiBlocks)
    SPI1_Init                                0x08006645   Thumb Code   108  spi1.o(i.SPI1_Init)
    SPI1_ReadWriteByte                       0x080066bd   Thumb Code    78  spi1.o(i.SPI1_ReadWriteByte)
    SPI1_SetSpeed                            0x08006711   Thumb Code    26  spi1.o(i.SPI1_SetSpeed)
    SPI_Cmd                                  0x08006735   Thumb Code    24  stm32f10x_spi.o(i.SPI_Cmd)
    SPI_I2S_GetFlagStatus                    0x0800674d   Thumb Code    18  stm32f10x_spi.o(i.SPI_I2S_GetFlagStatus)
    SPI_I2S_ReceiveData                      0x0800675f   Thumb Code     6  stm32f10x_spi.o(i.SPI_I2S_ReceiveData)
    SPI_I2S_SendData                         0x08006765   Thumb Code     4  stm32f10x_spi.o(i.SPI_I2S_SendData)
    SPI_Init                                 0x08006769   Thumb Code    60  stm32f10x_spi.o(i.SPI_Init)
    SRAM_DATA_Init                           0x080067a5   Thumb Code   168  sram_data.o(i.SRAM_DATA_Init)
    SVC_Handler                              0x08006879   Thumb Code     2  stm32f10x_it.o(i.SVC_Handler)
    SYS_START_Init                           0x0800687d   Thumb Code    82  sram_data.o(i.SYS_START_Init)
    SYS_Scan_TF_Err                          0x080068e9   Thumb Code   130  sram_data.o(i.SYS_Scan_TF_Err)
    Start_User_Timer                         0x08006a65   Thumb Code    36  soft_iic.o(i.Start_User_Timer)
    Stop_User_Timer                          0x08006a89   Thumb Code    36  soft_iic.o(i.Stop_User_Timer)
    SysTick_CLKSourceConfig                  0x08006aad   Thumb Code    40  misc.o(i.SysTick_CLKSourceConfig)
    SysTick_Handler                          0x08006ad5   Thumb Code     2  stm32f10x_it.o(i.SysTick_Handler)
    Sys_Soft_Reset                           0x08006ad9   Thumb Code     8  sys.o(i.Sys_Soft_Reset)
    SystemInit                               0x08006ae9   Thumb Code    78  system_stm32f10x.o(i.SystemInit)
    TIM2_IRQHandler                          0x08006b49   Thumb Code    30  exit.o(i.TIM2_IRQHandler)
    TIM3_Configuration                       0x08006b69   Thumb Code    58  soft_iic.o(i.TIM3_Configuration)
    TIM4_IRQHandler                          0x08006ba9   Thumb Code    90  exit.o(i.TIM4_IRQHandler)
    TIM_ClearFlag                            0x08006c19   Thumb Code     6  stm32f10x_tim.o(i.TIM_ClearFlag)
    TIM_Cmd                                  0x08006c1f   Thumb Code    24  stm32f10x_tim.o(i.TIM_Cmd)
    TIM_DeInit                               0x08006c39   Thumb Code   424  stm32f10x_tim.o(i.TIM_DeInit)
    TIM_GetCounter                           0x08006e21   Thumb Code     6  stm32f10x_tim.o(i.TIM_GetCounter)
    TIM_ITConfig                             0x08006e27   Thumb Code    18  stm32f10x_tim.o(i.TIM_ITConfig)
    TIM_TimeBaseInit                         0x08006e39   Thumb Code   122  stm32f10x_tim.o(i.TIM_TimeBaseInit)
    Task_Get_Imu_Attitude                    0x08006edd   Thumb Code   124  soft_iic.o(i.Task_Get_Imu_Attitude)
    Task_Get_Imu_Sensor_Data                 0x08006f7d   Thumb Code    16  soft_iic.o(i.Task_Get_Imu_Sensor_Data)
    Tim4_Init                                0x08006f95   Thumb Code   102  soft_iic.o(i.Tim4_Init)
    USART1_IRQHandler                        0x08007001   Thumb Code   118  usart1_dma.o(i.USART1_IRQHandler)
    USART1_RXD_DMA_CONFIG                    0x0800708d   Thumb Code   132  usart1_dma.o(i.USART1_RXD_DMA_CONFIG)
    USART1_RXD_DMA_Init                      0x08007119   Thumb Code    54  usart1_dma.o(i.USART1_RXD_DMA_Init)
    USART2_IRQHandler                        0x08007161   Thumb Code    80  usart1_dma.o(i.USART2_IRQHandler)
    USART2_SEND_Byte                         0x080071c1   Thumb Code    22  usart.o(i.USART2_SEND_Byte)
    USART_Cmd                                0x080071dd   Thumb Code    24  stm32f10x_usart.o(i.USART_Cmd)
    USART_DMACmd                             0x080071f5   Thumb Code    18  stm32f10x_usart.o(i.USART_DMACmd)
    USART_GetITStatus                        0x08007207   Thumb Code    84  stm32f10x_usart.o(i.USART_GetITStatus)
    USART_ITConfig                           0x0800725b   Thumb Code    74  stm32f10x_usart.o(i.USART_ITConfig)
    USART_Init                               0x080072a5   Thumb Code   210  stm32f10x_usart.o(i.USART_Init)
    Uart2_Init                               0x0800737d   Thumb Code   152  usart.o(i.Uart2_Init)
    Uart2_send_str                           0x0800741d   Thumb Code    28  usart.o(i.Uart2_send_str)
    Update_User_Timer_Cnt                    0x08007439   Thumb Code    90  soft_iic.o(i.Update_User_Timer_Cnt)
    UsageFault_Handler                       0x08007493   Thumb Code     4  stm32f10x_it.o(i.UsageFault_Handler)
    __ARM_fpclassify                         0x08007497   Thumb Code    40  fpclassify.o(i.__ARM_fpclassify)
    __ARM_fpclassifyf                        0x080074bf   Thumb Code    38  fpclassifyf.o(i.__ARM_fpclassifyf)
    __mathlib_flt_infnan                     0x080074e5   Thumb Code     6  funder.o(i.__mathlib_flt_infnan)
    __mathlib_flt_infnan2                    0x080074eb   Thumb Code     4  funder.o(i.__mathlib_flt_infnan2)
    __mathlib_flt_invalid                    0x080074ef   Thumb Code     8  funder.o(i.__mathlib_flt_invalid)
    __mathlib_flt_underflow                  0x080074f7   Thumb Code    10  funder.o(i.__mathlib_flt_underflow)
    _is_digit                                0x08007501   Thumb Code    14  __printf_wp.o(i._is_digit)
    _sys_exit                                0x0800750f   Thumb Code     6  usart.o(i._sys_exit)
    asinf                                    0x08007515   Thumb Code   254  asinf.o(i.asinf)
    atan2f                                   0x08007639   Thumb Code   528  atan2f.o(i.atan2f)
    clust2sect                               0x0800796b   Thumb Code    26  ff.o(i.clust2sect)
    convert_from_bytes_to_power_of_two       0x08007a15   Thumb Code    18  sdio_sdcard.o(i.convert_from_bytes_to_power_of_two)
    delay_init                               0x08007d6d   Thumb Code    50  delay.o(i.delay_init)
    delay_ms                                 0x08007db1   Thumb Code    72  delay.o(i.delay_ms)
    dir_sdi                                  0x0800817b   Thumb Code   158  ff.o(i.dir_sdi)
    disk_initialize                          0x08008219   Thumb Code    32  diskio.o(i.disk_initialize)
    disk_ioctl                               0x08008239   Thumb Code   102  diskio.o(i.disk_ioctl)
    disk_read                                0x080082a5   Thumb Code   104  diskio.o(i.disk_read)
    disk_status                              0x0800830d   Thumb Code     6  diskio.o(i.disk_status)
    disk_write                               0x08008313   Thumb Code   104  diskio.o(i.disk_write)
    exfuns_init                              0x0800837d   Thumb Code   106  exfuns.o(i.exfuns_init)
    f_close                                  0x080083f9   Thumb Code    32  ff.o(i.f_close)
    f_lseek                                  0x08008419   Thumb Code   684  ff.o(i.f_lseek)
    f_mkdir                                  0x080086c5   Thumb Code   380  ff.o(i.f_mkdir)
    f_mount                                  0x08008841   Thumb Code    86  ff.o(i.f_mount)
    f_open                                   0x0800889d   Thumb Code   384  ff.o(i.f_open)
    f_sync                                   0x08008a1d   Thumb Code   176  ff.o(i.f_sync)
    f_write                                  0x08008acd   Thumb Code   490  ff.o(i.f_write)
    ff_convert                               0x08008cb7   Thumb Code    10  mycc936.o(i.ff_convert)
    ff_memalloc                              0x08008cc1   Thumb Code    12  diskio.o(i.ff_memalloc)
    ff_memfree                               0x08008ccd   Thumb Code    12  diskio.o(i.ff_memfree)
    ff_wtoupper                              0x08008cd9   Thumb Code    46  mycc936.o(i.ff_wtoupper)
    get_fat                                  0x08009281   Thumb Code   242  ff.o(i.get_fat)
    get_fattime                              0x08009373   Thumb Code     4  diskio.o(i.get_fattime)
    invSqrt                                  0x080093c1   Thumb Code    72  soft_iic.o(i.invSqrt)
    laser_New_File                           0x0800940d   Thumb Code    62  txt.o(i.laser_New_File)
    main                                     0x080094a1   Thumb Code  1776  main.o(i.main)
    mem_free                                 0x08009c45   Thumb Code    66  malloc.o(i.mem_free)
    mem_init                                 0x08009c8d   Thumb Code    38  malloc.o(i.mem_init)
    mem_malloc                               0x08009cb9   Thumb Code   116  malloc.o(i.mem_malloc)
    mem_perused                              0x08009d31   Thumb Code    42  malloc.o(i.mem_perused)
    myfree                                   0x08009da9   Thumb Code    24  malloc.o(i.myfree)
    mymalloc                                 0x08009dc5   Thumb Code    28  malloc.o(i.mymalloc)
    mymemset                                 0x08009de5   Thumb Code    20  malloc.o(i.mymemset)
    oled_pow                                 0x08009df9   Thumb Code    22  oled_gui.o(i.oled_pow)
    put_fat                                  0x08009e0f   Thumb Code   322  ff.o(i.put_fat)
    sqrt                                     0x08009fbd   Thumb Code    76  sqrt.o(i.sqrt)
    sqrtf                                    0x0800a009   Thumb Code    44  sqrtf.o(i.sqrtf)
    _get_lc_numeric                          0x0800a1b5   Thumb Code    44  lc_numeric_c.o(locale$$code)
    __aeabi_d2f                              0x0800a1e1   Thumb Code     0  d2f.o(x$fpl$d2f)
    _d2f                                     0x0800a1e1   Thumb Code    98  d2f.o(x$fpl$d2f)
    __aeabi_dadd                             0x0800a245   Thumb Code     0  daddsub_clz.o(x$fpl$dadd)
    _dadd                                    0x0800a245   Thumb Code   332  daddsub_clz.o(x$fpl$dadd)
    __fpl_dcmp_Inf                           0x0800a395   Thumb Code    24  dcmpi.o(x$fpl$dcmpinf)
    __aeabi_ddiv                             0x0800a3ad   Thumb Code     0  ddiv.o(x$fpl$ddiv)
    _ddiv                                    0x0800a3ad   Thumb Code   552  ddiv.o(x$fpl$ddiv)
    __aeabi_cdcmple                          0x0800a65d   Thumb Code     0  dleqf.o(x$fpl$dleqf)
    _dcmple                                  0x0800a65d   Thumb Code   120  dleqf.o(x$fpl$dleqf)
    __fpl_dcmple_InfNaN                      0x0800a6bf   Thumb Code     0  dleqf.o(x$fpl$dleqf)
    __aeabi_dmul                             0x0800a6d5   Thumb Code     0  dmul.o(x$fpl$dmul)
    _dmul                                    0x0800a6d5   Thumb Code   332  dmul.o(x$fpl$dmul)
    __fpl_dnaninf                            0x0800a829   Thumb Code   156  dnaninf.o(x$fpl$dnaninf)
    __fpl_dretinf                            0x0800a8c5   Thumb Code    12  dretinf.o(x$fpl$dretinf)
    __aeabi_cdrcmple                         0x0800a8d1   Thumb Code     0  drleqf.o(x$fpl$drleqf)
    _drcmple                                 0x0800a8d1   Thumb Code   108  drleqf.o(x$fpl$drleqf)
    __aeabi_drsub                            0x0800a93d   Thumb Code     0  daddsub_clz.o(x$fpl$drsb)
    _drsb                                    0x0800a93d   Thumb Code    22  daddsub_clz.o(x$fpl$drsb)
    _dsqrt                                   0x0800a955   Thumb Code   456  dsqrt_noumaal.o(x$fpl$dsqrt)
    __aeabi_dsub                             0x0800ab21   Thumb Code     0  daddsub_clz.o(x$fpl$dsub)
    _dsub                                    0x0800ab21   Thumb Code   464  daddsub_clz.o(x$fpl$dsub)
    __aeabi_f2d                              0x0800acf5   Thumb Code     0  f2d.o(x$fpl$f2d)
    _f2d                                     0x0800acf5   Thumb Code    86  f2d.o(x$fpl$f2d)
    __aeabi_fadd                             0x0800ad4d   Thumb Code     0  faddsub_clz.o(x$fpl$fadd)
    _fadd                                    0x0800ad4d   Thumb Code   196  faddsub_clz.o(x$fpl$fadd)
    __fpl_fcheck_NaN1                        0x0800ae11   Thumb Code     6  fcheck1.o(x$fpl$fcheck1)
    __fpl_fcmp_Inf                           0x0800ae1d   Thumb Code    24  fcmpi.o(x$fpl$fcmpinf)
    __aeabi_fdiv                             0x0800ae35   Thumb Code     0  fdiv.o(x$fpl$fdiv)
    _fdiv                                    0x0800ae35   Thumb Code   384  fdiv.o(x$fpl$fdiv)
    __aeabi_i2f                              0x0800afb9   Thumb Code     0  fflt_clz.o(x$fpl$fflt)
    _fflt                                    0x0800afb9   Thumb Code    48  fflt_clz.o(x$fpl$fflt)
    __aeabi_ui2f                             0x0800afe9   Thumb Code     0  fflt_clz.o(x$fpl$ffltu)
    _ffltu                                   0x0800afe9   Thumb Code    38  fflt_clz.o(x$fpl$ffltu)
    __aeabi_cfcmple                          0x0800b011   Thumb Code     0  fleqf.o(x$fpl$fleqf)
    _fcmple                                  0x0800b011   Thumb Code   104  fleqf.o(x$fpl$fleqf)
    __fpl_fcmple_InfNaN                      0x0800b063   Thumb Code     0  fleqf.o(x$fpl$fleqf)
    __aeabi_fmul                             0x0800b079   Thumb Code     0  fmul.o(x$fpl$fmul)
    _fmul                                    0x0800b079   Thumb Code   258  fmul.o(x$fpl$fmul)
    __fpl_fnaninf                            0x0800b17b   Thumb Code   140  fnaninf.o(x$fpl$fnaninf)
    __fpl_fretinf                            0x0800b207   Thumb Code    10  fretinf.o(x$fpl$fretinf)
    __aeabi_cfrcmple                         0x0800b211   Thumb Code     0  frleqf.o(x$fpl$frleqf)
    _frcmple                                 0x0800b211   Thumb Code    98  frleqf.o(x$fpl$frleqf)
    __aeabi_frsub                            0x0800b273   Thumb Code     0  faddsub_clz.o(x$fpl$frsb)
    _frsb                                    0x0800b273   Thumb Code    20  faddsub_clz.o(x$fpl$frsb)
    _fsqrt                                   0x0800b289   Thumb Code   272  fsqrt.o(x$fpl$fsqrt)
    __aeabi_fsub                             0x0800b399   Thumb Code     0  faddsub_clz.o(x$fpl$fsub)
    _fsub                                    0x0800b399   Thumb Code   234  faddsub_clz.o(x$fpl$fsub)
    _printf_fp_dec                           0x0800b483   Thumb Code     4  printf1.o(x$fpl$printf1)
    __fpl_return_NaN                         0x0800b487   Thumb Code   100  retnan.o(x$fpl$retnan)
    __ARM_scalbnf                            0x0800b4eb   Thumb Code    76  scalbnf.o(x$fpl$scalbnf)
    __fpl_cmpreturn                          0x0800b537   Thumb Code    48  trapv.o(x$fpl$trapveneer)
    JG_Buffer                                0x0800b566   Data           8  main.o(.constdata)
    __I$use$fp                               0x0800b566   Number         0  usenofp.o(x$fpl$usenofp)
    table_week                               0x0800b56e   Data          12  rtc.o(.constdata)
    mon_table                                0x0800b57a   Data          12  rtc.o(.constdata)
    movie_data                               0x0800b586   Data       18432  m_data.o(.constdata)
    GPS_Cartoon                              0x0800fd86   Data        4096  m_data.o(.constdata)
    OLED_F6X8                                0x08010d86   Data         552  oled_gui.o(.constdata)
    OLED_F8X16                               0x08010fae   Data        1520  oled_gui.o(.constdata)
    Region$$Table$$Base                      0x08011aac   Number         0  anon$$obj.o(Region$$Table)
    Region$$Table$$Limit                     0x08011acc   Number         0  anon$$obj.o(Region$$Table)
    i2c_start_cnt                            0x2000000c   Data           2  main.o(.data)
    i2c_end_cnt                              0x2000000e   Data           2  main.o(.data)
    i2c_period                               0x20000010   Data           4  main.o(.data)
    main_while_period                        0x20000014   Data           4  main.o(.data)
    ul_main_while_last_micros                0x20000018   Data           4  main.o(.data)
    Calendar_LED                             0x20000028   Data           2  exit.o(.data)
    CAMM_IO_TIME_Nuber                       0x2000002a   Data           1  exit.o(.data)
    ICM20602_TIM4_FLAG                       0x2000002b   Data           1  exit.o(.data)
    ICM20602_CNT                             0x2000002c   Data           2  exit.o(.data)
    JG_CEJU_CNT                              0x2000002e   Data           2  exit.o(.data)
    Jg_CeJu_Flag                             0x20000030   Data           1  exit.o(.data)
    Write_Counter                            0x20000034   Data           4  play_data.o(.data)
    Write_Counter_CAMM                       0x20000038   Data           4  play_data.o(.data)
    Config_Counter                           0x2000003c   Data           2  play_data.o(.data)
    RTC_Config_ERR                           0x2000003e   Data           2  play_data.o(.data)
    SYS_TIMER_STA                            0x20000040   Data           1  play_data.o(.data)
    PLAY_DATE                                0x20000044   Data          24  play_data.o(.data)
    Tim3_1ms_Counter                         0x2000005c   Data           2  rtc.o(.data)
    TransferError                            0x2000006e   Data           1  sdio_sdcard.o(.data)
    TransferEnd                              0x2000006f   Data           1  sdio_sdcard.o(.data)
    Folder_Name                              0x20000070   Data           4  sram_data.o(.data)
    Moving_Station_File_Name                 0x20000074   Data           4  sram_data.o(.data)
    Aerial_Point_File_Name                   0x20000078   Data           4  sram_data.o(.data)
    Icm20602_File_Name                       0x2000007c   Data           4  sram_data.o(.data)
    laser_File_Name                          0x20000080   Data           4  sram_data.o(.data)
    Write_Buff                               0x20000084   Data           4  sram_data.o(.data)
    Write_Zt_Buff                            0x20000088   Data           4  sram_data.o(.data)
    Write_Jg_Buff                            0x2000008c   Data           4  sram_data.o(.data)
    GPS_TIME                                 0x20000090   Data           4  sram_data.o(.data)
    UTC_TIME                                 0x20000094   Data           4  sram_data.o(.data)
    RX_BUF_FIFO                              0x20000098   Data           4  sram_data.o(.data)
    GPS_BUF                                  0x2000009c   Data           4  sram_data.o(.data)
    UTC_BUF                                  0x200000a0   Data           4  sram_data.o(.data)
    TIME_FIFO                                0x200000a4   Data           4  sram_data.o(.data)
    SD_Res_STA                               0x200000a8   Data           1  sram_data.o(.data)
    RTC_ADJUS                                0x200000a9   Data           1  sram_data.o(.data)
    RX_DMA_BUFF0                             0x200000ac   Data           4  sram_data.o(.data)
    RX_DMA_BUFF1                             0x200000b0   Data           4  sram_data.o(.data)
    RX_DMA_STA                               0x200000b4   Data           1  sram_data.o(.data)
    DATA_CNT                                 0x200000b5   Data           1  usart1_dma.o(.data)
    DISTANCE_BUF_TO_SD                       0x200000b6   Data           1  usart1_dma.o(.data)
    buff_len                                 0x200000b7   Data           1  usart1_dma.o(.data)
    f_sensor_gyro_offset_data_array          0x200000c4   Data          12  soft_iic.o(.data)
    f_sensor_acc_offset_data_array           0x200000d0   Data          12  soft_iic.o(.data)
    f_sensor_acc_scale_data_array            0x200000dc   Data          12  soft_iic.o(.data)
    f_quad_detection_array                   0x200000e8   Data          16  soft_iic.o(.data)
    f_quat_x_right_array                     0x200000f8   Data          16  soft_iic.o(.data)
    f_quat_x_front_array                     0x20000108   Data          16  soft_iic.o(.data)
    quad_kp                                  0x20000118   Data           4  soft_iic.o(.data)
    quad_ki                                  0x2000011c   Data           4  soft_iic.o(.data)
    en_ahrs_init_flag                        0x20000120   Data           1  soft_iic.o(.data)
    acc_correction_gain                      0x20000124   Data           4  soft_iic.o(.data)
    acc_correction_gain_thr                  0x20000128   Data           4  soft_iic.o(.data)
    uw_i2c_bus_err_cnt                       0x2000012c   Data           2  soft_iic.o(.data)
    uc_icm20602_reg_value_fdb_p              0x2000012e   Data           1  soft_iic.o(.data)
    f_icm20602_temp                          0x20000130   Data           4  soft_iic.o(.data)
    ex_int_x_right                           0x20000134   Data           4  soft_iic.o(.data)
    ey_int_x_right                           0x20000138   Data           4  soft_iic.o(.data)
    ez_int_x_right                           0x2000013c   Data           4  soft_iic.o(.data)
    err_int_flt_flag                         0x20000140   Data           1  soft_iic.o(.data)
    uc_err_int_flt_index                     0x20000141   Data           1  soft_iic.o(.data)
    uc_err_int_flt_num                       0x20000142   Data           1  soft_iic.o(.data)
    ul_gyro_err_cnt                          0x20000144   Data           4  soft_iic.o(.data)
    i                                        0x20000148   Data           4  soft_iic.o(.data)
    f_gimbal_ahrs_update_period              0x2000014c   Data           4  soft_iic.o(.data)
    SystemCoreClock                          0x20000168   Data           4  system_stm32f10x.o(.data)
    AHBPrescTable                            0x2000016c   Data          16  system_stm32f10x.o(.data)
    fs                                       0x20000194   Data           8  exfuns.o(.data)
    file                                     0x2000019c   Data           4  exfuns.o(.data)
    ftemp                                    0x200001a0   Data           4  exfuns.o(.data)
    br                                       0x200001a4   Data           4  exfuns.o(.data)
    bw                                       0x200001a8   Data           4  exfuns.o(.data)
    fatbuf                                   0x200001ac   Data           4  exfuns.o(.data)
    mallco_dev                               0x200001bc   Data          20  malloc.o(.data)
    Cam_Save_time                            0x200001d0   Data          12  exit.o(.bss)
    Cam_WRITE_time                           0x200001dc   Data          12  rtc.o(.bss)
    calendar                                 0x200001e8   Data          12  rtc.o(.bss)
    SDCardInfo                               0x20000218   Data          88  sdio_sdcard.o(.bss)
    SDIO_DATA_BUFFER                         0x20000270   Data         512  sdio_sdcard.o(.bss)
    DISTANCE_BUF                             0x20000470   Data          21  usart1_dma.o(.bss)
    f_rot_matrix_detection_array             0x20000488   Data          36  soft_iic.o(.bss)
    f_sensor_gyro_raw_data_array             0x200004ac   Data          12  soft_iic.o(.bss)
    f_sensor_acc_raw_data_array              0x200004b8   Data          12  soft_iic.o(.bss)
    f_sensor_gyro_cal_data_array             0x200004c4   Data          12  soft_iic.o(.bss)
    f_sensor_gyro_flt_data_array             0x200004d0   Data          12  soft_iic.o(.bss)
    f_sensor_acc_cal_data_array              0x200004dc   Data          12  soft_iic.o(.bss)
    f_sensor_acc_flt_data_array              0x200004e8   Data          12  soft_iic.o(.bss)
    f_quat_array                             0x200004f4   Data          16  soft_iic.o(.bss)
    f_euler_x_right_array                    0x20000504   Data          12  soft_iic.o(.bss)
    f_euler_x_front_array                    0x20000510   Data          12  soft_iic.o(.bss)
    f_euler_array                            0x2000051c   Data          12  soft_iic.o(.bss)
    f_gimbal_gyro_data_array                 0x20000528   Data          12  soft_iic.o(.bss)
    f_gimbal_acc_data_array                  0x20000534   Data          12  soft_iic.o(.bss)
    uc_icm20602_data_p                       0x20000540   Data          14  soft_iic.o(.bss)
    err_int_x_right                          0x20000550   Data          12  soft_iic.o(.bss)
    err_int_x_right_flt                      0x2000055c   Data          12  soft_iic.o(.bss)
    OLED_GRAM                                0x2000058c   Data        1024  oled.o(.bss)
    SPI_InitStructure                        0x2000098c   Data          18  spi1.o(.bss)
    membase                                  0x200009a0   Data       35840  malloc.o(.bss)
    memmapbase                               0x200095a0   Data        2240  malloc.o(.bss)
    __libspace_start                         0x20009e60   Data          96  libspace.o(.bss)
    __temporary_stack_top$libspace           0x20009ec0   Data           0  libspace.o(.bss)



==============================================================================

Memory Map of the image

  Image Entry point : 0x08000131

  Load Region LR_IROM1 (Base: 0x08000000, Size: 0x00011cb8, Max: 0x00038000, ABSOLUTE, COMPRESSED[0x00011b64])

    Execution Region ER_IROM1 (Base: 0x08000000, Size: 0x00011ae8, Max: 0x00038000, ABSOLUTE)

    Base Addr    Size         Type   Attr      Idx    E Section Name        Object

    0x08000000   0x00000130   Data   RO         1385    RESET               startup_stm32f10x_hd.o
    0x08000130   0x00000008   Code   RO         5931  * !!!main             c_w.l(__main.o)
    0x08000138   0x00000034   Code   RO         6350    !!!scatter          c_w.l(__scatter.o)
    0x0800016c   0x0000005a   Code   RO         6348    !!dczerorl2         c_w.l(__dczerorl2.o)
    0x080001c6   0x00000002   PAD
    0x080001c8   0x0000001c   Code   RO         6352    !!handler_zi        c_w.l(__scatter_zi.o)
    0x080001e4   0x00000000   Code   RO         5916    .ARM.Collect$$_printf_percent$$00000000  c_w.l(_printf_percent.o)
    0x080001e4   0x00000006   Code   RO         5915    .ARM.Collect$$_printf_percent$$00000003  c_w.l(_printf_f.o)
    0x080001ea   0x00000006   Code   RO         5914    .ARM.Collect$$_printf_percent$$00000009  c_w.l(_printf_d.o)
    0x080001f0   0x00000006   Code   RO         5913    .ARM.Collect$$_printf_percent$$0000000C  c_w.l(_printf_x.o)
    0x080001f6   0x00000006   Code   RO         5912    .ARM.Collect$$_printf_percent$$00000014  c_w.l(_printf_s.o)
    0x080001fc   0x00000004   Code   RO         6048    .ARM.Collect$$_printf_percent$$00000017  c_w.l(_printf_percent_end.o)
    0x08000200   0x00000002   Code   RO         6215    .ARM.Collect$$libinit$$00000000  c_w.l(libinit.o)
    0x08000202   0x00000000   Code   RO         6217    .ARM.Collect$$libinit$$00000002  c_w.l(libinit2.o)
    0x08000202   0x00000000   Code   RO         6219    .ARM.Collect$$libinit$$00000004  c_w.l(libinit2.o)
    0x08000202   0x00000000   Code   RO         6222    .ARM.Collect$$libinit$$0000000A  c_w.l(libinit2.o)
    0x08000202   0x00000000   Code   RO         6224    .ARM.Collect$$libinit$$0000000C  c_w.l(libinit2.o)
    0x08000202   0x00000000   Code   RO         6226    .ARM.Collect$$libinit$$0000000E  c_w.l(libinit2.o)
    0x08000202   0x00000006   Code   RO         6227    .ARM.Collect$$libinit$$0000000F  c_w.l(libinit2.o)
    0x08000208   0x00000000   Code   RO         6229    .ARM.Collect$$libinit$$00000011  c_w.l(libinit2.o)
    0x08000208   0x00000000   Code   RO         6231    .ARM.Collect$$libinit$$00000013  c_w.l(libinit2.o)
    0x08000208   0x00000000   Code   RO         6233    .ARM.Collect$$libinit$$00000015  c_w.l(libinit2.o)
    0x08000208   0x0000000a   Code   RO         6234    .ARM.Collect$$libinit$$00000016  c_w.l(libinit2.o)
    0x08000212   0x00000000   Code   RO         6235    .ARM.Collect$$libinit$$00000017  c_w.l(libinit2.o)
    0x08000212   0x00000000   Code   RO         6237    .ARM.Collect$$libinit$$00000019  c_w.l(libinit2.o)
    0x08000212   0x00000000   Code   RO         6239    .ARM.Collect$$libinit$$0000001B  c_w.l(libinit2.o)
    0x08000212   0x00000000   Code   RO         6241    .ARM.Collect$$libinit$$0000001D  c_w.l(libinit2.o)
    0x08000212   0x00000000   Code   RO         6243    .ARM.Collect$$libinit$$0000001F  c_w.l(libinit2.o)
    0x08000212   0x00000000   Code   RO         6245    .ARM.Collect$$libinit$$00000021  c_w.l(libinit2.o)
    0x08000212   0x00000000   Code   RO         6247    .ARM.Collect$$libinit$$00000023  c_w.l(libinit2.o)
    0x08000212   0x00000000   Code   RO         6249    .ARM.Collect$$libinit$$00000025  c_w.l(libinit2.o)
    0x08000212   0x00000000   Code   RO         6253    .ARM.Collect$$libinit$$0000002C  c_w.l(libinit2.o)
    0x08000212   0x00000000   Code   RO         6255    .ARM.Collect$$libinit$$0000002E  c_w.l(libinit2.o)
    0x08000212   0x00000000   Code   RO         6257    .ARM.Collect$$libinit$$00000030  c_w.l(libinit2.o)
    0x08000212   0x00000000   Code   RO         6259    .ARM.Collect$$libinit$$00000032  c_w.l(libinit2.o)
    0x08000212   0x00000002   Code   RO         6260    .ARM.Collect$$libinit$$00000033  c_w.l(libinit2.o)
    0x08000214   0x00000002   Code   RO         6308    .ARM.Collect$$libshutdown$$00000000  c_w.l(libshutdown.o)
    0x08000216   0x00000000   Code   RO         6317    .ARM.Collect$$libshutdown$$00000002  c_w.l(libshutdown2.o)
    0x08000216   0x00000000   Code   RO         6319    .ARM.Collect$$libshutdown$$00000004  c_w.l(libshutdown2.o)
    0x08000216   0x00000000   Code   RO         6322    .ARM.Collect$$libshutdown$$00000007  c_w.l(libshutdown2.o)
    0x08000216   0x00000000   Code   RO         6325    .ARM.Collect$$libshutdown$$0000000A  c_w.l(libshutdown2.o)
    0x08000216   0x00000000   Code   RO         6327    .ARM.Collect$$libshutdown$$0000000C  c_w.l(libshutdown2.o)
    0x08000216   0x00000000   Code   RO         6330    .ARM.Collect$$libshutdown$$0000000F  c_w.l(libshutdown2.o)
    0x08000216   0x00000002   Code   RO         6331    .ARM.Collect$$libshutdown$$00000010  c_w.l(libshutdown2.o)
    0x08000218   0x00000000   Code   RO         6033    .ARM.Collect$$rtentry$$00000000  c_w.l(__rtentry.o)
    0x08000218   0x00000000   Code   RO         6121    .ARM.Collect$$rtentry$$00000002  c_w.l(__rtentry2.o)
    0x08000218   0x00000006   Code   RO         6133    .ARM.Collect$$rtentry$$00000004  c_w.l(__rtentry4.o)
    0x0800021e   0x00000000   Code   RO         6123    .ARM.Collect$$rtentry$$00000009  c_w.l(__rtentry2.o)
    0x0800021e   0x00000004   Code   RO         6124    .ARM.Collect$$rtentry$$0000000A  c_w.l(__rtentry2.o)
    0x08000222   0x00000000   Code   RO         6126    .ARM.Collect$$rtentry$$0000000C  c_w.l(__rtentry2.o)
    0x08000222   0x00000008   Code   RO         6127    .ARM.Collect$$rtentry$$0000000D  c_w.l(__rtentry2.o)
    0x0800022a   0x00000002   Code   RO         6265    .ARM.Collect$$rtexit$$00000000  c_w.l(rtexit.o)
    0x0800022c   0x00000000   Code   RO         6278    .ARM.Collect$$rtexit$$00000002  c_w.l(rtexit2.o)
    0x0800022c   0x00000004   Code   RO         6279    .ARM.Collect$$rtexit$$00000003  c_w.l(rtexit2.o)
    0x08000230   0x00000006   Code   RO         6280    .ARM.Collect$$rtexit$$00000004  c_w.l(rtexit2.o)
    0x08000236   0x00000002   PAD
    0x08000238   0x00000040   Code   RO         1386    .text               startup_stm32f10x_hd.o
    0x08000278   0x00000002   Code   RO         5855    .text               c_w.l(use_no_semi_2.o)
    0x0800027a   0x00000048   Code   RO         5857    .text               c_w.l(llsdiv.o)
    0x080002c2   0x00000002   PAD
    0x080002c4   0x00000028   Code   RO         5861    .text               c_w.l(noretval__2sprintf.o)
    0x080002ec   0x0000004e   Code   RO         5865    .text               c_w.l(_printf_pad.o)
    0x0800033a   0x00000052   Code   RO         5867    .text               c_w.l(_printf_str.o)
    0x0800038c   0x00000078   Code   RO         5869    .text               c_w.l(_printf_dec.o)
    0x08000404   0x00000058   Code   RO         5874    .text               c_w.l(_printf_hex_int.o)
    0x0800045c   0x00000138   Code   RO         5904    .text               c_w.l(__printf_flags_wp.o)
    0x08000594   0x0000003e   Code   RO         5921    .text               c_w.l(strlen.o)
    0x080005d2   0x0000008a   Code   RO         5923    .text               c_w.l(rt_memcpy_v6.o)
    0x0800065c   0x00000080   Code   RO         5927    .text               c_w.l(strcmpv7m.o)
    0x080006dc   0x00000006   Code   RO         5929    .text               c_w.l(heapauxi.o)
    0x080006e2   0x00000002   Code   RO         6031    .text               c_w.l(use_no_semi.o)
    0x080006e4   0x000000ee   Code   RO         6034    .text               c_w.l(lludivv7m.o)
    0x080007d2   0x00000016   Code   RO         6036    .text               c_w.l(_rserrno.o)
    0x080007e8   0x000000b2   Code   RO         6038    .text               c_w.l(_printf_intcommon.o)
    0x0800089a   0x0000041a   Code   RO         6040    .text               c_w.l(_printf_fp_dec.o)
    0x08000cb4   0x00000030   Code   RO         6042    .text               c_w.l(_printf_char_common.o)
    0x08000ce4   0x0000000a   Code   RO         6044    .text               c_w.l(_sputc.o)
    0x08000cee   0x0000002c   Code   RO         6046    .text               c_w.l(_printf_char.o)
    0x08000d1a   0x00000064   Code   RO         6049    .text               c_w.l(rt_memcpy_w.o)
    0x08000d7e   0x00000002   PAD
    0x08000d80   0x00000008   Code   RO         6142    .text               c_w.l(rt_locale_intlibspace.o)
    0x08000d88   0x00000008   Code   RO         6147    .text               c_w.l(rt_errno_addr_intlibspace.o)
    0x08000d90   0x0000008a   Code   RO         6149    .text               c_w.l(lludiv10.o)
    0x08000e1a   0x00000002   PAD
    0x08000e1c   0x00000080   Code   RO         6151    .text               c_w.l(_printf_fp_infnan.o)
    0x08000e9c   0x000000dc   Code   RO         6155    .text               c_w.l(bigflt0.o)
    0x08000f78   0x00000008   Code   RO         6201    .text               c_w.l(libspace.o)
    0x08000f80   0x0000004a   Code   RO         6204    .text               c_w.l(sys_stackheap_outer.o)
    0x08000fca   0x00000012   Code   RO         6208    .text               c_w.l(exit.o)
    0x08000fdc   0x0000003e   Code   RO         6158    CL$$btod_d2e        c_w.l(btod.o)
    0x0800101a   0x00000046   Code   RO         6160    CL$$btod_d2e_denorm_low  c_w.l(btod.o)
    0x08001060   0x00000060   Code   RO         6159    CL$$btod_d2e_norm_op1  c_w.l(btod.o)
    0x080010c0   0x00000338   Code   RO         6168    CL$$btod_div_common  c_w.l(btod.o)
    0x080013f8   0x000000c6   Code   RO         6165    CL$$btod_e2e        c_w.l(btod.o)
    0x080014be   0x00000028   Code   RO         6162    CL$$btod_ediv       c_w.l(btod.o)
    0x080014e6   0x00000028   Code   RO         6161    CL$$btod_emul       c_w.l(btod.o)
    0x0800150e   0x00000244   Code   RO         6167    CL$$btod_mult_common  c_w.l(btod.o)
    0x08001752   0x00000002   PAD
    0x08001754   0x000000e4   Code   RO         1160    i.Acc_Data_Fliter   soft_iic.o
    0x08001838   0x00000588   Code   RO         1161    i.Ahrs_Update_Detection  soft_iic.o
    0x08001dc0   0x00000664   Code   RO         1162    i.Ahrs_Update_X_Right  soft_iic.o
    0x08002424   0x00000078   Code   RO         1073    i.Base_Station_New_File  txt.o
    0x0800249c   0x00000024   Code   RO         1163    i.BondFloat_Ahrs    soft_iic.o
    0x080024c0   0x00000004   Code   RO         1891    i.BusFault_Handler  stm32f10x_it.o
    0x080024c4   0x000000d4   Code   RO         1164    i.Cal_Filter_Sensor_Data  soft_iic.o
    0x08002598   0x00000124   Code   RO          787    i.Cal_RTC_Get       rtc.o
    0x080026bc   0x0000006c   Code   RO          283    i.Calendar_LED_TAsk  exit.o
    0x08002728   0x0000000c   Code   RO          230    i.Cam_FIFO_CLR      cam_fifo.o
    0x08002734   0x00000034   Code   RO          849    i.CmdError          sdio_sdcard.o
    0x08002768   0x00000058   Code   RO          850    i.CmdResp1Error     sdio_sdcard.o
    0x080027c0   0x0000005c   Code   RO          851    i.CmdResp2Error     sdio_sdcard.o
    0x0800281c   0x00000038   Code   RO          852    i.CmdResp3Error     sdio_sdcard.o
    0x08002854   0x00000094   Code   RO          853    i.CmdResp6Error     sdio_sdcard.o
    0x080028e8   0x00000054   Code   RO          854    i.CmdResp7Error     sdio_sdcard.o
    0x0800293c   0x000000d8   Code   RO         1114    i.DMA1_Channel5_IRQHandler  usart1_dma.o
    0x08002a14   0x0000001c   Code   RO         2710    i.DMA_ClearFlag     stm32f10x_dma.o
    0x08002a30   0x00000018   Code   RO         2712    i.DMA_Cmd           stm32f10x_dma.o
    0x08002a48   0x0000014c   Code   RO         2713    i.DMA_DeInit        stm32f10x_dma.o
    0x08002b94   0x00000024   Code   RO         1115    i.DMA_FIFO_CONFIG   usart1_dma.o
    0x08002bb8   0x0000002c   Code   RO         2715    i.DMA_GetFlagStatus  stm32f10x_dma.o
    0x08002be4   0x00000012   Code   RO         2717    i.DMA_ITConfig      stm32f10x_dma.o
    0x08002bf6   0x0000003c   Code   RO         2718    i.DMA_Init          stm32f10x_dma.o
    0x08002c32   0x00000002   Code   RO         1892    i.DebugMon_Handler  stm32f10x_it.o
    0x08002c34   0x0000007c   Code   RO          284    i.EXTI1_IRQHandler  exit.o
    0x08002cb0   0x0000000c   Code   RO         2783    i.EXTI_ClearITPendingBit  stm32f10x_exti.o
    0x08002cbc   0x00000008   Code   RO          681    i.FIFO_BUF_Valid_NUM  my_fifo.o
    0x08002cc4   0x00000012   Code   RO          682    i.FIFO_CLR_BUF      my_fifo.o
    0x08002cd6   0x0000002c   Code   RO          691    i.FIFO_WRITE_BYTE_NO  my_fifo.o
    0x08002d02   0x00000020   Code   RO          692    i.FIFO_WRITE_Byte   my_fifo.o
    0x08002d22   0x00000002   PAD
    0x08002d24   0x00000150   Code   RO          855    i.FindSCR           sdio_sdcard.o
    0x08002e74   0x00000116   Code   RO         3136    i.GPIO_Init         stm32f10x_gpio.o
    0x08002f8a   0x00000012   Code   RO         3140    i.GPIO_ReadInputDataBit  stm32f10x_gpio.o
    0x08002f9c   0x00000004   Code   RO         3143    i.GPIO_ResetBits    stm32f10x_gpio.o
    0x08002fa0   0x00000004   Code   RO         3144    i.GPIO_SetBits      stm32f10x_gpio.o
    0x08002fa4   0x00000006   Code   RO          472    i.GPS_BUF_RETURN    gps_date.o
    0x08002faa   0x00000042   Code   RO          473    i.GPS_BUF_TIME_Adjust  gps_date.o
    0x08002fec   0x000000ec   Code   RO          474    i.GPS_BUF_TIME_Adjust_Task  gps_date.o
    0x080030d8   0x00000006   Code   RO          475    i.GPS_BUF_Valid_NUM  gps_date.o
    0x080030de   0x0000000e   Code   RO          476    i.GPS_BUF_clear_Init  gps_date.o
    0x080030ec   0x000000a4   Code   RO          477    i.GPS_TIME_AMEND    gps_date.o
    0x08003190   0x0000001c   Code   RO          478    i.GPS_TIME_Adjust   gps_date.o
    0x080031ac   0x00000024   Code   RO          479    i.GPS_W_BUF_Byte    gps_date.o
    0x080031d0   0x00000050   Code   RO         1165    i.Get_Function_Period  soft_iic.o
    0x08003220   0x000002b8   Code   RO         1166    i.Gimbal_Ahrs_Update  soft_iic.o
    0x080034d8   0x0000000e   Code   RO         1167    i.Gyro_Data_Fliter  soft_iic.o
    0x080034e6   0x00000002   PAD
    0x080034e8   0x0000000c   Code   RO         1168    i.HAL_GetTick       soft_iic.o
    0x080034f4   0x00000010   Code   RO         1169    i.HAL_IncTick       soft_iic.o
    0x08003504   0x00000004   Code   RO         1893    i.HardFault_Handler  stm32f10x_it.o
    0x08003508   0x0000000a   Code   RO         1171    i.I2C_Delay         soft_iic.o
    0x08003512   0x0000005a   Code   RO         1172    i.I2C_Read_Multi_Reg  soft_iic.o
    0x0800356c   0x00000064   Code   RO         1174    i.I2C_ReceiveByte_NoACK  soft_iic.o
    0x080035d0   0x00000064   Code   RO         1175    i.I2C_ReceiveByte_WithACK  soft_iic.o
    0x08003634   0x0000006c   Code   RO         1176    i.I2C_START         soft_iic.o
    0x080036a0   0x00000038   Code   RO         1177    i.I2C_STOP          soft_iic.o
    0x080036d8   0x00000038   Code   RO         1178    i.I2C_SendACK       soft_iic.o
    0x08003710   0x000000ac   Code   RO         1179    i.I2C_SendByte      soft_iic.o
    0x080037bc   0x00000038   Code   RO         1180    i.I2C_SendNACK      soft_iic.o
    0x080037f4   0x00000074   Code   RO         1074    i.Icm20602_New_File  txt.o
    0x08003868   0x00000090   Code   RO          856    i.IsCardProgramming  sdio_sdcard.o
    0x080038f8   0x0000003a   Code   RO          788    i.Is_Leap_Year      rtc.o
    0x08003932   0x00000002   PAD
    0x08003934   0x00000048   Code   RO          669    i.LED_Init          led.o
    0x0800397c   0x00000136   Code   RO          481    i.MY_NMEA_TIMEA_Analysis  gps_date.o
    0x08003ab2   0x00000002   PAD
    0x08003ab4   0x00000028   Code   RO         4983    i.MY_NVIC_PriorityGroupConfig  sys.o
    0x08003adc   0x00000004   Code   RO         1894    i.MemManage_Handler  stm32f10x_it.o
    0x08003ae0   0x00000072   Code   RO         1623    i.Movie_Show_BMP    oled_gui.o
    0x08003b52   0x00000002   PAD
    0x08003b54   0x00000014   Code   RO         1624    i.Movie_Show_Img    oled_gui.o
    0x08003b68   0x00000032   Code   RO          391    i.NMEA_Comma_Pos    gps.o
    0x08003b9a   0x00000016   Code   RO          398    i.NMEA_Pow          gps.o
    0x08003bb0   0x000000ea   Code   RO          399    i.NMEA_Str2num      gps.o
    0x08003c9a   0x00000002   Code   RO         1895    i.NMI_Handler       stm32f10x_it.o
    0x08003c9c   0x0000000a   Code   RO         4985    i.NVIC_Configuration  sys.o
    0x08003ca6   0x00000002   PAD
    0x08003ca8   0x00000070   Code   RO         1985    i.NVIC_Init         misc.o
    0x08003d18   0x00000054   Code   RO         1076    i.New_Folder        txt.o
    0x08003d6c   0x00000028   Code   RO         1402    i.OLED_BUF_Clear    oled.o
    0x08003d94   0x0000000c   Code   RO         1403    i.OLED_Clear        oled.o
    0x08003da0   0x0000008c   Code   RO         1406    i.OLED_DrawPoint    oled.o
    0x08003e2c   0x0000003c   Code   RO         1408    i.OLED_Gram_Inverse  oled.o
    0x08003e68   0x00000038   Code   RO         1409    i.OLED_Gram_Update  oled.o
    0x08003ea0   0x0000015c   Code   RO         1410    i.OLED_Init         oled.o
    0x08003ffc   0x000000c4   Code   RO         1411    i.OLED_Init_Only    oled.o
    0x080040c0   0x000000b4   Code   RO         1412    i.OLED_SHOW_GRAM    oled.o
    0x08004174   0x0000002e   Code   RO         1413    i.OLED_Set_Pos      oled.o
    0x080041a2   0x00000002   PAD
    0x080041a4   0x00000188   Code   RO         1631    i.OLED_ShowChar     oled_gui.o
    0x0800432c   0x00000100   Code   RO         1632    i.OLED_ShowNum      oled_gui.o
    0x0800442c   0x000000b2   Code   RO         1633    i.OLED_ShowString   oled_gui.o
    0x080044de   0x00000002   PAD
    0x080044e0   0x00000040   Code   RO         1414    i.OLED_WR_Byte      oled.o
    0x08004520   0x000001c4   Code   RO          757    i.PLAY_DATE_Init    play_data.o
    0x080046e4   0x00000228   Code   RO          758    i.PLAY_DATE_TASK    play_data.o
    0x0800490c   0x0000000c   Code   RO         3490    i.PWR_BackupAccessCmd  stm32f10x_pwr.o
    0x08004918   0x00000002   Code   RO         1896    i.PendSV_Handler    stm32f10x_it.o
    0x0800491a   0x00000002   PAD
    0x0800491c   0x00000020   Code   RO         3551    i.RCC_AHBPeriphClockCmd  stm32f10x_rcc.o
    0x0800493c   0x00000020   Code   RO         3552    i.RCC_APB1PeriphClockCmd  stm32f10x_rcc.o
    0x0800495c   0x00000020   Code   RO         3553    i.RCC_APB1PeriphResetCmd  stm32f10x_rcc.o
    0x0800497c   0x00000020   Code   RO         3554    i.RCC_APB2PeriphClockCmd  stm32f10x_rcc.o
    0x0800499c   0x00000020   Code   RO         3555    i.RCC_APB2PeriphResetCmd  stm32f10x_rcc.o
    0x080049bc   0x000000d4   Code   RO         3562    i.RCC_GetClocksFreq  stm32f10x_rcc.o
    0x08004a90   0x0000003c   Code   RO         3563    i.RCC_GetFlagStatus  stm32f10x_rcc.o
    0x08004acc   0x00000034   Code   RO         3570    i.RCC_LSEConfig     stm32f10x_rcc.o
    0x08004b00   0x0000000c   Code   RO         3577    i.RCC_RTCCLKCmd     stm32f10x_rcc.o
    0x08004b0c   0x00000010   Code   RO         3578    i.RCC_RTCCLKConfig  stm32f10x_rcc.o
    0x08004b1c   0x0000002a   Code   RO          286    i.RETURN_OneSelf_TYP  exit.o
    0x08004b46   0x00000002   PAD
    0x08004b48   0x00000010   Code   RO         3751    i.RTC_ClearITPendingBit  stm32f10x_rtc.o
    0x08004b58   0x00000014   Code   RO         3752    i.RTC_EnterConfigMode  stm32f10x_rtc.o
    0x08004b6c   0x00000014   Code   RO         3753    i.RTC_ExitConfigMode  stm32f10x_rtc.o
    0x08004b80   0x00000108   Code   RO          789    i.RTC_Get           rtc.o
    0x08004c88   0x00000014   Code   RO         3754    i.RTC_GetCounter    stm32f10x_rtc.o
    0x08004c9c   0x00000024   Code   RO         3757    i.RTC_GetITStatus   stm32f10x_rtc.o
    0x08004cc0   0x00000028   Code   RO          791    i.RTC_IRQHandler    rtc.o
    0x08004ce8   0x00000020   Code   RO         3758    i.RTC_ITConfig      stm32f10x_rtc.o
    0x08004d08   0x0000008c   Code   RO          792    i.RTC_Init          rtc.o
    0x08004d94   0x00000022   Code   RO          793    i.RTC_NVIC_Config   rtc.o
    0x08004db6   0x00000002   PAD
    0x08004db8   0x000000d0   Code   RO          794    i.RTC_Set           rtc.o
    0x08004e88   0x0000001c   Code   RO         3760    i.RTC_SetCounter    stm32f10x_rtc.o
    0x08004ea4   0x00000020   Code   RO         3761    i.RTC_SetPrescaler  stm32f10x_rtc.o
    0x08004ec4   0x00000014   Code   RO         3762    i.RTC_WaitForLastTask  stm32f10x_rtc.o
    0x08004ed8   0x00000024   Code   RO         3763    i.RTC_WaitForSynchro  stm32f10x_rtc.o
    0x08004efc   0x00000160   Code   RO         1184    i.Read_Icm20602_Data_Soft  soft_iic.o
    0x0800505c   0x00000080   Code   RO          857    i.SDEnWideBus       sdio_sdcard.o
    0x080050dc   0x0000001c   Code   RO          858    i.SDIO_Clock_Set    sdio_sdcard.o
    0x080050f8   0x00000008   Code   RO          859    i.SDIO_IRQHandler   sdio_sdcard.o
    0x08005100   0x00000040   Code   RO          860    i.SDIO_Send_Cmd     sdio_sdcard.o
    0x08005140   0x00000048   Code   RO          861    i.SDIO_Send_Data_Cfg  sdio_sdcard.o
    0x08005188   0x00000098   Code   RO          862    i.SD_DMA_Config     sdio_sdcard.o
    0x08005220   0x00000068   Code   RO          863    i.SD_EnableWideBusOperation  sdio_sdcard.o
    0x08005288   0x00000314   Code   RO          864    i.SD_GetCardInfo    sdio_sdcard.o
    0x0800559c   0x00000100   Code   RO          865    i.SD_Init           sdio_sdcard.o
    0x0800569c   0x00000104   Code   RO          866    i.SD_InitializeCards  sdio_sdcard.o
    0x080057a0   0x00000178   Code   RO          868    i.SD_PowerON        sdio_sdcard.o
    0x08005918   0x00000148   Code   RO          869    i.SD_ProcessIRQSrc  sdio_sdcard.o
    0x08005a60   0x0000020c   Code   RO          870    i.SD_ReadBlock      sdio_sdcard.o
    0x08005c6c   0x0000007c   Code   RO          871    i.SD_ReadDisk       sdio_sdcard.o
    0x08005ce8   0x0000025c   Code   RO          872    i.SD_ReadMultiBlocks  sdio_sdcard.o
    0x08005f44   0x00000034   Code   RO          287    i.SD_SACN_Init      exit.o
    0x08005f78   0x00000016   Code   RO          873    i.SD_SelectDeselect  sdio_sdcard.o
    0x08005f8e   0x00000002   PAD
    0x08005f90   0x00000018   Code   RO          874    i.SD_SetDeviceMode  sdio_sdcard.o
    0x08005fa8   0x000002ec   Code   RO          875    i.SD_WriteBlock     sdio_sdcard.o
    0x08006294   0x0000007c   Code   RO          876    i.SD_WriteDisk      sdio_sdcard.o
    0x08006310   0x00000334   Code   RO          877    i.SD_WriteMultiBlocks  sdio_sdcard.o
    0x08006644   0x00000078   Code   RO         1492    i.SPI1_Init         spi1.o
    0x080066bc   0x00000054   Code   RO         1493    i.SPI1_ReadWriteByte  spi1.o
    0x08006710   0x00000024   Code   RO         1494    i.SPI1_SetSpeed     spi1.o
    0x08006734   0x00000018   Code   RO         4031    i.SPI_Cmd           stm32f10x_spi.o
    0x0800674c   0x00000012   Code   RO         4039    i.SPI_I2S_GetFlagStatus  stm32f10x_spi.o
    0x0800675e   0x00000006   Code   RO         4042    i.SPI_I2S_ReceiveData  stm32f10x_spi.o
    0x08006764   0x00000004   Code   RO         4043    i.SPI_I2S_SendData  stm32f10x_spi.o
    0x08006768   0x0000003c   Code   RO         4044    i.SPI_Init          stm32f10x_spi.o
    0x080067a4   0x000000d4   Code   RO         1042    i.SRAM_DATA_Init    sram_data.o
    0x08006878   0x00000002   Code   RO         1897    i.SVC_Handler       stm32f10x_it.o
    0x0800687a   0x00000002   PAD
    0x0800687c   0x0000006c   Code   RO         1043    i.SYS_START_Init    sram_data.o
    0x080068e8   0x00000094   Code   RO         1044    i.SYS_Scan_TF_Err   sram_data.o
    0x0800697c   0x00000008   Code   RO         1951    i.SetSysClock       system_stm32f10x.o
    0x08006984   0x000000e0   Code   RO         1952    i.SetSysClockTo72   system_stm32f10x.o
    0x08006a64   0x00000024   Code   RO         1185    i.Start_User_Timer  soft_iic.o
    0x08006a88   0x00000024   Code   RO         1186    i.Stop_User_Timer   soft_iic.o
    0x08006aac   0x00000028   Code   RO         1989    i.SysTick_CLKSourceConfig  misc.o
    0x08006ad4   0x00000002   Code   RO         1898    i.SysTick_Handler   stm32f10x_it.o
    0x08006ad6   0x00000002   PAD
    0x08006ad8   0x00000010   Code   RO         4987    i.Sys_Soft_Reset    sys.o
    0x08006ae8   0x00000060   Code   RO         1954    i.SystemInit        system_stm32f10x.o
    0x08006b48   0x0000001e   Code   RO          288    i.TIM2_IRQHandler   exit.o
    0x08006b66   0x00000002   PAD
    0x08006b68   0x00000040   Code   RO         1187    i.TIM3_Configuration  soft_iic.o
    0x08006ba8   0x00000070   Code   RO          289    i.TIM4_IRQHandler   exit.o
    0x08006c18   0x00000006   Code   RO         4180    i.TIM_ClearFlag     stm32f10x_tim.o
    0x08006c1e   0x00000018   Code   RO         4186    i.TIM_Cmd           stm32f10x_tim.o
    0x08006c36   0x00000002   PAD
    0x08006c38   0x000001e8   Code   RO         4191    i.TIM_DeInit        stm32f10x_tim.o
    0x08006e20   0x00000006   Code   RO         4205    i.TIM_GetCounter    stm32f10x_tim.o
    0x08006e26   0x00000012   Code   RO         4211    i.TIM_ITConfig      stm32f10x_tim.o
    0x08006e38   0x000000a4   Code   RO         4257    i.TIM_TimeBaseInit  stm32f10x_tim.o
    0x08006edc   0x000000a0   Code   RO         1188    i.Task_Get_Imu_Attitude  soft_iic.o
    0x08006f7c   0x00000018   Code   RO         1189    i.Task_Get_Imu_Sensor_Data  soft_iic.o
    0x08006f94   0x0000006c   Code   RO         1190    i.Tim4_Init         soft_iic.o
    0x08007000   0x0000008c   Code   RO         1116    i.USART1_IRQHandler  usart1_dma.o
    0x0800708c   0x0000008c   Code   RO         1117    i.USART1_RXD_DMA_CONFIG  usart1_dma.o
    0x08007118   0x00000048   Code   RO         1118    i.USART1_RXD_DMA_Init  usart1_dma.o
    0x08007160   0x00000060   Code   RO         1119    i.USART2_IRQHandler  usart1_dma.o
    0x080071c0   0x0000001c   Code   RO         5049    i.USART2_SEND_Byte  usart.o
    0x080071dc   0x00000018   Code   RO         4722    i.USART_Cmd         stm32f10x_usart.o
    0x080071f4   0x00000012   Code   RO         4723    i.USART_DMACmd      stm32f10x_usart.o
    0x08007206   0x00000054   Code   RO         4726    i.USART_GetITStatus  stm32f10x_usart.o
    0x0800725a   0x0000004a   Code   RO         4728    i.USART_ITConfig    stm32f10x_usart.o
    0x080072a4   0x000000d8   Code   RO         4729    i.USART_Init        stm32f10x_usart.o
    0x0800737c   0x000000a0   Code   RO         5052    i.Uart2_Init        usart.o
    0x0800741c   0x0000001c   Code   RO         5053    i.Uart2_send_str    usart.o
    0x08007438   0x0000005a   Code   RO         1191    i.Update_User_Timer_Cnt  soft_iic.o
    0x08007492   0x00000004   Code   RO         1899    i.UsageFault_Handler  stm32f10x_it.o
    0x08007496   0x00000028   Code   RO         6197    i.__ARM_fpclassify  m_ws.l(fpclassify.o)
    0x080074be   0x00000026   Code   RO         6085    i.__ARM_fpclassifyf  m_ws.l(fpclassifyf.o)
    0x080074e4   0x00000006   Code   RO         6088    i.__mathlib_flt_infnan  m_ws.l(funder.o)
    0x080074ea   0x00000004   Code   RO         6089    i.__mathlib_flt_infnan2  m_ws.l(funder.o)
    0x080074ee   0x00000008   Code   RO         6090    i.__mathlib_flt_invalid  m_ws.l(funder.o)
    0x080074f6   0x0000000a   Code   RO         6093    i.__mathlib_flt_underflow  m_ws.l(funder.o)
    0x08007500   0x0000000e   Code   RO         5902    i._is_digit         c_w.l(__printf_wp.o)
    0x0800750e   0x00000006   Code   RO         5054    i._sys_exit         usart.o
    0x08007514   0x00000124   Code   RO         5992    i.asinf             m_ws.l(asinf.o)
    0x08007638   0x0000025c   Code   RO         6000    i.atan2f            m_ws.l(atan2f.o)
    0x08007894   0x00000090   Code   RO         5405    i.check_fs          ff.o
    0x08007924   0x00000014   Code   RO         5406    i.chk_chr           ff.o
    0x08007938   0x00000032   Code   RO         5407    i.clmt_clust        ff.o
    0x0800796a   0x0000001a   Code   RO         5408    i.clust2sect        ff.o
    0x08007984   0x00000090   Code   RO         5409    i.cmp_lfn           ff.o
    0x08007a14   0x00000012   Code   RO          878    i.convert_from_bytes_to_power_of_two  sdio_sdcard.o
    0x08007a26   0x000000d6   Code   RO         5410    i.create_chain      ff.o
    0x08007afc   0x00000270   Code   RO         5411    i.create_name       ff.o
    0x08007d6c   0x00000044   Code   RO         4952    i.delay_init        delay.o
    0x08007db0   0x0000004c   Code   RO         4953    i.delay_ms          delay.o
    0x08007dfc   0x0000005c   Code   RO         5412    i.dir_alloc         ff.o
    0x08007e58   0x000000ea   Code   RO         5413    i.dir_find          ff.o
    0x08007f42   0x0000010e   Code   RO         5414    i.dir_next          ff.o
    0x08008050   0x0000012a   Code   RO         5416    i.dir_register      ff.o
    0x0800817a   0x0000009e   Code   RO         5418    i.dir_sdi           ff.o
    0x08008218   0x00000020   Code   RO         5345    i.disk_initialize   diskio.o
    0x08008238   0x0000006c   Code   RO         5346    i.disk_ioctl        diskio.o
    0x080082a4   0x00000068   Code   RO         5347    i.disk_read         diskio.o
    0x0800830c   0x00000006   Code   RO         5348    i.disk_status       diskio.o
    0x08008312   0x00000068   Code   RO         5349    i.disk_write        diskio.o
    0x0800837a   0x00000002   PAD
    0x0800837c   0x0000007c   Code   RO         5305    i.exfuns_init       exfuns.o
    0x080083f8   0x00000020   Code   RO         5420    i.f_close           ff.o
    0x08008418   0x000002ac   Code   RO         5425    i.f_lseek           ff.o
    0x080086c4   0x0000017c   Code   RO         5426    i.f_mkdir           ff.o
    0x08008840   0x0000005c   Code   RO         5428    i.f_mount           ff.o
    0x0800889c   0x00000180   Code   RO         5429    i.f_open            ff.o
    0x08008a1c   0x000000b0   Code   RO         5439    i.f_sync            ff.o
    0x08008acc   0x000001ea   Code   RO         5443    i.f_write           ff.o
    0x08008cb6   0x0000000a   Code   RO         5746    i.ff_convert        mycc936.o
    0x08008cc0   0x0000000c   Code   RO         5350    i.ff_memalloc       diskio.o
    0x08008ccc   0x0000000c   Code   RO         5351    i.ff_memfree        diskio.o
    0x08008cd8   0x00000038   Code   RO         5747    i.ff_wtoupper       mycc936.o
    0x08008d10   0x00000394   Code   RO         5444    i.find_volume       ff.o
    0x080090a4   0x00000080   Code   RO         5445    i.fit_lfn           ff.o
    0x08009124   0x00000090   Code   RO         5446    i.follow_path       ff.o
    0x080091b4   0x000000cc   Code   RO         5447    i.gen_numname       ff.o
    0x08009280   0x000000f2   Code   RO         5448    i.get_fat           ff.o
    0x08009372   0x00000004   Code   RO         5352    i.get_fattime       diskio.o
    0x08009376   0x0000004a   Code   RO         5450    i.get_ldnumber      ff.o
    0x080093c0   0x0000004c   Code   RO         1192    i.invSqrt           soft_iic.o
    0x0800940c   0x00000074   Code   RO         1077    i.laser_New_File    txt.o
    0x08009480   0x00000020   Code   RO         5451    i.ld_clust          ff.o
    0x080094a0   0x00000764   Code   RO            1    i.main              main.o
    0x08009c04   0x00000026   Code   RO         5452    i.mem_cmp           ff.o
    0x08009c2a   0x0000001a   Code   RO         5453    i.mem_cpy           ff.o
    0x08009c44   0x00000048   Code   RO         5765    i.mem_free          malloc.o
    0x08009c8c   0x0000002c   Code   RO         5766    i.mem_init          malloc.o
    0x08009cb8   0x00000078   Code   RO         5767    i.mem_malloc        malloc.o
    0x08009d30   0x00000030   Code   RO         5768    i.mem_perused       malloc.o
    0x08009d60   0x00000014   Code   RO         5454    i.mem_set           ff.o
    0x08009d74   0x00000034   Code   RO         5455    i.move_window       ff.o
    0x08009da8   0x0000001c   Code   RO         5769    i.myfree            malloc.o
    0x08009dc4   0x00000020   Code   RO         5770    i.mymalloc          malloc.o
    0x08009de4   0x00000014   Code   RO         5772    i.mymemset          malloc.o
    0x08009df8   0x00000016   Code   RO         1634    i.oled_pow          oled_gui.o
    0x08009e0e   0x00000142   Code   RO         5457    i.put_fat           ff.o
    0x08009f50   0x0000006c   Code   RO         5459    i.remove_chain      ff.o
    0x08009fbc   0x0000004c   Code   RO         6024    i.sqrt              m_ws.l(sqrt.o)
    0x0800a008   0x0000002c   Code   RO         6113    i.sqrtf             m_ws.l(sqrtf.o)
    0x0800a034   0x00000010   Code   RO         5460    i.st_clust          ff.o
    0x0800a044   0x00000020   Code   RO         5461    i.sum_sfn           ff.o
    0x0800a064   0x000000c8   Code   RO         5462    i.sync_fs           ff.o
    0x0800a12c   0x00000052   Code   RO         5463    i.sync_window       ff.o
    0x0800a17e   0x00000036   Code   RO         5464    i.validate          ff.o
    0x0800a1b4   0x0000002c   Code   RO         6181    locale$$code        c_w.l(lc_numeric_c.o)
    0x0800a1e0   0x00000062   Code   RO         5933    x$fpl$d2f           fz_ws.l(d2f.o)
    0x0800a242   0x00000002   PAD
    0x0800a244   0x00000150   Code   RO         5935    x$fpl$dadd          fz_ws.l(daddsub_clz.o)
    0x0800a394   0x00000018   Code   RO         6183    x$fpl$dcmpinf       fz_ws.l(dcmpi.o)
    0x0800a3ac   0x000002b0   Code   RO         5942    x$fpl$ddiv          fz_ws.l(ddiv.o)
    0x0800a65c   0x00000078   Code   RO         6051    x$fpl$dleqf         fz_ws.l(dleqf.o)
    0x0800a6d4   0x00000154   Code   RO         5955    x$fpl$dmul          fz_ws.l(dmul.o)
    0x0800a828   0x0000009c   Code   RO         6053    x$fpl$dnaninf       fz_ws.l(dnaninf.o)
    0x0800a8c4   0x0000000c   Code   RO         6055    x$fpl$dretinf       fz_ws.l(dretinf.o)
    0x0800a8d0   0x0000006c   Code   RO         5957    x$fpl$drleqf        fz_ws.l(drleqf.o)
    0x0800a93c   0x00000016   Code   RO         5936    x$fpl$drsb          fz_ws.l(daddsub_clz.o)
    0x0800a952   0x00000002   PAD
    0x0800a954   0x000001cc   Code   RO         6057    x$fpl$dsqrt         fz_ws.l(dsqrt_noumaal.o)
    0x0800ab20   0x000001d4   Code   RO         5937    x$fpl$dsub          fz_ws.l(daddsub_clz.o)
    0x0800acf4   0x00000056   Code   RO         5959    x$fpl$f2d           fz_ws.l(f2d.o)
    0x0800ad4a   0x00000002   PAD
    0x0800ad4c   0x000000c4   Code   RO         5961    x$fpl$fadd          fz_ws.l(faddsub_clz.o)
    0x0800ae10   0x0000000c   Code   RO         6189    x$fpl$fcheck1       fz_ws.l(fcheck1.o)
    0x0800ae1c   0x00000018   Code   RO         6059    x$fpl$fcmpinf       fz_ws.l(fcmpi.o)
    0x0800ae34   0x00000184   Code   RO         5968    x$fpl$fdiv          fz_ws.l(fdiv.o)
    0x0800afb8   0x00000030   Code   RO         5978    x$fpl$fflt          fz_ws.l(fflt_clz.o)
    0x0800afe8   0x00000026   Code   RO         5977    x$fpl$ffltu         fz_ws.l(fflt_clz.o)
    0x0800b00e   0x00000002   PAD
    0x0800b010   0x00000068   Code   RO         5983    x$fpl$fleqf         fz_ws.l(fleqf.o)
    0x0800b078   0x00000102   Code   RO         5985    x$fpl$fmul          fz_ws.l(fmul.o)
    0x0800b17a   0x0000008c   Code   RO         6061    x$fpl$fnaninf       fz_ws.l(fnaninf.o)
    0x0800b206   0x0000000a   Code   RO         6063    x$fpl$fretinf       fz_ws.l(fretinf.o)
    0x0800b210   0x00000062   Code   RO         5987    x$fpl$frleqf        fz_ws.l(frleqf.o)
    0x0800b272   0x00000014   Code   RO         5962    x$fpl$frsb          fz_ws.l(faddsub_clz.o)
    0x0800b286   0x00000002   PAD
    0x0800b288   0x00000110   Code   RO         6191    x$fpl$fsqrt         fz_ws.l(fsqrt.o)
    0x0800b398   0x000000ea   Code   RO         5963    x$fpl$fsub          fz_ws.l(faddsub_clz.o)
    0x0800b482   0x00000004   Code   RO         5989    x$fpl$printf1       fz_ws.l(printf1.o)
    0x0800b486   0x00000064   Code   RO         6263    x$fpl$retnan        fz_ws.l(retnan.o)
    0x0800b4ea   0x0000004c   Code   RO         6065    x$fpl$scalbnf       fz_ws.l(scalbnf.o)
    0x0800b536   0x00000030   Code   RO         6275    x$fpl$trapveneer    fz_ws.l(trapv.o)
    0x0800b566   0x00000000   Code   RO         6067    x$fpl$usenofp       fz_ws.l(usenofp.o)
    0x0800b566   0x00000008   Data   RO            2    .constdata          main.o
    0x0800b56e   0x00000018   Data   RO          796    .constdata          rtc.o
    0x0800b586   0x00005800   Data   RO         1390    .constdata          m_data.o
    0x08010d86   0x00000818   Data   RO         1635    .constdata          oled_gui.o
    0x0801159e   0x0000003a   Data   RO         5465    .constdata          ff.o
    0x080115d8   0x000003c0   Data   RO         5748    .constdata          mycc936.o
    0x08011998   0x00000028   Data   RO         5875    .constdata          c_w.l(_printf_hex_int.o)
    0x080119c0   0x00000011   Data   RO         5905    .constdata          c_w.l(__printf_flags_wp.o)
    0x080119d1   0x00000003   PAD
    0x080119d4   0x00000094   Data   RO         6156    .constdata          c_w.l(bigflt0.o)
    0x08011a68   0x00000041   Data   RO            3    .conststring        main.o
    0x08011aa9   0x00000003   PAD
    0x08011aac   0x00000020   Data   RO         6346    Region$$Table       anon$$obj.o
    0x08011acc   0x0000001c   Data   RO         6180    locale$$data        c_w.l(lc_numeric_c.o)


    Execution Region RW_IRAM1 (Base: 0x20000000, Size: 0x0000a4c0, Max: 0x0000c000, ABSOLUTE, COMPRESSED[0x0000007c])

    Base Addr    Size         Type   Attr      Idx    E Section Name        Object

    0x20000000   0x0000001c   Data   RW            4    .data               main.o
    0x2000001c   0x00000015   Data   RW          291    .data               exit.o
    0x20000031   0x00000003   PAD
    0x20000034   0x00000028   Data   RW          760    .data               play_data.o
    0x2000005c   0x00000006   Data   RW          797    .data               rtc.o
    0x20000062   0x00000002   PAD
    0x20000064   0x0000000c   Data   RW          880    .data               sdio_sdcard.o
    0x20000070   0x00000045   Data   RW         1045    .data               sram_data.o
    0x200000b5   0x00000003   Data   RW         1121    .data               usart1_dma.o
    0x200000b8   0x000000b0   Data   RW         1194    .data               soft_iic.o
    0x20000168   0x00000014   Data   RW         1955    .data               system_stm32f10x.o
    0x2000017c   0x00000014   Data   RW         3582    .data               stm32f10x_rcc.o
    0x20000190   0x00000004   Data   RW         4955    .data               delay.o
    0x20000194   0x0000001c   Data   RW         5310    .data               exfuns.o
    0x200001b0   0x0000000a   Data   RW         5466    .data               ff.o
    0x200001ba   0x00000002   PAD
    0x200001bc   0x00000014   Data   RW         5776    .data               malloc.o
    0x200001d0   0x0000000c   Zero   RW          290    .bss                exit.o
    0x200001dc   0x00000018   Zero   RW          795    .bss                rtc.o
    0x200001f4   0x00000004   PAD
    0x200001f8   0x00000278   Zero   RW          879    .bss                sdio_sdcard.o
    0x20000470   0x00000015   Zero   RW         1120    .bss                usart1_dma.o
    0x20000485   0x00000003   PAD
    0x20000488   0x00000104   Zero   RW         1193    .bss                soft_iic.o
    0x2000058c   0x00000400   Zero   RW         1415    .bss                oled.o
    0x2000098c   0x00000012   Zero   RW         1495    .bss                spi1.o
    0x2000099e   0x00000002   PAD
    0x200009a0   0x000094c0   Zero   RW         5774    .bss                malloc.o
    0x20009e60   0x00000060   Zero   RW         6202    .bss                c_w.l(libspace.o)
    0x20009ec0   0x00000200   Zero   RW         1384    HEAP                startup_stm32f10x_hd.o
    0x2000a0c0   0x00000400   Zero   RW         1383    STACK               startup_stm32f10x_hd.o


==============================================================================

Image component sizes


      Code (inc. data)   RO Data    RW Data    ZI Data      Debug   Object Name

        12          0          0          0          0        879   cam_fifo.o
         0          0          0          0          0         32   core_cm3.o
       144         22          0          4          0       1364   delay.o
       382          6          0          0          0       6595   diskio.o
       124         18          0         28          0       1694   exfuns.o
       468         54          0         21         12       5200   exit.o
      7202         64         58         10          0      36204   ff.o
         0          0          0          0          0       2660   file_ini.o
       306          0          0          0          0       3439   gps.o
       866         10          0          0          0       6576   gps_date.o
        72          4          0          0          0        535   led.o
         0          0      22528          0          0        729   m_data.o
      1892        300         73         28          0     278989   main.o
       364         30          0         20      38080       5770   malloc.o
       152         12          0          0          0       1734   misc.o
       102          0          0          0          0       2674   my_fifo.o
        66         10        960          0          0       1591   mycc936.o
      1142         36          0          0       1024       7214   oled.o
       982         12       2072          0          0       6389   oled_gui.o
      1004         94          0         40          0       2471   play_data.o
      1036         64         24          6         24       6347   rtc.o
      6572        372          0         12        632      32638   sdio_sdcard.o
      6040        352          0        176        260      23195   soft_iic.o
       240         28          0          0         18       2205   spi1.o
       468         88          0         69          0       3638   sram_data.o
        64         26        304          0       1536        844   startup_stm32f10x_hd.o
       506         26          0          0          0       5557   stm32f10x_dma.o
        12          6          0          0          0        581   stm32f10x_exti.o
       304          0          0          0          0       3964   stm32f10x_gpio.o
        26          0          0          0          0       4482   stm32f10x_it.o
        12          6          0          0          0        574   stm32f10x_pwr.o
       512         70          0         20          0       9059   stm32f10x_rcc.o
       260         48          0          0          0       5756   stm32f10x_rtc.o
       112          0          0          0          0       4206   stm32f10x_spi.o
       706        106          0          0          0       4606   stm32f10x_tim.o
       416          6          0          0          0       5405   stm32f10x_usart.o
        66         16          0          0          0       1616   sys.o
       328         28          0         20          0       2505   system_stm32f10x.o
       436        200          0          0          0       2762   txt.o
       222         14          0          0          0       2917   usart.o
       700         84          0          3         21       4755   usart1_dma.o

    ----------------------------------------------------------------------
     34352       2212      26054        464      41616     500351   Object Totals
         0          0         32          0          0          0   (incl. Generated)
        34          0          3          7          9          0   (incl. Padding)

    ----------------------------------------------------------------------

      Code (inc. data)   RO Data    RW Data    ZI Data      Debug   Library Member Name

        90          0          0          0          0          0   __dczerorl2.o
         8          0          0          0          0         68   __main.o
       312          4         17          0          0         92   __printf_flags_wp.o
        14          0          0          0          0         68   __printf_wp.o
         0          0          0          0          0          0   __rtentry.o
        12          0          0          0          0          0   __rtentry2.o
         6          0          0          0          0          0   __rtentry4.o
        52          8          0          0          0          0   __scatter.o
        28          0          0          0          0          0   __scatter_zi.o
        44          0          0          0          0        108   _printf_char.o
        48          6          0          0          0         96   _printf_char_common.o
         6          0          0          0          0          0   _printf_d.o
       120         16          0          0          0         92   _printf_dec.o
         6          0          0          0          0          0   _printf_f.o
      1050          0          0          0          0        216   _printf_fp_dec.o
       128         16          0          0          0         84   _printf_fp_infnan.o
        88          4         40          0          0         88   _printf_hex_int.o
       178          0          0          0          0         88   _printf_intcommon.o
        78          0          0          0          0        108   _printf_pad.o
         0          0          0          0          0          0   _printf_percent.o
         4          0          0          0          0          0   _printf_percent_end.o
         6          0          0          0          0          0   _printf_s.o
        82          0          0          0          0         80   _printf_str.o
         6          0          0          0          0          0   _printf_x.o
        22          0          0          0          0        100   _rserrno.o
        10          0          0          0          0         68   _sputc.o
       220          4        148          0          0         96   bigflt0.o
      1910        128          0          0          0        672   btod.o
        18          0          0          0          0         80   exit.o
         6          0          0          0          0        152   heapauxi.o
        44         10         28          0          0         76   lc_numeric_c.o
         2          0          0          0          0          0   libinit.o
        18          0          0          0          0          0   libinit2.o
         2          0          0          0          0          0   libshutdown.o
         2          0          0          0          0          0   libshutdown2.o
         8          4          0          0         96         68   libspace.o
        72          0          0          0          0         76   llsdiv.o
       138          0          0          0          0         80   lludiv10.o
       238          0          0          0          0        100   lludivv7m.o
        40          6          0          0          0         84   noretval__2sprintf.o
         8          4          0          0          0         68   rt_errno_addr_intlibspace.o
         8          4          0          0          0         68   rt_locale_intlibspace.o
       138          0          0          0          0         68   rt_memcpy_v6.o
       100          0          0          0          0         80   rt_memcpy_w.o
         2          0          0          0          0          0   rtexit.o
        10          0          0          0          0          0   rtexit2.o
       128          0          0          0          0         68   strcmpv7m.o
        62          0          0          0          0         76   strlen.o
        74          0          0          0          0         80   sys_stackheap_outer.o
         2          0          0          0          0         68   use_no_semi.o
         2          0          0          0          0         68   use_no_semi_2.o
        98          4          0          0          0         92   d2f.o
       826         16          0          0          0        348   daddsub_clz.o
        24          0          0          0          0         68   dcmpi.o
       688        140          0          0          0        208   ddiv.o
       120          4          0          0          0         92   dleqf.o
       340         12          0          0          0        104   dmul.o
       156          4          0          0          0         92   dnaninf.o
        12          0          0          0          0         68   dretinf.o
       108          0          0          0          0         80   drleqf.o
       460         56          0          0          0        120   dsqrt_noumaal.o
        86          4          0          0          0         84   f2d.o
       450          8          0          0          0        236   faddsub_clz.o
        12          4          0          0          0         68   fcheck1.o
        24          0          0          0          0         68   fcmpi.o
       388         76          0          0          0         96   fdiv.o
        86          0          0          0          0        136   fflt_clz.o
       104          4          0          0          0         84   fleqf.o
       258          4          0          0          0         84   fmul.o
       140          4          0          0          0         84   fnaninf.o
        10          0          0          0          0         68   fretinf.o
        98          0          0          0          0         68   frleqf.o
       272        100          0          0          0         88   fsqrt.o
         4          0          0          0          0         68   printf1.o
       100          0          0          0          0         68   retnan.o
        76          0          0          0          0         68   scalbnf.o
        48          0          0          0          0         68   trapv.o
         0          0          0          0          0          0   usenofp.o
       292         38          0          0          0        120   asinf.o
       604         76          0          0          0        116   atan2f.o
        40          0          0          0          0         68   fpclassify.o
        38          0          0          0          0         68   fpclassifyf.o
        28          0          0          0          0        272   funder.o
        76          0          0          0          0         84   sqrt.o
        44          0          0          0          0         80   sqrtf.o

    ----------------------------------------------------------------------
     11782        768        236          0         96       7000   Library Totals
        22          0          3          0          0          0   (incl. Padding)

    ----------------------------------------------------------------------

      Code (inc. data)   RO Data    RW Data    ZI Data      Debug   Library Name

      5650        214        233          0         96       3484   c_w.l
      4988        440          0          0          0       2708   fz_ws.l
      1122        114          0          0          0        808   m_ws.l

    ----------------------------------------------------------------------
     11782        768        236          0         96       7000   Library Totals

    ----------------------------------------------------------------------

==============================================================================


      Code (inc. data)   RO Data    RW Data    ZI Data      Debug   

     46134       2980      26290        464      41712     490603   Grand Totals
     46134       2980      26290        124      41712     490603   ELF Image Totals (compressed)
     46134       2980      26290        124          0          0   ROM Totals

==============================================================================

    Total RO  Size (Code + RO Data)                72424 (  70.73kB)
    Total RW  Size (RW Data + ZI Data)             42176 (  41.19kB)
    Total ROM Size (Code + RO Data + RW Data)      72548 (  70.85kB)

==============================================================================

