Component: ARM Compiler 5.06 update 2 (build 183) Tool: armlink [4d35b7]

==============================================================================

Section Cross References

    main.o(i.main) refers to sys.o(i.MY_NVIC_SetVectorTable) for MY_NVIC_SetVectorTable
    main.o(i.main) refers to iap_data.o(i.Scan_SYS_Bootloader_Lock) for Scan_SYS_Bootloader_Lock
    main.o(i.main) refers to delay.o(i.delay_init) for delay_init
    main.o(i.main) refers to sys.o(i.NVIC_Configuration) for NVIC_Configuration
    main.o(i.main) refers to oled.o(i.OLED_Init) for OLED_Init
    main.o(i.main) refers to led.o(i.LED_Init) for LED_Init
    main.o(i.main) refers to gps_sta.o(i.GPS_PV_Init) for GPS_PV_Init
    main.o(i.main) refers to exit.o(i.SD_SACN_Init) for SD_SACN_Init
    main.o(i.main) refers to exfuns.o(i.exfuns_init) for exfuns_init
    main.o(i.main) refers to sram_data.o(i.SRAM_DATA_Init) for SRAM_DATA_Init
    main.o(i.main) refers to oled.o(i.OLED_BUF_Clear) for OLED_BUF_Clear
    main.o(i.main) refers to oled_gui.o(i.OLED_ShowString) for OLED_ShowString
    main.o(i.main) refers to delay.o(i.delay_ms) for delay_ms
    main.o(i.main) refers to oled_gui.o(i.Movie_Show_Img) for Movie_Show_Img
    main.o(i.main) refers to copyright.o(i.Play_RTK_Copyright) for Play_RTK_Copyright
    main.o(i.main) refers to sdio_sdcard.o(i.SD_Init) for SD_Init
    main.o(i.main) refers to stm32f10x_gpio.o(i.GPIO_ReadInputDataBit) for GPIO_ReadInputDataBit
    main.o(i.main) refers to oled.o(i.OLED_Gram_Inverse) for OLED_Gram_Inverse
    main.o(i.main) refers to ff.o(i.f_mount) for f_mount
    main.o(i.main) refers to oled_gui.o(i.OLED_ShowNum) for OLED_ShowNum
    main.o(i.main) refers to rtc.o(i.RTC_Init) for RTC_Init
    main.o(i.main) refers to file_ini.o(i.NO_CONFIG_FILE_EXE) for NO_CONFIG_FILE_EXE
    main.o(i.main) refers to stm32f10x_usart.o(i.USART_Cmd) for USART_Cmd
    main.o(i.main) refers to txt.o(i.New_Folder) for New_Folder
    main.o(i.main) refers to ff.o(i.f_mkdir) for f_mkdir
    main.o(i.main) refers to txt.o(i.Base_Station_New_File) for Base_Station_New_File
    main.o(i.main) refers to ff.o(i.f_open) for f_open
    main.o(i.main) refers to ff.o(i.f_lseek) for f_lseek
    main.o(i.main) refers to ff.o(i.f_close) for f_close
    main.o(i.main) refers to sys.o(i.Sys_Soft_Reset) for Sys_Soft_Reset
    main.o(i.main) refers to sram_data.o(i.SYS_START_Init) for SYS_START_Init
    main.o(i.main) refers to play_data.o(i.PLAY_DATE_Init) for PLAY_DATE_Init
    main.o(i.main) refers to cam_fifo.o(i.Cam_FIFO_CLR) for Cam_FIFO_CLR
    main.o(i.main) refers to usart1_dma.o(i.USART1_RXD_DMA_Init) for USART1_RXD_DMA_Init
    main.o(i.main) refers to ff.o(i.f_write) for f_write
    main.o(i.main) refers to play_data.o(i.PLAY_DATE_TASK) for PLAY_DATE_TASK
    main.o(i.main) refers to sram_data.o(i.SYS_Scan_TF_Err) for SYS_Scan_TF_Err
    main.o(i.main) refers to malloc.o(.data) for mallco_dev
    main.o(i.main) refers to exfuns.o(.data) for fs
    main.o(i.main) refers to sdio_sdcard.o(.bss) for SDCardInfo
    main.o(i.main) refers to sram_data.o(.data) for Folder_Name
    main.o(i.main) refers to play_data.o(.data) for Write_Counter
    cam_fifo.o(i.Cam_FIFO_READ) refers to cam_fifo.o(i.Cam_FIFO_BUF_Valid_NUM) for Cam_FIFO_BUF_Valid_NUM
    cam_fifo.o(i.Cam_FIFO_STA_UP) refers to cam_fifo.o(i.Cam_FIFO_BUF_Valid_NUM) for Cam_FIFO_BUF_Valid_NUM
    cam_fifo.o(i.Cam_FIFO_STA_UP) refers to cam_fifo.o(i.Cam_FIFO_SET_STA) for Cam_FIFO_SET_STA
    cam_fifo.o(i.Cam_FIFO_STA_UP) refers to cam_fifo.o(i.Cam_FIFO_RETURN_STA) for Cam_FIFO_RETURN_STA
    cam_fifo.o(i.Cam_FIFO_WRITE) refers to cam_fifo.o(i.Cam_FIFO_BUF_Valid_NUM) for Cam_FIFO_BUF_Valid_NUM
    exit.o(i.Calendar_LED_TAsk) refers to exit.o(.data) for Calendar_LED
    exit.o(i.EXTI1_IRQHandler) refers to rtc.o(i.Cal_RTC_Get) for Cal_RTC_Get
    exit.o(i.EXTI1_IRQHandler) refers to stm32f10x_gpio.o(i.GPIO_ReadInputDataBit) for GPIO_ReadInputDataBit
    exit.o(i.EXTI1_IRQHandler) refers to exit.o(i.RETURN_OneSelf_TYP) for RETURN_OneSelf_TYP
    exit.o(i.EXTI1_IRQHandler) refers to stm32f10x_exti.o(i.EXTI_ClearITPendingBit) for EXTI_ClearITPendingBit
    exit.o(i.EXTI1_IRQHandler) refers to exit.o(.data) for CAMM_IO_TIME_Nuber
    exit.o(i.EXTI1_IRQHandler) refers to exit.o(.bss) for Cam_Save_time
    exit.o(i.Exit_Init) refers to stm32f10x_rcc.o(i.RCC_APB2PeriphClockCmd) for RCC_APB2PeriphClockCmd
    exit.o(i.Exit_Init) refers to stm32f10x_gpio.o(i.GPIO_Init) for GPIO_Init
    exit.o(i.Exit_Init) refers to stm32f10x_gpio.o(i.GPIO_SetBits) for GPIO_SetBits
    exit.o(i.Exit_Init) refers to stm32f10x_gpio.o(i.GPIO_EXTILineConfig) for GPIO_EXTILineConfig
    exit.o(i.Exit_Init) refers to stm32f10x_exti.o(i.EXTI_Init) for EXTI_Init
    exit.o(i.Exit_Init) refers to stm32f10x_exti.o(i.EXTI_ClearITPendingBit) for EXTI_ClearITPendingBit
    exit.o(i.Exit_Init) refers to misc.o(i.NVIC_Init) for NVIC_Init
[...]
    i.get_ldnumber                           0x0800ebb2   Section        0  ff.o(i.get_ldnumber)
    get_ldnumber                             0x0800ebb3   Thumb Code    74  ff.o(i.get_ldnumber)
    i.ld_clust                               0x0800ebfc   Section        0  ff.o(i.ld_clust)
    ld_clust                                 0x0800ebfd   Thumb Code    32  ff.o(i.ld_clust)
    i.main                                   0x0800ec1c   Section        0  main.o(i.main)
    i.mem_cmp                                0x0800f0d4   Section        0  ff.o(i.mem_cmp)
    mem_cmp                                  0x0800f0d5   Thumb Code    38  ff.o(i.mem_cmp)
    i.mem_cpy                                0x0800f0fa   Section        0  ff.o(i.mem_cpy)
    mem_cpy                                  0x0800f0fb   Thumb Code    26  ff.o(i.mem_cpy)
    i.mem_free                               0x0800f114   Section        0  malloc.o(i.mem_free)
    i.mem_init                               0x0800f15c   Section        0  malloc.o(i.mem_init)
    i.mem_malloc                             0x0800f188   Section        0  malloc.o(i.mem_malloc)
    i.mem_perused                            0x0800f200   Section        0  malloc.o(i.mem_perused)
    i.mem_set                                0x0800f230   Section        0  ff.o(i.mem_set)
    mem_set                                  0x0800f231   Thumb Code    20  ff.o(i.mem_set)
    i.move_window                            0x0800f244   Section        0  ff.o(i.move_window)
    move_window                              0x0800f245   Thumb Code    52  ff.o(i.move_window)
    i.myfree                                 0x0800f278   Section        0  malloc.o(i.myfree)
    i.mymalloc                               0x0800f294   Section        0  malloc.o(i.mymalloc)
    i.mymemset                               0x0800f2b4   Section        0  malloc.o(i.mymemset)
    i.oled_pow                               0x0800f2c8   Section        0  oled_gui.o(i.oled_pow)
    i.put_fat                                0x0800f2de   Section        0  ff.o(i.put_fat)
    i.remove_chain                           0x0800f420   Section        0  ff.o(i.remove_chain)
    remove_chain                             0x0800f421   Thumb Code   108  ff.o(i.remove_chain)
    i.st_clust                               0x0800f48c   Section        0  ff.o(i.st_clust)
    st_clust                                 0x0800f48d   Thumb Code    16  ff.o(i.st_clust)
    i.sum_sfn                                0x0800f49c   Section        0  ff.o(i.sum_sfn)
    sum_sfn                                  0x0800f49d   Thumb Code    32  ff.o(i.sum_sfn)
    i.sync_fs                                0x0800f4bc   Section        0  ff.o(i.sync_fs)
    sync_fs                                  0x0800f4bd   Thumb Code   200  ff.o(i.sync_fs)
    i.sync_window                            0x0800f584   Section        0  ff.o(i.sync_window)
    sync_window                              0x0800f585   Thumb Code    82  ff.o(i.sync_window)
    i.validate                               0x0800f5d6   Section        0  ff.o(i.validate)
    validate                                 0x0800f5d7   Thumb Code    54  ff.o(i.validate)
    .constdata                               0x0800f60c   Section       24  rtc.o(.constdata)
    .constdata                               0x0800f624   Section    22528  m_data.o(.constdata)
    .constdata                               0x08014e24   Section     2072  oled_gui.o(.constdata)
    .constdata                               0x0801563c   Section       58  ff.o(.constdata)
    LfnOfs                                   0x0801563c   Data          13  ff.o(.constdata)
    vst                                      0x0801564a   Data          22  ff.o(.constdata)
    cst                                      0x08015660   Data          22  ff.o(.constdata)
    .constdata                               0x08015676   Section      960  mycc936.o(.constdata)
    tbl_lower                                0x08015676   Data         480  mycc936.o(.constdata)
    tbl_upper                                0x08015856   Data         480  mycc936.o(.constdata)
    .constdata                               0x08015a36   Section     1024  copyright.o(.constdata)
    .constdata                               0x08015e36   Section       17  __printf_flags_wp.o(.constdata)
    maptable                                 0x08015e36   Data          17  __printf_flags_wp.o(.constdata)
    .conststring                             0x08015e48   Section      237  gps_sta.o(.conststring)
    .conststring                             0x08015f38   Section        5  copyright.o(.conststring)
    .data                                    0x20000000   Section        3  exit.o(.data)
    .data                                    0x20000004   Section       40  gps_sta.o(.data)
    .data                                    0x2000002c   Section       40  play_data.o(.data)
    SYS_TIMER                                0x2000003a   Data           2  play_data.o(.data)
    .data                                    0x20000054   Section        6  rtc.o(.data)
    daycnt                                   0x20000056   Data           2  rtc.o(.data)
    daycnt                                   0x20000058   Data           2  rtc.o(.data)
    .data                                    0x2000005c   Section       12  sdio_sdcard.o(.data)
    CardType                                 0x2000005c   Data           1  sdio_sdcard.o(.data)
    RCA                                      0x20000060   Data           4  sdio_sdcard.o(.data)
    DeviceMode                               0x20000064   Data           1  sdio_sdcard.o(.data)
    StopCondition                            0x20000065   Data           1  sdio_sdcard.o(.data)
    .data                                    0x20000068   Section       53  sram_data.o(.data)
    .data                                    0x200000a0   Section       20  system_stm32f10x.o(.data)
    .data                                    0x200000b4   Section       20  stm32f10x_rcc.o(.data)
    APBAHBPrescTable                         0x200000b4   Data          16  stm32f10x_rcc.o(.data)
    ADCPrescTable                            0x200000c4   Data           4  stm32f10x_rcc.o(.data)
    .data                                    0x200000c8   Section        4  delay.o(.data)
    fac_us                                   0x200000c8   Data           1  delay.o(.data)
    fac_ms                                   0x200000ca   Data           2  delay.o(.data)
    .data                                    0x200000cc   Section       28  exfuns.o(.data)
    .data                                    0x200000e8   Section       10  ff.o(.data)
    FatFs                                    0x200000e8   Data           8  ff.o(.data)
    Fsid                                     0x200000f0   Data           2  ff.o(.data)
    .data                                    0x200000f4   Section       20  malloc.o(.data)
    .data                                    0x20000108   Section        4  copyright.o(.data)
    .bss                                     0x2000010c   Section       12  exit.o(.bss)
    .bss                                     0x20000118   Section       24  rtc.o(.bss)
    .bss                                     0x20000130   Section      632  sdio_sdcard.o(.bss)
    CSD_Tab                                  0x20000130   Data          16  sdio_sdcard.o(.bss)
    CID_Tab                                  0x20000140   Data          16  sdio_sdcard.o(.bss)
    .bss                                     0x200003a8   Section     1024  oled.o(.bss)
    .bss                                     0x200007a8   Section       18  spi1.o(.bss)
    .bss                                     0x200007bc   Section    38080  malloc.o(.bss)
    .bss                                     0x20009c7c   Section       96  libspace.o(.bss)
    HEAP                                     0x20009ce0   Section      512  startup_stm32f10x_hd.o(HEAP)
    Heap_Mem                                 0x20009ce0   Data         512  startup_stm32f10x_hd.o(HEAP)
    STACK                                    0x20009ee0   Section     1024  startup_stm32f10x_hd.o(STACK)
    Stack_Mem                                0x20009ee0   Data        1024  startup_stm32f10x_hd.o(STACK)
    __initial_sp                             0x2000a2e0   Data           0  startup_stm32f10x_hd.o(STACK)

    Global Symbols

    Symbol Name                              Value     Ov Type        Size  Object(Section)

    BuildAttributes$$THM_ISAv4$P$D$K$B$S$PE$A:L22UL41UL21$X:L11$S22US41US21$IEEE1$IW$USESV6$~STKCKD$USESV7$~SHL$OTIME$ROPI$IEEEX$EBA8$UX$STANDARDLIB$REQ8$PRES8$EABIv2 0x00000000   Number         0  anon$$obj.o ABSOLUTE
    __ARM_use_no_argv                        0x00000000   Number         0  main.o ABSOLUTE
    _printf_flags                            0x00000000   Number         0  printf_stubs.o ABSOLUTE
    _printf_return_value                     0x00000000   Number         0  printf_stubs.o ABSOLUTE
    _printf_sizespec                         0x00000000   Number         0  printf_stubs.o ABSOLUTE
    _printf_widthprec                        0x00000000   Number         0  printf_stubs.o ABSOLUTE
    __ARM_exceptions_init                     - Undefined Weak Reference
    __alloca_initialize                       - Undefined Weak Reference
    __arm_preinit_                            - Undefined Weak Reference
    __cpp_initialize__aeabi_                  - Undefined Weak Reference
    __cxa_finalize                            - Undefined Weak Reference
    __rt_locale                               - Undefined Weak Reference
    __sigvec_lookup                           - Undefined Weak Reference
    _atexit_init                              - Undefined Weak Reference
    _call_atexit_fns                          - Undefined Weak Reference
    _clock_init                               - Undefined Weak Reference
    _fp_trap_init                             - Undefined Weak Reference
    _fp_trap_shutdown                         - Undefined Weak Reference
    _get_lc_collate                           - Undefined Weak Reference
    _get_lc_ctype                             - Undefined Weak Reference
    _get_lc_monetary                          - Undefined Weak Reference
    _get_lc_numeric                           - Undefined Weak Reference
    _get_lc_time                              - Undefined Weak Reference
    _getenv_init                              - Undefined Weak Reference
    _handle_redirection                       - Undefined Weak Reference
    _init_alloc                               - Undefined Weak Reference
    _init_user_alloc                          - Undefined Weak Reference
    _initio                                   - Undefined Weak Reference
    _printf_mbtowc                            - Undefined Weak Reference
    _printf_truncate_signed                   - Undefined Weak Reference
    _printf_truncate_unsigned                 - Undefined Weak Reference
    _rand_init                                - Undefined Weak Reference
    _signal_finish                            - Undefined Weak Reference
    _signal_init                              - Undefined Weak Reference
    _terminate_alloc                          - Undefined Weak Reference
    _terminate_user_alloc                     - Undefined Weak Reference
    _terminateio                              - Undefined Weak Reference
    __Vectors_Size                           0x00000130   Number         0  startup_stm32f10x_hd.o ABSOLUTE
    __Vectors                                0x08008000   Data           4  startup_stm32f10x_hd.o(RESET)
    __Vectors_End                            0x08008130   Data           0  startup_stm32f10x_hd.o(RESET)
    __main                                   0x08008131   Thumb Code     8  __main.o(!!!main)
    __scatterload                            0x08008139   Thumb Code     0  __scatter.o(!!!scatter)
    __scatterload_rt2                        0x08008139   Thumb Code    44  __scatter.o(!!!scatter)
    __scatterload_rt2_thumb_only             0x08008139   Thumb Code     0  __scatter.o(!!!scatter)
    __scatterload_null                       0x08008147   Thumb Code     0  __scatter.o(!!!scatter)
    __scatterload_copy                       0x0800816d   Thumb Code    26  __scatter_copy.o(!!handler_copy)
    __scatterload_zeroinit                   0x08008189   Thumb Code    28  __scatter_zi.o(!!handler_zi)
    _printf_d                                0x080081a5   Thumb Code     0  _printf_d.o(.ARM.Collect$$_printf_percent$$00000009)
    _printf_percent                          0x080081a5   Thumb Code     0  _printf_percent.o(.ARM.Collect$$_printf_percent$$00000000)
    _printf_s                                0x080081ab   Thumb Code     0  _printf_s.o(.ARM.Collect$$_printf_percent$$00000014)
    _printf_percent_end                      0x080081b1   Thumb Code     0  _printf_percent_end.o(.ARM.Collect$$_printf_percent$$00000017)
    __rt_lib_init                            0x080081b5   Thumb Code     0  libinit.o(.ARM.Collect$$libinit$$00000000)
    __rt_lib_init_alloca_1                   0x080081b7   Thumb Code     0  libinit2.o(.ARM.Collect$$libinit$$0000002E)
    __rt_lib_init_argv_1                     0x080081b7   Thumb Code     0  libinit2.o(.ARM.Collect$$libinit$$0000002C)
    __rt_lib_init_atexit_1                   0x080081b7   Thumb Code     0  libinit2.o(.ARM.Collect$$libinit$$0000001B)
    __rt_lib_init_clock_1                    0x080081b7   Thumb Code     0  libinit2.o(.ARM.Collect$$libinit$$00000021)
    __rt_lib_init_cpp_1                      0x080081b7   Thumb Code     0  libinit2.o(.ARM.Collect$$libinit$$00000032)
    __rt_lib_init_exceptions_1               0x080081b7   Thumb Code     0  libinit2.o(.ARM.Collect$$libinit$$00000030)
    __rt_lib_init_fp_1                       0x080081b7   Thumb Code     0  libinit2.o(.ARM.Collect$$libinit$$00000002)
    __rt_lib_init_fp_trap_1                  0x080081b7   Thumb Code     0  libinit2.o(.ARM.Collect$$libinit$$0000001F)
    __rt_lib_init_getenv_1                   0x080081b7   Thumb Code     0  libinit2.o(.ARM.Collect$$libinit$$00000023)
    __rt_lib_init_heap_1                     0x080081b7   Thumb Code     0  libinit2.o(.ARM.Collect$$libinit$$0000000A)
    __rt_lib_init_lc_collate_1               0x080081b7   Thumb Code     0  libinit2.o(.ARM.Collect$$libinit$$00000011)
    __rt_lib_init_lc_ctype_1                 0x080081b7   Thumb Code     0  libinit2.o(.ARM.Collect$$libinit$$00000013)
    __rt_lib_init_lc_monetary_1              0x080081b7   Thumb Code     0  libinit2.o(.ARM.Collect$$libinit$$00000015)
    __rt_lib_init_lc_numeric_1               0x080081b7   Thumb Code     0  libinit2.o(.ARM.Collect$$libinit$$00000017)
    __rt_lib_init_lc_time_1                  0x080081b7   Thumb Code     0  libinit2.o(.ARM.Collect$$libinit$$00000019)
    __rt_lib_init_preinit_1                  0x080081b7   Thumb Code     0  libinit2.o(.ARM.Collect$$libinit$$00000004)
    __rt_lib_init_rand_1                     0x080081b7   Thumb Code     0  libinit2.o(.ARM.Collect$$libinit$$0000000E)
    __rt_lib_init_return                     0x080081b7   Thumb Code     0  libinit2.o(.ARM.Collect$$libinit$$00000033)
    __rt_lib_init_signal_1                   0x080081b7   Thumb Code     0  libinit2.o(.ARM.Collect$$libinit$$0000001D)
    __rt_lib_init_stdio_1                    0x080081b7   Thumb Code     0  libinit2.o(.ARM.Collect$$libinit$$00000025)
    __rt_lib_init_user_alloc_1               0x080081b7   Thumb Code     0  libinit2.o(.ARM.Collect$$libinit$$0000000C)
    __rt_lib_shutdown                        0x080081b9   Thumb Code     0  libshutdown.o(.ARM.Collect$$libshutdown$$00000000)
    __rt_lib_shutdown_cpp_1                  0x080081bb   Thumb Code     0  libshutdown2.o(.ARM.Collect$$libshutdown$$00000002)
    __rt_lib_shutdown_fp_trap_1              0x080081bb   Thumb Code     0  libshutdown2.o(.ARM.Collect$$libshutdown$$00000007)
    __rt_lib_shutdown_heap_1                 0x080081bb   Thumb Code     0  libshutdown2.o(.ARM.Collect$$libshutdown$$0000000F)
    __rt_lib_shutdown_return                 0x080081bb   Thumb Code     0  libshutdown2.o(.ARM.Collect$$libshutdown$$00000010)
    __rt_lib_shutdown_signal_1               0x080081bb   Thumb Code     0  libshutdown2.o(.ARM.Collect$$libshutdown$$0000000A)
    __rt_lib_shutdown_stdio_1                0x080081bb   Thumb Code     0  libshutdown2.o(.ARM.Collect$$libshutdown$$00000004)
    __rt_lib_shutdown_user_alloc_1           0x080081bb   Thumb Code     0  libshutdown2.o(.ARM.Collect$$libshutdown$$0000000C)
    __rt_entry                               0x080081bd   Thumb Code     0  __rtentry.o(.ARM.Collect$$rtentry$$00000000)
    __rt_entry_presh_1                       0x080081bd   Thumb Code     0  __rtentry2.o(.ARM.Collect$$rtentry$$00000002)
    __rt_entry_sh                            0x080081bd   Thumb Code     0  __rtentry4.o(.ARM.Collect$$rtentry$$00000004)
    __rt_entry_li                            0x080081c3   Thumb Code     0  __rtentry2.o(.ARM.Collect$$rtentry$$0000000A)
    __rt_entry_postsh_1                      0x080081c3   Thumb Code     0  __rtentry2.o(.ARM.Collect$$rtentry$$00000009)
    __rt_entry_main                          0x080081c7   Thumb Code     0  __rtentry2.o(.ARM.Collect$$rtentry$$0000000D)
    __rt_entry_postli_1                      0x080081c7   Thumb Code     0  __rtentry2.o(.ARM.Collect$$rtentry$$0000000C)
    __rt_exit                                0x080081cf   Thumb Code     0  rtexit.o(.ARM.Collect$$rtexit$$00000000)
    __rt_exit_ls                             0x080081d1   Thumb Code     0  rtexit2.o(.ARM.Collect$$rtexit$$00000003)
    __rt_exit_prels_1                        0x080081d1   Thumb Code     0  rtexit2.o(.ARM.Collect$$rtexit$$00000002)
    __rt_exit_exit                           0x080081d5   Thumb Code     0  rtexit2.o(.ARM.Collect$$rtexit$$00000004)
    Reset_Handler                            0x080081dd   Thumb Code     8  startup_stm32f10x_hd.o(.text)
    ADC1_2_IRQHandler                        0x080081f7   Thumb Code     0  startup_stm32f10x_hd.o(.text)
    ADC3_IRQHandler                          0x080081f7   Thumb Code     0  startup_stm32f10x_hd.o(.text)
    CAN1_RX1_IRQHandler                      0x080081f7   Thumb Code     0  startup_stm32f10x_hd.o(.text)
    CAN1_SCE_IRQHandler                      0x080081f7   Thumb Code     0  startup_stm32f10x_hd.o(.text)
    DMA1_Channel1_IRQHandler                 0x080081f7   Thumb Code     0  startup_stm32f10x_hd.o(.text)
    DMA1_Channel2_IRQHandler                 0x080081f7   Thumb Code     0  startup_stm32f10x_hd.o(.text)
    DMA1_Channel3_IRQHandler                 0x080081f7   Thumb Code     0  startup_stm32f10x_hd.o(.text)
    DMA1_Channel4_IRQHandler                 0x080081f7   Thumb Code     0  startup_stm32f10x_hd.o(.text)
    DMA1_Channel6_IRQHandler                 0x080081f7   Thumb Code     0  startup_stm32f10x_hd.o(.text)
    DMA1_Channel7_IRQHandler                 0x080081f7   Thumb Code     0  startup_stm32f10x_hd.o(.text)
    DMA2_Channel1_IRQHandler                 0x080081f7   Thumb Code     0  startup_stm32f10x_hd.o(.text)
    DMA2_Channel2_IRQHandler                 0x080081f7   Thumb Code     0  startup_stm32f10x_hd.o(.text)
    DMA2_Channel3_IRQHandler                 0x080081f7   Thumb Code     0  startup_stm32f10x_hd.o(.text)
    DMA2_Channel4_5_IRQHandler               0x080081f7   Thumb Code     0  startup_stm32f10x_hd.o(.text)
    EXTI0_IRQHandler                         0x080081f7   Thumb Code     0  startup_stm32f10x_hd.o(.text)
    EXTI15_10_IRQHandler                     0x080081f7   Thumb Code     0  startup_stm32f10x_hd.o(.text)
    EXTI2_IRQHandler                         0x080081f7   Thumb Code     0  startup_stm32f10x_hd.o(.text)
    EXTI3_IRQHandler                         0x080081f7   Thumb Code     0  startup_stm32f10x_hd.o(.text)
    EXTI4_IRQHandler                         0x080081f7   Thumb Code     0  startup_stm32f10x_hd.o(.text)
    EXTI9_5_IRQHandler                       0x080081f7   Thumb Code     0  startup_stm32f10x_hd.o(.text)
    FLASH_IRQHandler                         0x080081f7   Thumb Code     0  startup_stm32f10x_hd.o(.text)
    FSMC_IRQHandler                          0x080081f7   Thumb Code     0  startup_stm32f10x_hd.o(.text)
    I2C1_ER_IRQHandler                       0x080081f7   Thumb Code     0  startup_stm32f10x_hd.o(.text)
    I2C1_EV_IRQHandler                       0x080081f7   Thumb Code     0  startup_stm32f10x_hd.o(.text)
    I2C2_ER_IRQHandler                       0x080081f7   Thumb Code     0  startup_stm32f10x_hd.o(.text)
    I2C2_EV_IRQHandler                       0x080081f7   Thumb Code     0  startup_stm32f10x_hd.o(.text)
    PVD_IRQHandler                           0x080081f7   Thumb Code     0  startup_stm32f10x_hd.o(.text)
    RCC_IRQHandler                           0x080081f7   Thumb Code     0  startup_stm32f10x_hd.o(.text)
    RTCAlarm_IRQHandler                      0x080081f7   Thumb Code     0  startup_stm32f10x_hd.o(.text)
    SPI1_IRQHandler                          0x080081f7   Thumb Code     0  startup_stm32f10x_hd.o(.text)
    SPI2_IRQHandler                          0x080081f7   Thumb Code     0  startup_stm32f10x_hd.o(.text)
    SPI3_IRQHandler                          0x080081f7   Thumb Code     0  startup_stm32f10x_hd.o(.text)
    TAMPER_IRQHandler                        0x080081f7   Thumb Code     0  startup_stm32f10x_hd.o(.text)
    TIM1_BRK_IRQHandler                      0x080081f7   Thumb Code     0  startup_stm32f10x_hd.o(.text)
    TIM1_CC_IRQHandler                       0x080081f7   Thumb Code     0  startup_stm32f10x_hd.o(.text)
    TIM1_TRG_COM_IRQHandler                  0x080081f7   Thumb Code     0  startup_stm32f10x_hd.o(.text)
    TIM1_UP_IRQHandler                       0x080081f7   Thumb Code     0  startup_stm32f10x_hd.o(.text)
    TIM3_IRQHandler                          0x080081f7   Thumb Code     0  startup_stm32f10x_hd.o(.text)
    TIM5_IRQHandler                          0x080081f7   Thumb Code     0  startup_stm32f10x_hd.o(.text)
    TIM6_IRQHandler                          0x080081f7   Thumb Code     0  startup_stm32f10x_hd.o(.text)
    TIM7_IRQHandler                          0x080081f7   Thumb Code     0  startup_stm32f10x_hd.o(.text)
    TIM8_BRK_IRQHandler                      0x080081f7   Thumb Code     0  startup_stm32f10x_hd.o(.text)
    TIM8_CC_IRQHandler                       0x080081f7   Thumb Code     0  startup_stm32f10x_hd.o(.text)
    TIM8_TRG_COM_IRQHandler                  0x080081f7   Thumb Code     0  startup_stm32f10x_hd.o(.text)
    TIM8_UP_IRQHandler                       0x080081f7   Thumb Code     0  startup_stm32f10x_hd.o(.text)
    UART4_IRQHandler                         0x080081f7   Thumb Code     0  startup_stm32f10x_hd.o(.text)
    UART5_IRQHandler                         0x080081f7   Thumb Code     0  startup_stm32f10x_hd.o(.text)
    USART2_IRQHandler                        0x080081f7   Thumb Code     0  startup_stm32f10x_hd.o(.text)
    USART3_IRQHandler                        0x080081f7   Thumb Code     0  startup_stm32f10x_hd.o(.text)
    USBWakeUp_IRQHandler                     0x080081f7   Thumb Code     0  startup_stm32f10x_hd.o(.text)
    USB_HP_CAN1_TX_IRQHandler                0x080081f7   Thumb Code     0  startup_stm32f10x_hd.o(.text)
    USB_LP_CAN1_RX0_IRQHandler               0x080081f7   Thumb Code     0  startup_stm32f10x_hd.o(.text)
    WWDG_IRQHandler                          0x080081f7   Thumb Code     0  startup_stm32f10x_hd.o(.text)
    __user_initial_stackheap                 0x080081f9   Thumb Code     0  startup_stm32f10x_hd.o(.text)
    __use_no_semihosting                     0x0800821d   Thumb Code     2  use_no_semi_2.o(.text)
    __aeabi_ldivmod                          0x0800821f   Thumb Code     0  llsdiv.o(.text)
    _ll_sdiv                                 0x0800821f   Thumb Code    72  llsdiv.o(.text)
    __2sprintf                               0x08008269   Thumb Code    34  noretval__2sprintf.o(.text)
    _printf_pre_padding                      0x08008291   Thumb Code    44  _printf_pad.o(.text)
    _printf_post_padding                     0x080082bd   Thumb Code    34  _printf_pad.o(.text)
    _printf_str                              0x080082df   Thumb Code    82  _printf_str.o(.text)
    _printf_int_dec                          0x08008331   Thumb Code   104  _printf_dec.o(.text)
    __printf                                 0x080083a9   Thumb Code   308  __printf_flags_wp.o(.text)
    strlen                                   0x080084e1   Thumb Code    62  strlen.o(.text)
    __aeabi_memcpy                           0x0800851f   Thumb Code     0  rt_memcpy_v6.o(.text)
    __rt_memcpy                              0x0800851f   Thumb Code   138  rt_memcpy_v6.o(.text)
    _memcpy_lastbytes                        0x08008585   Thumb Code     0  rt_memcpy_v6.o(.text)
    __use_two_region_memory                  0x080085a9   Thumb Code     2  heapauxi.o(.text)
    __rt_heap_escrow$2region                 0x080085ab   Thumb Code     2  heapauxi.o(.text)
    __rt_heap_expand$2region                 0x080085ad   Thumb Code     2  heapauxi.o(.text)
    __I$use$semihosting                      0x080085af   Thumb Code     0  use_no_semi.o(.text)
    __use_no_semihosting_swi                 0x080085af   Thumb Code     2  use_no_semi.o(.text)
    __aeabi_uldivmod                         0x080085b1   Thumb Code     0  lludivv7m.o(.text)
    _ll_udiv                                 0x080085b1   Thumb Code   238  lludivv7m.o(.text)
    _printf_int_common                       0x0800869f   Thumb Code   178  _printf_intcommon.o(.text)
    _printf_char_common                      0x0800875b   Thumb Code    32  _printf_char_common.o(.text)
    _sputc                                   0x08008781   Thumb Code    10  _sputc.o(.text)
    _printf_cs_common                        0x0800878b   Thumb Code    20  _printf_char.o(.text)
    _printf_char                             0x0800879f   Thumb Code    16  _printf_char.o(.text)
    _printf_string                           0x080087af   Thumb Code     8  _printf_char.o(.text)
    __aeabi_memcpy4                          0x080087b7   Thumb Code     0  rt_memcpy_w.o(.text)
    __aeabi_memcpy8                          0x080087b7   Thumb Code     0  rt_memcpy_w.o(.text)
    __rt_memcpy_w                            0x080087b7   Thumb Code   100  rt_memcpy_w.o(.text)
    _memcpy_lastbytes_aligned                0x080087ff   Thumb Code     0  rt_memcpy_w.o(.text)
    __user_libspace                          0x0800881d   Thumb Code     8  libspace.o(.text)
    __user_perproc_libspace                  0x0800881d   Thumb Code     0  libspace.o(.text)
    __user_perthread_libspace                0x0800881d   Thumb Code     0  libspace.o(.text)
    __user_setup_stackheap                   0x08008825   Thumb Code    74  sys_stackheap_outer.o(.text)
    exit                                     0x0800886f   Thumb Code    18  exit.o(.text)
    Base_Station_New_File                    0x08008881   Thumb Code    62  txt.o(i.Base_Station_New_File)
    Bijiao_CRC_DATA                          0x080088f9   Thumb Code    44  iap_data.o(i.Bijiao_CRC_DATA)
    BusFault_Handler                         0x08008925   Thumb Code     4  stm32f10x_it.o(i.BusFault_Handler)
    Cal_RTC_Get                              0x08008929   Thumb Code   268  rtc.o(i.Cal_RTC_Get)
    Calendar_LED_TAsk                        0x08008a4d   Thumb Code    98  exit.o(i.Calendar_LED_TAsk)
    Cam_FIFO_BUF_Valid_NUM                   0x08008ab9   Thumb Code     6  cam_fifo.o(i.Cam_FIFO_BUF_Valid_NUM)
    Cam_FIFO_CLR                             0x08008abf   Thumb Code    12  cam_fifo.o(i.Cam_FIFO_CLR)
    Cam_FIFO_WRITE                           0x08008acb   Thumb Code   180  cam_fifo.o(i.Cam_FIFO_WRITE)
    CmdError                                 0x08008b81   Thumb Code    48  sdio_sdcard.o(i.CmdError)
    CmdResp1Error                            0x08008bb5   Thumb Code    82  sdio_sdcard.o(i.CmdResp1Error)
    CmdResp2Error                            0x08008c0d   Thumb Code    88  sdio_sdcard.o(i.CmdResp2Error)
    CmdResp3Error                            0x08008c69   Thumb Code    52  sdio_sdcard.o(i.CmdResp3Error)
    CmdResp6Error                            0x08008ca1   Thumb Code   142  sdio_sdcard.o(i.CmdResp6Error)
    CmdResp7Error                            0x08008d35   Thumb Code    80  sdio_sdcard.o(i.CmdResp7Error)
    DMA1_Channel5_IRQHandler                 0x08008d89   Thumb Code   208  usart1_dma.o(i.DMA1_Channel5_IRQHandler)
    DMA_ClearFlag                            0x08008e69   Thumb Code    18  stm32f10x_dma.o(i.DMA_ClearFlag)
    DMA_Cmd                                  0x08008e85   Thumb Code    24  stm32f10x_dma.o(i.DMA_Cmd)
    DMA_DeInit                               0x08008e9d   Thumb Code   324  stm32f10x_dma.o(i.DMA_DeInit)
    DMA_FIFO_CONFIG                          0x08008fe9   Thumb Code    32  usart1_dma.o(i.DMA_FIFO_CONFIG)
    DMA_GetFlagStatus                        0x0800900d   Thumb Code    36  stm32f10x_dma.o(i.DMA_GetFlagStatus)
    DMA_ITConfig                             0x08009039   Thumb Code    18  stm32f10x_dma.o(i.DMA_ITConfig)
    DMA_Init                                 0x0800904b   Thumb Code    60  stm32f10x_dma.o(i.DMA_Init)
    DebugMon_Handler                         0x08009087   Thumb Code     2  stm32f10x_it.o(i.DebugMon_Handler)
    EXTI1_IRQHandler                         0x08009089   Thumb Code   108  exit.o(i.EXTI1_IRQHandler)
    EXTI_ClearITPendingBit                   0x08009105   Thumb Code     6  stm32f10x_exti.o(i.EXTI_ClearITPendingBit)
    FIFO_BUF_Valid_NUM                       0x08009111   Thumb Code     8  my_fifo.o(i.FIFO_BUF_Valid_NUM)
    FIFO_CLR_BUF                             0x08009119   Thumb Code    18  my_fifo.o(i.FIFO_CLR_BUF)
    FIFO_WRITE_Byte                          0x08009157   Thumb Code    32  my_fifo.o(i.FIFO_WRITE_Byte)
    FindSCR                                  0x08009179   Thumb Code   326  sdio_sdcard.o(i.FindSCR)
    GPIO_Init                                0x080092c9   Thumb Code   278  stm32f10x_gpio.o(i.GPIO_Init)
    GPIO_ReadInputDataBit                    0x080093df   Thumb Code    18  stm32f10x_gpio.o(i.GPIO_ReadInputDataBit)
    GPIO_ResetBits                           0x080093f1   Thumb Code     4  stm32f10x_gpio.o(i.GPIO_ResetBits)
    GPIO_SetBits                             0x080093f5   Thumb Code     4  stm32f10x_gpio.o(i.GPIO_SetBits)
    GPS_BUF_RETURN                           0x080093f9   Thumb Code     6  gps_date.o(i.GPS_BUF_RETURN)
    GPS_BUF_TIME_Adjust                      0x080093ff   Thumb Code    66  gps_date.o(i.GPS_BUF_TIME_Adjust)
    GPS_BUF_TIME_Adjust_Task                 0x08009441   Thumb Code   236  gps_date.o(i.GPS_BUF_TIME_Adjust_Task)
    GPS_BUF_Valid_NUM                        0x0800952d   Thumb Code     6  gps_date.o(i.GPS_BUF_Valid_NUM)
    GPS_BUF_clear_Init                       0x08009533   Thumb Code    14  gps_date.o(i.GPS_BUF_clear_Init)
    GPS_CONFIG_5HZ                           0x08009541   Thumb Code    74  gps_sta.o(i.GPS_CONFIG_5HZ)
    GPS_CONFIG_TIMEA                         0x08009591   Thumb Code    58  gps_sta.o(i.GPS_CONFIG_TIMEA)
    GPS_PV_Init                              0x080095d1   Thumb Code    38  gps_sta.o(i.GPS_PV_Init)
    GPS_TIME_AMEND                           0x080095fd   Thumb Code   158  gps_date.o(i.GPS_TIME_AMEND)
    GPS_TIME_Adjust                          0x080096a1   Thumb Code    34  gps_date.o(i.GPS_TIME_Adjust)
    GPS_UNLOGALL_CONFIG                      0x080096cd   Thumb Code   106  gps_sta.o(i.GPS_UNLOGALL_CONFIG)
    GPS_W_BUF_Byte                           0x08009741   Thumb Code    36  gps_date.o(i.GPS_W_BUF_Byte)
    HardFault_Handler                        0x08009765   Thumb Code     4  stm32f10x_it.o(i.HardFault_Handler)
    IsCardProgramming                        0x08009769   Thumb Code   134  sdio_sdcard.o(i.IsCardProgramming)
    Is_Leap_Year                             0x080097f9   Thumb Code    58  rtc.o(i.Is_Leap_Year)
    LED_Init                                 0x08009835   Thumb Code    68  led.o(i.LED_Init)
    MY_NMEA_TIMEA_Analysis                   0x0800987d   Thumb Code   310  gps_date.o(i.MY_NMEA_TIMEA_Analysis)
    MY_NVIC_PriorityGroupConfig              0x080099b5   Thumb Code    32  sys.o(i.MY_NVIC_PriorityGroupConfig)
    MY_NVIC_SetVectorTable                   0x080099dd   Thumb Code    12  sys.o(i.MY_NVIC_SetVectorTable)
    MemManage_Handler                        0x080099f1   Thumb Code     4  stm32f10x_it.o(i.MemManage_Handler)
    Movie_Show_BMP                           0x080099f5   Thumb Code   114  oled_gui.o(i.Movie_Show_BMP)
    Movie_Show_Img                           0x08009a69   Thumb Code    16  oled_gui.o(i.Movie_Show_Img)
    NMEA_Comma_Pos                           0x08009a7d   Thumb Code    50  gps.o(i.NMEA_Comma_Pos)
    NMEA_Pow                                 0x08009aaf   Thumb Code    22  gps.o(i.NMEA_Pow)
    NMEA_Str2num                             0x08009ac5   Thumb Code   234  gps.o(i.NMEA_Str2num)
    NMI_Handler                              0x08009baf   Thumb Code     2  stm32f10x_it.o(i.NMI_Handler)
    NO_CONFIG_FILE_EXE                       0x08009bb1   Thumb Code   310  file_ini.o(i.NO_CONFIG_FILE_EXE)
    NVIC_Configuration                       0x08009cfd   Thumb Code    10  sys.o(i.NVIC_Configuration)
    NVIC_Init                                0x08009d09   Thumb Code   100  misc.o(i.NVIC_Init)
    New_Folder                               0x08009d79   Thumb Code    50  txt.o(i.New_Folder)
    OLED_BUF_Clear                           0x08009dcd   Thumb Code    36  oled.o(i.OLED_BUF_Clear)
    OLED_Clear                               0x08009df5   Thumb Code    12  oled.o(i.OLED_Clear)
    OLED_DrawPoint                           0x08009e01   Thumb Code   136  oled.o(i.OLED_DrawPoint)
    OLED_Gram_Inverse                        0x08009e8d   Thumb Code    56  oled.o(i.OLED_Gram_Inverse)
    OLED_Gram_Update                         0x08009ec9   Thumb Code    50  oled.o(i.OLED_Gram_Update)
    OLED_Init                                0x08009f01   Thumb Code   342  oled.o(i.OLED_Init)
    OLED_Init_Only                           0x0800a05d   Thumb Code   196  oled.o(i.OLED_Init_Only)
    OLED_SHOW_GRAM                           0x0800a121   Thumb Code   174  oled.o(i.OLED_SHOW_GRAM)
    OLED_Set_Pos                             0x0800a1d5   Thumb Code    46  oled.o(i.OLED_Set_Pos)
    OLED_ShowNum                             0x0800a38d   Thumb Code   256  oled_gui.o(i.OLED_ShowNum)
    OLED_ShowString                          0x0800a48d   Thumb Code   178  oled_gui.o(i.OLED_ShowString)
    OLED_WR_Byte                             0x0800a541   Thumb Code    58  oled.o(i.OLED_WR_Byte)
    PLAY_DATE_Init                           0x0800a581   Thumb Code   408  play_data.o(i.PLAY_DATE_Init)
    PLAY_DATE_TASK                           0x0800a745   Thumb Code   502  play_data.o(i.PLAY_DATE_TASK)
    PLAY_GPS_Cartoon                         0x0800a96d   Thumb Code    36  play_data.o(i.PLAY_GPS_Cartoon)
    PWR_BackupAccessCmd                      0x0800a995   Thumb Code     6  stm32f10x_pwr.o(i.PWR_BackupAccessCmd)
    PendSV_Handler                           0x0800a9a1   Thumb Code     2  stm32f10x_it.o(i.PendSV_Handler)
    Play_RTK_Copyright                       0x0800a9a5   Thumb Code    30  copyright.o(i.Play_RTK_Copyright)
    RCC_AHBPeriphClockCmd                    0x0800a9cd   Thumb Code    26  stm32f10x_rcc.o(i.RCC_AHBPeriphClockCmd)
    RCC_APB1PeriphClockCmd                   0x0800a9ed   Thumb Code    26  stm32f10x_rcc.o(i.RCC_APB1PeriphClockCmd)
    RCC_APB2PeriphClockCmd                   0x0800aa0d   Thumb Code    26  stm32f10x_rcc.o(i.RCC_APB2PeriphClockCmd)
    RCC_GetClocksFreq                        0x0800aa2d   Thumb Code   192  stm32f10x_rcc.o(i.RCC_GetClocksFreq)
    RCC_GetFlagStatus                        0x0800ab01   Thumb Code    56  stm32f10x_rcc.o(i.RCC_GetFlagStatus)
    RCC_LSEConfig                            0x0800ab3d   Thumb Code    46  stm32f10x_rcc.o(i.RCC_LSEConfig)
    RCC_RTCCLKCmd                            0x0800ab71   Thumb Code     6  stm32f10x_rcc.o(i.RCC_RTCCLKCmd)
    RCC_RTCCLKConfig                         0x0800ab7d   Thumb Code    12  stm32f10x_rcc.o(i.RCC_RTCCLKConfig)
    RETURN_OneSelf_TYP                       0x0800ab8d   Thumb Code    42  exit.o(i.RETURN_OneSelf_TYP)
    RTC_ClearITPendingBit                    0x0800abb9   Thumb Code    12  stm32f10x_rtc.o(i.RTC_ClearITPendingBit)
    RTC_EnterConfigMode                      0x0800abc9   Thumb Code    14  stm32f10x_rtc.o(i.RTC_EnterConfigMode)
    RTC_ExitConfigMode                       0x0800abdd   Thumb Code    16  stm32f10x_rtc.o(i.RTC_ExitConfigMode)
    RTC_Get                                  0x0800abf1   Thumb Code   240  rtc.o(i.RTC_Get)
    RTC_GetCounter                           0x0800acf9   Thumb Code    16  stm32f10x_rtc.o(i.RTC_GetCounter)
    RTC_GetITStatus                          0x0800ad0d   Thumb Code    32  stm32f10x_rtc.o(i.RTC_GetITStatus)
    RTC_IRQHandler                           0x0800ad31   Thumb Code    40  rtc.o(i.RTC_IRQHandler)
    RTC_ITConfig                             0x0800ad59   Thumb Code    26  stm32f10x_rtc.o(i.RTC_ITConfig)
    RTC_Init                                 0x0800ad79   Thumb Code   140  rtc.o(i.RTC_Init)
    RTC_NVIC_Config                          0x0800ae05   Thumb Code    34  rtc.o(i.RTC_NVIC_Config)
    RTC_Set                                  0x0800ae29   Thumb Code   192  rtc.o(i.RTC_Set)
    RTC_SetCounter                           0x0800aef9   Thumb Code    24  stm32f10x_rtc.o(i.RTC_SetCounter)
    RTC_SetPrescaler                         0x0800af15   Thumb Code    26  stm32f10x_rtc.o(i.RTC_SetPrescaler)
    RTC_WaitForLastTask                      0x0800af35   Thumb Code    16  stm32f10x_rtc.o(i.RTC_WaitForLastTask)
    RTC_WaitForSynchro                       0x0800af49   Thumb Code    30  stm32f10x_rtc.o(i.RTC_WaitForSynchro)
    Read_FLASH_APP_CRC_DATA                  0x0800af6d   Thumb Code    16  iap_data.o(i.Read_FLASH_APP_CRC_DATA)
    Read_USER_FLASH_DATA_CRC                 0x0800af81   Thumb Code   164  iap_data.o(i.Read_USER_FLASH_DATA_CRC)
    SDEnWideBus                              0x0800b025   Thumb Code   118  sdio_sdcard.o(i.SDEnWideBus)
    SDIO_Clock_Set                           0x0800b0a5   Thumb Code    22  sdio_sdcard.o(i.SDIO_Clock_Set)
    SDIO_IRQHandler                          0x0800b0c1   Thumb Code     8  sdio_sdcard.o(i.SDIO_IRQHandler)
    SDIO_Send_Cmd                            0x0800b0c9   Thumb Code    58  sdio_sdcard.o(i.SDIO_Send_Cmd)
    SDIO_Send_Data_Cfg                       0x0800b109   Thumb Code    68  sdio_sdcard.o(i.SDIO_Send_Data_Cfg)
    SD_DMA_Config                            0x0800b151   Thumb Code   142  sdio_sdcard.o(i.SD_DMA_Config)
    SD_EnableWideBusOperation                0x0800b1e9   Thumb Code    94  sdio_sdcard.o(i.SD_EnableWideBusOperation)
    SD_GetCardInfo                           0x0800b251   Thumb Code   772  sdio_sdcard.o(i.SD_GetCardInfo)
    SD_Init                                  0x0800b565   Thumb Code   224  sdio_sdcard.o(i.SD_Init)
    SD_InitializeCards                       0x0800b665   Thumb Code   240  sdio_sdcard.o(i.SD_InitializeCards)
    SD_PowerON                               0x0800b769   Thumb Code   358  sdio_sdcard.o(i.SD_PowerON)
    SD_ProcessIRQSrc                         0x0800b8e1   Thumb Code   310  sdio_sdcard.o(i.SD_ProcessIRQSrc)
    SD_ReadBlock                             0x0800ba29   Thumb Code   488  sdio_sdcard.o(i.SD_ReadBlock)
    SD_ReadDisk                              0x0800bc35   Thumb Code   116  sdio_sdcard.o(i.SD_ReadDisk)
    SD_ReadMultiBlocks                       0x0800bcb1   Thumb Code   566  sdio_sdcard.o(i.SD_ReadMultiBlocks)
    SD_SACN_Init                             0x0800bf0d   Thumb Code    46  exit.o(i.SD_SACN_Init)
    SD_SelectDeselect                        0x0800bf41   Thumb Code    22  sdio_sdcard.o(i.SD_SelectDeselect)
    SD_SetDeviceMode                         0x0800bf59   Thumb Code    20  sdio_sdcard.o(i.SD_SetDeviceMode)
    SD_WriteBlock                            0x0800bf71   Thumb Code   708  sdio_sdcard.o(i.SD_WriteBlock)
    SD_WriteDisk                             0x0800c25d   Thumb Code   116  sdio_sdcard.o(i.SD_WriteDisk)
    SD_WriteMultiBlocks                      0x0800c2d9   Thumb Code   780  sdio_sdcard.o(i.SD_WriteMultiBlocks)
    SET_SYS_Destruct                         0x0800c60d   Thumb Code    32  iap_data.o(i.SET_SYS_Destruct)
    SPI1_Init                                0x0800c631   Thumb Code   108  spi1.o(i.SPI1_Init)
    SPI1_ReadWriteByte                       0x0800c6a9   Thumb Code    78  spi1.o(i.SPI1_ReadWriteByte)
    SPI1_SetSpeed                            0x0800c6fd   Thumb Code    26  spi1.o(i.SPI1_SetSpeed)
    SPI_Cmd                                  0x0800c721   Thumb Code    24  stm32f10x_spi.o(i.SPI_Cmd)
    SPI_I2S_GetFlagStatus                    0x0800c739   Thumb Code    18  stm32f10x_spi.o(i.SPI_I2S_GetFlagStatus)
    SPI_I2S_ReceiveData                      0x0800c74b   Thumb Code     6  stm32f10x_spi.o(i.SPI_I2S_ReceiveData)
    SPI_I2S_SendData                         0x0800c751   Thumb Code     4  stm32f10x_spi.o(i.SPI_I2S_SendData)
    SPI_Init                                 0x0800c755   Thumb Code    60  stm32f10x_spi.o(i.SPI_Init)
    SRAM_DATA_Init                           0x0800c791   Thumb Code   116  sram_data.o(i.SRAM_DATA_Init)
    ST32_CRC_DATA_Str                        0x0800c821   Thumb Code    54  stm32_crc.o(i.ST32_CRC_DATA_Str)
    STMFLASH_Read                            0x0800c85d   Thumb Code    34  stmflash.o(i.STMFLASH_Read)
    STMFLASH_ReadHalfWord                    0x0800c87f   Thumb Code     6  stmflash.o(i.STMFLASH_ReadHalfWord)
    SVC_Handler                              0x0800c885   Thumb Code     2  stm32f10x_it.o(i.SVC_Handler)
    SYS_START_Init                           0x0800c889   Thumb Code    86  sram_data.o(i.SYS_START_Init)
    SYS_Scan_TF_Err                          0x0800c8f9   Thumb Code   130  sram_data.o(i.SYS_Scan_TF_Err)
    Scan_SYS_Bootloader_Lock                 0x0800c98d   Thumb Code    96  iap_data.o(i.Scan_SYS_Bootloader_Lock)
    SysTick_CLKSourceConfig                  0x0800cad5   Thumb Code    40  misc.o(i.SysTick_CLKSourceConfig)
    SysTick_Handler                          0x0800cafd   Thumb Code     2  stm32f10x_it.o(i.SysTick_Handler)
    Sys_Soft_Reset                           0x0800cb01   Thumb Code     8  sys.o(i.Sys_Soft_Reset)
    SystemInit                               0x0800cb11   Thumb Code    78  system_stm32f10x.o(i.SystemInit)
    TIM2_IRQHandler                          0x0800cb71   Thumb Code    30  exit.o(i.TIM2_IRQHandler)
    TIM4_IRQHandler                          0x0800cb91   Thumb Code    88  exit.o(i.TIM4_IRQHandler)
    USART1_IRQHandler                        0x0800cc01   Thumb Code   118  usart1_dma.o(i.USART1_IRQHandler)
    USART1_RXD_DMA_CONFIG                    0x0800cc8d   Thumb Code   132  usart1_dma.o(i.USART1_RXD_DMA_CONFIG)
    USART1_RXD_DMA_Init                      0x0800cd19   Thumb Code    56  usart1_dma.o(i.USART1_RXD_DMA_Init)
    USART1_SEND_Byte                         0x0800cd61   Thumb Code    22  usart.o(i.USART1_SEND_Byte)
    USART_Cmd                                0x0800cd7d   Thumb Code    24  stm32f10x_usart.o(i.USART_Cmd)
    USART_DMACmd                             0x0800cd95   Thumb Code    18  stm32f10x_usart.o(i.USART_DMACmd)
    USART_GetITStatus                        0x0800cda7   Thumb Code    84  stm32f10x_usart.o(i.USART_GetITStatus)
    USART_ITConfig                           0x0800cdfb   Thumb Code    74  stm32f10x_usart.o(i.USART_ITConfig)
    USART_Init                               0x0800ce45   Thumb Code   210  stm32f10x_usart.o(i.USART_Init)
    Uart1_Init                               0x0800cf1d   Thumb Code   152  usart.o(i.Uart1_Init)
    Uart1_send_str                           0x0800cfbd   Thumb Code    28  usart.o(i.Uart1_send_str)
    UsageFault_Handler                       0x0800cfd9   Thumb Code     4  stm32f10x_it.o(i.UsageFault_Handler)
    Wait_Satellite_Broadcast                 0x0800cfdd   Thumb Code   182  file_ini.o(i.Wait_Satellite_Broadcast)
    _is_digit                                0x0800d0bd   Thumb Code    14  __printf_wp.o(i._is_digit)
    _sys_exit                                0x0800d0cb   Thumb Code     6  usart.o(i._sys_exit)
    clust2sect                               0x0800d1a7   Thumb Code    26  ff.o(i.clust2sect)
    convert_from_bytes_to_power_of_two       0x0800d251   Thumb Code    18  sdio_sdcard.o(i.convert_from_bytes_to_power_of_two)
    delay_init                               0x0800d5a9   Thumb Code    50  delay.o(i.delay_init)
    delay_ms                                 0x0800d5ed   Thumb Code    72  delay.o(i.delay_ms)
    dir_sdi                                  0x0800d9b7   Thumb Code   158  ff.o(i.dir_sdi)
    disk_initialize                          0x0800da55   Thumb Code    32  diskio.o(i.disk_initialize)
    disk_ioctl                               0x0800da75   Thumb Code   102  diskio.o(i.disk_ioctl)
    disk_read                                0x0800dae1   Thumb Code   104  diskio.o(i.disk_read)
    disk_status                              0x0800db49   Thumb Code     6  diskio.o(i.disk_status)
    disk_write                               0x0800db4f   Thumb Code   104  diskio.o(i.disk_write)
    exfuns_init                              0x0800dbb9   Thumb Code   106  exfuns.o(i.exfuns_init)
    f_close                                  0x0800dc35   Thumb Code    32  ff.o(i.f_close)
    f_lseek                                  0x0800dc55   Thumb Code   684  ff.o(i.f_lseek)
    f_mkdir                                  0x0800df01   Thumb Code   380  ff.o(i.f_mkdir)
    f_mount                                  0x0800e07d   Thumb Code    86  ff.o(i.f_mount)
    f_open                                   0x0800e0d9   Thumb Code   384  ff.o(i.f_open)
    f_sync                                   0x0800e259   Thumb Code   176  ff.o(i.f_sync)
    f_write                                  0x0800e309   Thumb Code   490  ff.o(i.f_write)
    ff_convert                               0x0800e4f3   Thumb Code    10  mycc936.o(i.ff_convert)
    ff_memalloc                              0x0800e4fd   Thumb Code    12  diskio.o(i.ff_memalloc)
    ff_memfree                               0x0800e509   Thumb Code    12  diskio.o(i.ff_memfree)
    ff_wtoupper                              0x0800e515   Thumb Code    46  mycc936.o(i.ff_wtoupper)
    get_fat                                  0x0800eabd   Thumb Code   242  ff.o(i.get_fat)
    get_fattime                              0x0800ebaf   Thumb Code     4  diskio.o(i.get_fattime)
    main                                     0x0800ec1d   Thumb Code  1208  main.o(i.main)
    mem_free                                 0x0800f115   Thumb Code    66  malloc.o(i.mem_free)
    mem_init                                 0x0800f15d   Thumb Code    38  malloc.o(i.mem_init)
    mem_malloc                               0x0800f189   Thumb Code   116  malloc.o(i.mem_malloc)
    mem_perused                              0x0800f201   Thumb Code    42  malloc.o(i.mem_perused)
    myfree                                   0x0800f279   Thumb Code    24  malloc.o(i.myfree)
    mymalloc                                 0x0800f295   Thumb Code    28  malloc.o(i.mymalloc)
    mymemset                                 0x0800f2b5   Thumb Code    20  malloc.o(i.mymemset)
    oled_pow                                 0x0800f2c9   Thumb Code    22  oled_gui.o(i.oled_pow)
    put_fat                                  0x0800f2df   Thumb Code   322  ff.o(i.put_fat)
    table_week                               0x0800f60c   Data          12  rtc.o(.constdata)
    mon_table                                0x0800f618   Data          12  rtc.o(.constdata)
    movie_data                               0x0800f624   Data       18432  m_data.o(.constdata)
    GPS_Cartoon                              0x08013e24   Data        4096  m_data.o(.constdata)
    OLED_F6X8                                0x08014e24   Data         552  oled_gui.o(.constdata)
    OLED_F8X16                               0x0801504c   Data        1520  oled_gui.o(.constdata)
    Copyright                                0x08015a36   Data        1024  copyright.o(.constdata)
    Region$$Table$$Base                      0x08015f40   Number         0  anon$$obj.o(Region$$Table)
    Region$$Table$$Limit                     0x08015f60   Number         0  anon$$obj.o(Region$$Table)
    Calendar_LED                             0x20000000   Data           2  exit.o(.data)
    CAMM_IO_TIME_Nuber                       0x20000002   Data           1  exit.o(.data)
    GPS_CMM_5HZ                              0x20000004   Data          24  gps_sta.o(.data)
    GPS_REST_CMM                             0x2000001c   Data           4  gps_sta.o(.data)
    GPS_TIME_CMM                             0x20000020   Data           4  gps_sta.o(.data)
    GPS_UNLOGALL_CMM                         0x20000024   Data           4  gps_sta.o(.data)
    GPS_SAVE_CMM                             0x20000028   Data           4  gps_sta.o(.data)
    Write_Counter                            0x2000002c   Data           4  play_data.o(.data)
    Write_Counter_CAMM                       0x20000030   Data           4  play_data.o(.data)
    Config_Counter                           0x20000034   Data           2  play_data.o(.data)
    RTC_Config_ERR                           0x20000036   Data           2  play_data.o(.data)
    SYS_TIMER_STA                            0x20000038   Data           1  play_data.o(.data)
    PLAY_DATE                                0x2000003c   Data          24  play_data.o(.data)
    Tim3_1ms_Counter                         0x20000054   Data           2  rtc.o(.data)
    TransferError                            0x20000066   Data           1  sdio_sdcard.o(.data)
    TransferEnd                              0x20000067   Data           1  sdio_sdcard.o(.data)
    Folder_Name                              0x20000068   Data           4  sram_data.o(.data)
    Moving_Station_File_Name                 0x2000006c   Data           4  sram_data.o(.data)
    Aerial_Point_File_Name                   0x20000070   Data           4  sram_data.o(.data)
    Write_Buff                               0x20000074   Data           4  sram_data.o(.data)
    GPS_TIME                                 0x20000078   Data           4  sram_data.o(.data)
    UTC_TIME                                 0x2000007c   Data           4  sram_data.o(.data)
    RX_BUF_FIFO                              0x20000080   Data           4  sram_data.o(.data)
    GPS_BUF                                  0x20000084   Data           4  sram_data.o(.data)
    UTC_BUF                                  0x20000088   Data           4  sram_data.o(.data)
    TIME_FIFO                                0x2000008c   Data           4  sram_data.o(.data)
    SD_Res_STA                               0x20000090   Data           1  sram_data.o(.data)
    RTC_ADJUS                                0x20000091   Data           1  sram_data.o(.data)
    RX_DMA_BUFF0                             0x20000094   Data           4  sram_data.o(.data)
    RX_DMA_BUFF1                             0x20000098   Data           4  sram_data.o(.data)
    RX_DMA_STA                               0x2000009c   Data           1  sram_data.o(.data)
    SystemCoreClock                          0x200000a0   Data           4  system_stm32f10x.o(.data)
    AHBPrescTable                            0x200000a4   Data          16  system_stm32f10x.o(.data)
    fs                                       0x200000cc   Data           8  exfuns.o(.data)
    file                                     0x200000d4   Data           4  exfuns.o(.data)
    ftemp                                    0x200000d8   Data           4  exfuns.o(.data)
    br                                       0x200000dc   Data           4  exfuns.o(.data)
    bw                                       0x200000e0   Data           4  exfuns.o(.data)
    fatbuf                                   0x200000e4   Data           4  exfuns.o(.data)
    mallco_dev                               0x200000f4   Data          20  malloc.o(.data)
    Copyright_CODE                           0x20000108   Data           4  copyright.o(.data)
    Cam_Save_time                            0x2000010c   Data          12  exit.o(.bss)
    Cam_WRITE_time                           0x20000118   Data          12  rtc.o(.bss)
    calendar                                 0x20000124   Data          12  rtc.o(.bss)
    SDCardInfo                               0x20000150   Data          88  sdio_sdcard.o(.bss)
    SDIO_DATA_BUFFER                         0x200001a8   Data         512  sdio_sdcard.o(.bss)
    OLED_GRAM                                0x200003a8   Data        1024  oled.o(.bss)
    SPI_InitStructure                        0x200007a8   Data          18  spi1.o(.bss)
    membase                                  0x200007bc   Data       35840  malloc.o(.bss)
    memmapbase                               0x200093bc   Data        2240  malloc.o(.bss)
    __libspace_start                         0x20009c7c   Data          96  libspace.o(.bss)
    __temporary_stack_top$libspace           0x20009cdc   Data           0  libspace.o(.bss)



==============================================================================

Memory Map of the image

  Image Entry point : 0x08008131

  Load Region LR_IROM1 (Base: 0x08008000, Size: 0x0000e06c, Max: 0x00038000, ABSOLUTE)

    Execution Region ER_IROM1 (Base: 0x08008000, Size: 0x0000df60, Max: 0x00038000, ABSOLUTE)

    Base Addr    Size         Type   Attr      Idx    E Section Name        Object

    0x08008000   0x00000130   Data   RO         1142    RESET               startup_stm32f10x_hd.o
    0x08008130   0x00000008   Code   RO         5651  * !!!main             c_w.l(__main.o)
    0x08008138   0x00000034   Code   RO         5955    !!!scatter          c_w.l(__scatter.o)
    0x0800816c   0x0000001a   Code   RO         5957    !!handler_copy      c_w.l(__scatter_copy.o)
    0x08008186   0x00000002   PAD
    0x08008188   0x0000001c   Code   RO         5959    !!handler_zi        c_w.l(__scatter_zi.o)
    0x080081a4   0x00000000   Code   RO         5636    .ARM.Collect$$_printf_percent$$00000000  c_w.l(_printf_percent.o)
    0x080081a4   0x00000006   Code   RO         5635    .ARM.Collect$$_printf_percent$$00000009  c_w.l(_printf_d.o)
    0x080081aa   0x00000006   Code   RO         5634    .ARM.Collect$$_printf_percent$$00000014  c_w.l(_printf_s.o)
    0x080081b0   0x00000004   Code   RO         5730    .ARM.Collect$$_printf_percent$$00000017  c_w.l(_printf_percent_end.o)
    0x080081b4   0x00000002   Code   RO         5822    .ARM.Collect$$libinit$$00000000  c_w.l(libinit.o)
    0x080081b6   0x00000000   Code   RO         5832    .ARM.Collect$$libinit$$00000002  c_w.l(libinit2.o)
    0x080081b6   0x00000000   Code   RO         5834    .ARM.Collect$$libinit$$00000004  c_w.l(libinit2.o)
    0x080081b6   0x00000000   Code   RO         5837    .ARM.Collect$$libinit$$0000000A  c_w.l(libinit2.o)
    0x080081b6   0x00000000   Code   RO         5839    .ARM.Collect$$libinit$$0000000C  c_w.l(libinit2.o)
    0x080081b6   0x00000000   Code   RO         5841    .ARM.Collect$$libinit$$0000000E  c_w.l(libinit2.o)
    0x080081b6   0x00000000   Code   RO         5844    .ARM.Collect$$libinit$$00000011  c_w.l(libinit2.o)
    0x080081b6   0x00000000   Code   RO         5846    .ARM.Collect$$libinit$$00000013  c_w.l(libinit2.o)
    0x080081b6   0x00000000   Code   RO         5848    .ARM.Collect$$libinit$$00000015  c_w.l(libinit2.o)
    0x080081b6   0x00000000   Code   RO         5850    .ARM.Collect$$libinit$$00000017  c_w.l(libinit2.o)
    0x080081b6   0x00000000   Code   RO         5852    .ARM.Collect$$libinit$$00000019  c_w.l(libinit2.o)
    0x080081b6   0x00000000   Code   RO         5854    .ARM.Collect$$libinit$$0000001B  c_w.l(libinit2.o)
    0x080081b6   0x00000000   Code   RO         5856    .ARM.Collect$$libinit$$0000001D  c_w.l(libinit2.o)
    0x080081b6   0x00000000   Code   RO         5858    .ARM.Collect$$libinit$$0000001F  c_w.l(libinit2.o)
    0x080081b6   0x00000000   Code   RO         5860    .ARM.Collect$$libinit$$00000021  c_w.l(libinit2.o)
    0x080081b6   0x00000000   Code   RO         5862    .ARM.Collect$$libinit$$00000023  c_w.l(libinit2.o)
    0x080081b6   0x00000000   Code   RO         5864    .ARM.Collect$$libinit$$00000025  c_w.l(libinit2.o)
    0x080081b6   0x00000000   Code   RO         5868    .ARM.Collect$$libinit$$0000002C  c_w.l(libinit2.o)
    0x080081b6   0x00000000   Code   RO         5870    .ARM.Collect$$libinit$$0000002E  c_w.l(libinit2.o)
    0x080081b6   0x00000000   Code   RO         5872    .ARM.Collect$$libinit$$00000030  c_w.l(libinit2.o)
    0x080081b6   0x00000000   Code   RO         5874    .ARM.Collect$$libinit$$00000032  c_w.l(libinit2.o)
    0x080081b6   0x00000002   Code   RO         5875    .ARM.Collect$$libinit$$00000033  c_w.l(libinit2.o)
    0x080081b8   0x00000002   Code   RO         5907    .ARM.Collect$$libshutdown$$00000000  c_w.l(libshutdown.o)
    0x080081ba   0x00000000   Code   RO         5921    .ARM.Collect$$libshutdown$$00000002  c_w.l(libshutdown2.o)
    0x080081ba   0x00000000   Code   RO         5923    .ARM.Collect$$libshutdown$$00000004  c_w.l(libshutdown2.o)
    0x080081ba   0x00000000   Code   RO         5926    .ARM.Collect$$libshutdown$$00000007  c_w.l(libshutdown2.o)
    0x080081ba   0x00000000   Code   RO         5929    .ARM.Collect$$libshutdown$$0000000A  c_w.l(libshutdown2.o)
    0x080081ba   0x00000000   Code   RO         5931    .ARM.Collect$$libshutdown$$0000000C  c_w.l(libshutdown2.o)
    0x080081ba   0x00000000   Code   RO         5934    .ARM.Collect$$libshutdown$$0000000F  c_w.l(libshutdown2.o)
    0x080081ba   0x00000002   Code   RO         5935    .ARM.Collect$$libshutdown$$00000010  c_w.l(libshutdown2.o)
    0x080081bc   0x00000000   Code   RO         5717    .ARM.Collect$$rtentry$$00000000  c_w.l(__rtentry.o)
    0x080081bc   0x00000000   Code   RO         5773    .ARM.Collect$$rtentry$$00000002  c_w.l(__rtentry2.o)
    0x080081bc   0x00000006   Code   RO         5785    .ARM.Collect$$rtentry$$00000004  c_w.l(__rtentry4.o)
    0x080081c2   0x00000000   Code   RO         5775    .ARM.Collect$$rtentry$$00000009  c_w.l(__rtentry2.o)
    0x080081c2   0x00000004   Code   RO         5776    .ARM.Collect$$rtentry$$0000000A  c_w.l(__rtentry2.o)
    0x080081c6   0x00000000   Code   RO         5778    .ARM.Collect$$rtentry$$0000000C  c_w.l(__rtentry2.o)
    0x080081c6   0x00000008   Code   RO         5779    .ARM.Collect$$rtentry$$0000000D  c_w.l(__rtentry2.o)
    0x080081ce   0x00000002   Code   RO         5825    .ARM.Collect$$rtexit$$00000000  c_w.l(rtexit.o)
    0x080081d0   0x00000000   Code   RO         5879    .ARM.Collect$$rtexit$$00000002  c_w.l(rtexit2.o)
    0x080081d0   0x00000004   Code   RO         5880    .ARM.Collect$$rtexit$$00000003  c_w.l(rtexit2.o)
    0x080081d4   0x00000006   Code   RO         5881    .ARM.Collect$$rtexit$$00000004  c_w.l(rtexit2.o)
    0x080081da   0x00000002   PAD
    0x080081dc   0x00000040   Code   RO         1143    .text               startup_stm32f10x_hd.o
    0x0800821c   0x00000002   Code   RO         5598    .text               c_w.l(use_no_semi_2.o)
    0x0800821e   0x00000048   Code   RO         5600    .text               c_w.l(llsdiv.o)
    0x08008266   0x00000002   PAD
    0x08008268   0x00000028   Code   RO         5604    .text               c_w.l(noretval__2sprintf.o)
    0x08008290   0x0000004e   Code   RO         5608    .text               c_w.l(_printf_pad.o)
    0x080082de   0x00000052   Code   RO         5610    .text               c_w.l(_printf_str.o)
    0x08008330   0x00000078   Code   RO         5612    .text               c_w.l(_printf_dec.o)
    0x080083a8   0x00000138   Code   RO         5626    .text               c_w.l(__printf_flags_wp.o)
    0x080084e0   0x0000003e   Code   RO         5641    .text               c_w.l(strlen.o)
    0x0800851e   0x0000008a   Code   RO         5643    .text               c_w.l(rt_memcpy_v6.o)
    0x080085a8   0x00000006   Code   RO         5649    .text               c_w.l(heapauxi.o)
    0x080085ae   0x00000002   Code   RO         5715    .text               c_w.l(use_no_semi.o)
    0x080085b0   0x000000ee   Code   RO         5718    .text               c_w.l(lludivv7m.o)
    0x0800869e   0x000000b2   Code   RO         5722    .text               c_w.l(_printf_intcommon.o)
    0x08008750   0x00000030   Code   RO         5724    .text               c_w.l(_printf_char_common.o)
    0x08008780   0x0000000a   Code   RO         5726    .text               c_w.l(_sputc.o)
    0x0800878a   0x0000002c   Code   RO         5728    .text               c_w.l(_printf_char.o)
    0x080087b6   0x00000064   Code   RO         5731    .text               c_w.l(rt_memcpy_w.o)
    0x0800881a   0x00000002   PAD
    0x0800881c   0x00000008   Code   RO         5808    .text               c_w.l(libspace.o)
    0x08008824   0x0000004a   Code   RO         5811    .text               c_w.l(sys_stackheap_outer.o)
    0x0800886e   0x00000012   Code   RO         5815    .text               c_w.l(exit.o)
    0x08008880   0x00000078   Code   RO         1064    i.Base_Station_New_File  txt.o
    0x080088f8   0x0000002c   Code   RO         4852    i.Bijiao_CRC_DATA   iap_data.o
    0x08008924   0x00000004   Code   RO         1652    i.BusFault_Handler  stm32f10x_it.o
    0x08008928   0x00000124   Code   RO          778    i.Cal_RTC_Get       rtc.o
    0x08008a4c   0x0000006c   Code   RO          274    i.Calendar_LED_TAsk  exit.o
    0x08008ab8   0x00000006   Code   RO          220    i.Cam_FIFO_BUF_Valid_NUM  cam_fifo.o
    0x08008abe   0x0000000c   Code   RO          221    i.Cam_FIFO_CLR      cam_fifo.o
    0x08008aca   0x000000b4   Code   RO          227    i.Cam_FIFO_WRITE    cam_fifo.o
    0x08008b7e   0x00000002   PAD
    0x08008b80   0x00000034   Code   RO          840    i.CmdError          sdio_sdcard.o
    0x08008bb4   0x00000058   Code   RO          841    i.CmdResp1Error     sdio_sdcard.o
    0x08008c0c   0x0000005c   Code   RO          842    i.CmdResp2Error     sdio_sdcard.o
    0x08008c68   0x00000038   Code   RO          843    i.CmdResp3Error     sdio_sdcard.o
    0x08008ca0   0x00000094   Code   RO          844    i.CmdResp6Error     sdio_sdcard.o
    0x08008d34   0x00000054   Code   RO          845    i.CmdResp7Error     sdio_sdcard.o
    0x08008d88   0x000000e0   Code   RO         1093    i.DMA1_Channel5_IRQHandler  usart1_dma.o
    0x08008e68   0x0000001c   Code   RO         2471    i.DMA_ClearFlag     stm32f10x_dma.o
    0x08008e84   0x00000018   Code   RO         2473    i.DMA_Cmd           stm32f10x_dma.o
    0x08008e9c   0x0000014c   Code   RO         2474    i.DMA_DeInit        stm32f10x_dma.o
    0x08008fe8   0x00000024   Code   RO         1094    i.DMA_FIFO_CONFIG   usart1_dma.o
    0x0800900c   0x0000002c   Code   RO         2476    i.DMA_GetFlagStatus  stm32f10x_dma.o
    0x08009038   0x00000012   Code   RO         2478    i.DMA_ITConfig      stm32f10x_dma.o
    0x0800904a   0x0000003c   Code   RO         2479    i.DMA_Init          stm32f10x_dma.o
    0x08009086   0x00000002   Code   RO         1653    i.DebugMon_Handler  stm32f10x_it.o
    0x08009088   0x0000007c   Code   RO          275    i.EXTI1_IRQHandler  exit.o
    0x08009104   0x0000000c   Code   RO         2544    i.EXTI_ClearITPendingBit  stm32f10x_exti.o
    0x08009110   0x00000008   Code   RO          672    i.FIFO_BUF_Valid_NUM  my_fifo.o
    0x08009118   0x00000012   Code   RO          673    i.FIFO_CLR_BUF      my_fifo.o
    0x0800912a   0x0000002c   Code   RO          682    i.FIFO_WRITE_BYTE_NO  my_fifo.o
    0x08009156   0x00000020   Code   RO          683    i.FIFO_WRITE_Byte   my_fifo.o
    0x08009176   0x00000002   PAD
    0x08009178   0x00000150   Code   RO          846    i.FindSCR           sdio_sdcard.o
    0x080092c8   0x00000116   Code   RO         2897    i.GPIO_Init         stm32f10x_gpio.o
    0x080093de   0x00000012   Code   RO         2901    i.GPIO_ReadInputDataBit  stm32f10x_gpio.o
    0x080093f0   0x00000004   Code   RO         2904    i.GPIO_ResetBits    stm32f10x_gpio.o
    0x080093f4   0x00000004   Code   RO         2905    i.GPIO_SetBits      stm32f10x_gpio.o
    0x080093f8   0x00000006   Code   RO          463    i.GPS_BUF_RETURN    gps_date.o
    0x080093fe   0x00000042   Code   RO          464    i.GPS_BUF_TIME_Adjust  gps_date.o
    0x08009440   0x000000ec   Code   RO          465    i.GPS_BUF_TIME_Adjust_Task  gps_date.o
    0x0800952c   0x00000006   Code   RO          466    i.GPS_BUF_Valid_NUM  gps_date.o
    0x08009532   0x0000000e   Code   RO          467    i.GPS_BUF_clear_Init  gps_date.o
    0x08009540   0x00000050   Code   RO          601    i.GPS_CONFIG_5HZ    gps_sta.o
    0x08009590   0x00000040   Code   RO          603    i.GPS_CONFIG_TIMEA  gps_sta.o
    0x080095d0   0x0000002c   Code   RO          604    i.GPS_PV_Init       gps_sta.o
    0x080095fc   0x000000a4   Code   RO          468    i.GPS_TIME_AMEND    gps_date.o
    0x080096a0   0x0000002c   Code   RO          469    i.GPS_TIME_Adjust   gps_date.o
    0x080096cc   0x00000074   Code   RO          606    i.GPS_UNLOGALL_CONFIG  gps_sta.o
    0x08009740   0x00000024   Code   RO          470    i.GPS_W_BUF_Byte    gps_date.o
    0x08009764   0x00000004   Code   RO         1654    i.HardFault_Handler  stm32f10x_it.o
    0x08009768   0x00000090   Code   RO          847    i.IsCardProgramming  sdio_sdcard.o
    0x080097f8   0x0000003a   Code   RO          779    i.Is_Leap_Year      rtc.o
    0x08009832   0x00000002   PAD
    0x08009834   0x00000048   Code   RO          660    i.LED_Init          led.o
    0x0800987c   0x00000136   Code   RO          472    i.MY_NMEA_TIMEA_Analysis  gps_date.o
    0x080099b2   0x00000002   PAD
    0x080099b4   0x00000028   Code   RO         4744    i.MY_NVIC_PriorityGroupConfig  sys.o
    0x080099dc   0x00000014   Code   RO         4745    i.MY_NVIC_SetVectorTable  sys.o
    0x080099f0   0x00000004   Code   RO         1655    i.MemManage_Handler  stm32f10x_it.o
    0x080099f4   0x00000072   Code   RO         1380    i.Movie_Show_BMP    oled_gui.o
    0x08009a66   0x00000002   PAD
    0x08009a68   0x00000014   Code   RO         1381    i.Movie_Show_Img    oled_gui.o
    0x08009a7c   0x00000032   Code   RO          382    i.NMEA_Comma_Pos    gps.o
    0x08009aae   0x00000016   Code   RO          389    i.NMEA_Pow          gps.o
    0x08009ac4   0x000000ea   Code   RO          390    i.NMEA_Str2num      gps.o
    0x08009bae   0x00000002   Code   RO         1656    i.NMI_Handler       stm32f10x_it.o
    0x08009bb0   0x0000014c   Code   RO          340    i.NO_CONFIG_FILE_EXE  file_ini.o
    0x08009cfc   0x0000000a   Code   RO         4746    i.NVIC_Configuration  sys.o
    0x08009d06   0x00000002   PAD
    0x08009d08   0x00000070   Code   RO         1746    i.NVIC_Init         misc.o
    0x08009d78   0x00000054   Code   RO         1066    i.New_Folder        txt.o
    0x08009dcc   0x00000028   Code   RO         1159    i.OLED_BUF_Clear    oled.o
    0x08009df4   0x0000000c   Code   RO         1160    i.OLED_Clear        oled.o
    0x08009e00   0x0000008c   Code   RO         1163    i.OLED_DrawPoint    oled.o
    0x08009e8c   0x0000003c   Code   RO         1165    i.OLED_Gram_Inverse  oled.o
    0x08009ec8   0x00000038   Code   RO         1166    i.OLED_Gram_Update  oled.o
    0x08009f00   0x0000015c   Code   RO         1167    i.OLED_Init         oled.o
    0x0800a05c   0x000000c4   Code   RO         1168    i.OLED_Init_Only    oled.o
    0x0800a120   0x000000b4   Code   RO         1169    i.OLED_SHOW_GRAM    oled.o
    0x0800a1d4   0x0000002e   Code   RO         1170    i.OLED_Set_Pos      oled.o
    0x0800a202   0x00000002   PAD
    0x0800a204   0x00000188   Code   RO         1388    i.OLED_ShowChar     oled_gui.o
    0x0800a38c   0x00000100   Code   RO         1389    i.OLED_ShowNum      oled_gui.o
    0x0800a48c   0x000000b2   Code   RO         1390    i.OLED_ShowString   oled_gui.o
    0x0800a53e   0x00000002   PAD
    0x0800a540   0x00000040   Code   RO         1171    i.OLED_WR_Byte      oled.o
    0x0800a580   0x000001c4   Code   RO          748    i.PLAY_DATE_Init    play_data.o
    0x0800a744   0x00000228   Code   RO          749    i.PLAY_DATE_TASK    play_data.o
    0x0800a96c   0x00000028   Code   RO          750    i.PLAY_GPS_Cartoon  play_data.o
    0x0800a994   0x0000000c   Code   RO         3251    i.PWR_BackupAccessCmd  stm32f10x_pwr.o
    0x0800a9a0   0x00000002   Code   RO         1657    i.PendSV_Handler    stm32f10x_it.o
    0x0800a9a2   0x00000002   PAD
    0x0800a9a4   0x00000028   Code   RO         5576    i.Play_RTK_Copyright  copyright.o
    0x0800a9cc   0x00000020   Code   RO         3312    i.RCC_AHBPeriphClockCmd  stm32f10x_rcc.o
    0x0800a9ec   0x00000020   Code   RO         3313    i.RCC_APB1PeriphClockCmd  stm32f10x_rcc.o
    0x0800aa0c   0x00000020   Code   RO         3315    i.RCC_APB2PeriphClockCmd  stm32f10x_rcc.o
    0x0800aa2c   0x000000d4   Code   RO         3323    i.RCC_GetClocksFreq  stm32f10x_rcc.o
    0x0800ab00   0x0000003c   Code   RO         3324    i.RCC_GetFlagStatus  stm32f10x_rcc.o
    0x0800ab3c   0x00000034   Code   RO         3331    i.RCC_LSEConfig     stm32f10x_rcc.o
    0x0800ab70   0x0000000c   Code   RO         3338    i.RCC_RTCCLKCmd     stm32f10x_rcc.o
    0x0800ab7c   0x00000010   Code   RO         3339    i.RCC_RTCCLKConfig  stm32f10x_rcc.o
    0x0800ab8c   0x0000002a   Code   RO          277    i.RETURN_OneSelf_TYP  exit.o
    0x0800abb6   0x00000002   PAD
    0x0800abb8   0x00000010   Code   RO         3512    i.RTC_ClearITPendingBit  stm32f10x_rtc.o
    0x0800abc8   0x00000014   Code   RO         3513    i.RTC_EnterConfigMode  stm32f10x_rtc.o
    0x0800abdc   0x00000014   Code   RO         3514    i.RTC_ExitConfigMode  stm32f10x_rtc.o
    0x0800abf0   0x00000108   Code   RO          780    i.RTC_Get           rtc.o
    0x0800acf8   0x00000014   Code   RO         3515    i.RTC_GetCounter    stm32f10x_rtc.o
    0x0800ad0c   0x00000024   Code   RO         3518    i.RTC_GetITStatus   stm32f10x_rtc.o
    0x0800ad30   0x00000028   Code   RO          782    i.RTC_IRQHandler    rtc.o
    0x0800ad58   0x00000020   Code   RO         3519    i.RTC_ITConfig      stm32f10x_rtc.o
    0x0800ad78   0x0000008c   Code   RO          783    i.RTC_Init          rtc.o
    0x0800ae04   0x00000022   Code   RO          784    i.RTC_NVIC_Config   rtc.o
    0x0800ae26   0x00000002   PAD
    0x0800ae28   0x000000d0   Code   RO          785    i.RTC_Set           rtc.o
    0x0800aef8   0x0000001c   Code   RO         3521    i.RTC_SetCounter    stm32f10x_rtc.o
    0x0800af14   0x00000020   Code   RO         3522    i.RTC_SetPrescaler  stm32f10x_rtc.o
    0x0800af34   0x00000014   Code   RO         3523    i.RTC_WaitForLastTask  stm32f10x_rtc.o
    0x0800af48   0x00000024   Code   RO         3524    i.RTC_WaitForSynchro  stm32f10x_rtc.o
    0x0800af6c   0x00000014   Code   RO         4855    i.Read_FLASH_APP_CRC_DATA  iap_data.o
    0x0800af80   0x000000a4   Code   RO         4856    i.Read_USER_FLASH_DATA_CRC  iap_data.o
    0x0800b024   0x00000080   Code   RO          848    i.SDEnWideBus       sdio_sdcard.o
    0x0800b0a4   0x0000001c   Code   RO          849    i.SDIO_Clock_Set    sdio_sdcard.o
    0x0800b0c0   0x00000008   Code   RO          850    i.SDIO_IRQHandler   sdio_sdcard.o
    0x0800b0c8   0x00000040   Code   RO          851    i.SDIO_Send_Cmd     sdio_sdcard.o
    0x0800b108   0x00000048   Code   RO          852    i.SDIO_Send_Data_Cfg  sdio_sdcard.o
    0x0800b150   0x00000098   Code   RO          853    i.SD_DMA_Config     sdio_sdcard.o
    0x0800b1e8   0x00000068   Code   RO          854    i.SD_EnableWideBusOperation  sdio_sdcard.o
    0x0800b250   0x00000314   Code   RO          855    i.SD_GetCardInfo    sdio_sdcard.o
    0x0800b564   0x00000100   Code   RO          856    i.SD_Init           sdio_sdcard.o
    0x0800b664   0x00000104   Code   RO          857    i.SD_InitializeCards  sdio_sdcard.o
    0x0800b768   0x00000178   Code   RO          859    i.SD_PowerON        sdio_sdcard.o
    0x0800b8e0   0x00000148   Code   RO          860    i.SD_ProcessIRQSrc  sdio_sdcard.o
    0x0800ba28   0x0000020c   Code   RO          861    i.SD_ReadBlock      sdio_sdcard.o
    0x0800bc34   0x0000007c   Code   RO          862    i.SD_ReadDisk       sdio_sdcard.o
    0x0800bcb0   0x0000025c   Code   RO          863    i.SD_ReadMultiBlocks  sdio_sdcard.o
    0x0800bf0c   0x00000034   Code   RO          278    i.SD_SACN_Init      exit.o
    0x0800bf40   0x00000016   Code   RO          864    i.SD_SelectDeselect  sdio_sdcard.o
    0x0800bf56   0x00000002   PAD
    0x0800bf58   0x00000018   Code   RO          865    i.SD_SetDeviceMode  sdio_sdcard.o
    0x0800bf70   0x000002ec   Code   RO          866    i.SD_WriteBlock     sdio_sdcard.o
    0x0800c25c   0x0000007c   Code   RO          867    i.SD_WriteDisk      sdio_sdcard.o
    0x0800c2d8   0x00000334   Code   RO          868    i.SD_WriteMultiBlocks  sdio_sdcard.o
    0x0800c60c   0x00000024   Code   RO         4857    i.SET_SYS_Destruct  iap_data.o
    0x0800c630   0x00000078   Code   RO         1249    i.SPI1_Init         spi1.o
    0x0800c6a8   0x00000054   Code   RO         1250    i.SPI1_ReadWriteByte  spi1.o
    0x0800c6fc   0x00000024   Code   RO         1251    i.SPI1_SetSpeed     spi1.o
    0x0800c720   0x00000018   Code   RO         3792    i.SPI_Cmd           stm32f10x_spi.o
    0x0800c738   0x00000012   Code   RO         3800    i.SPI_I2S_GetFlagStatus  stm32f10x_spi.o
    0x0800c74a   0x00000006   Code   RO         3803    i.SPI_I2S_ReceiveData  stm32f10x_spi.o
    0x0800c750   0x00000004   Code   RO         3804    i.SPI_I2S_SendData  stm32f10x_spi.o
    0x0800c754   0x0000003c   Code   RO         3805    i.SPI_Init          stm32f10x_spi.o
    0x0800c790   0x00000090   Code   RO         1033    i.SRAM_DATA_Init    sram_data.o
    0x0800c820   0x0000003c   Code   RO         4925    i.ST32_CRC_DATA_Str  stm32_crc.o
    0x0800c85c   0x00000022   Code   RO         4943    i.STMFLASH_Read     stmflash.o
    0x0800c87e   0x00000006   Code   RO         4944    i.STMFLASH_ReadHalfWord  stmflash.o
    0x0800c884   0x00000002   Code   RO         1658    i.SVC_Handler       stm32f10x_it.o
    0x0800c886   0x00000002   PAD
    0x0800c888   0x00000070   Code   RO         1034    i.SYS_START_Init    sram_data.o
    0x0800c8f8   0x00000094   Code   RO         1035    i.SYS_Scan_TF_Err   sram_data.o
    0x0800c98c   0x00000060   Code   RO         4859    i.Scan_SYS_Bootloader_Lock  iap_data.o
    0x0800c9ec   0x00000008   Code   RO         1712    i.SetSysClock       system_stm32f10x.o
    0x0800c9f4   0x000000e0   Code   RO         1713    i.SetSysClockTo72   system_stm32f10x.o
    0x0800cad4   0x00000028   Code   RO         1750    i.SysTick_CLKSourceConfig  misc.o
    0x0800cafc   0x00000002   Code   RO         1659    i.SysTick_Handler   stm32f10x_it.o
    0x0800cafe   0x00000002   PAD
    0x0800cb00   0x00000010   Code   RO         4748    i.Sys_Soft_Reset    sys.o
    0x0800cb10   0x00000060   Code   RO         1715    i.SystemInit        system_stm32f10x.o
    0x0800cb70   0x0000001e   Code   RO          279    i.TIM2_IRQHandler   exit.o
    0x0800cb8e   0x00000002   PAD
    0x0800cb90   0x00000070   Code   RO          280    i.TIM4_IRQHandler   exit.o
    0x0800cc00   0x0000008c   Code   RO         1095    i.USART1_IRQHandler  usart1_dma.o
    0x0800cc8c   0x0000008c   Code   RO         1096    i.USART1_RXD_DMA_CONFIG  usart1_dma.o
    0x0800cd18   0x00000048   Code   RO         1097    i.USART1_RXD_DMA_Init  usart1_dma.o
    0x0800cd60   0x0000001c   Code   RO         4809    i.USART1_SEND_Byte  usart.o
    0x0800cd7c   0x00000018   Code   RO         4483    i.USART_Cmd         stm32f10x_usart.o
    0x0800cd94   0x00000012   Code   RO         4484    i.USART_DMACmd      stm32f10x_usart.o
    0x0800cda6   0x00000054   Code   RO         4487    i.USART_GetITStatus  stm32f10x_usart.o
    0x0800cdfa   0x0000004a   Code   RO         4489    i.USART_ITConfig    stm32f10x_usart.o
    0x0800ce44   0x000000d8   Code   RO         4490    i.USART_Init        stm32f10x_usart.o
    0x0800cf1c   0x000000a0   Code   RO         4810    i.Uart1_Init        usart.o
    0x0800cfbc   0x0000001c   Code   RO         4811    i.Uart1_send_str    usart.o
    0x0800cfd8   0x00000004   Code   RO         1660    i.UsageFault_Handler  stm32f10x_it.o
    0x0800cfdc   0x000000e0   Code   RO          341    i.Wait_Satellite_Broadcast  file_ini.o
    0x0800d0bc   0x0000000e   Code   RO         5624    i._is_digit         c_w.l(__printf_wp.o)
    0x0800d0ca   0x00000006   Code   RO         4812    i._sys_exit         usart.o
    0x0800d0d0   0x00000090   Code   RO         5148    i.check_fs          ff.o
    0x0800d160   0x00000014   Code   RO         5149    i.chk_chr           ff.o
    0x0800d174   0x00000032   Code   RO         5150    i.clmt_clust        ff.o
    0x0800d1a6   0x0000001a   Code   RO         5151    i.clust2sect        ff.o
    0x0800d1c0   0x00000090   Code   RO         5152    i.cmp_lfn           ff.o
    0x0800d250   0x00000012   Code   RO          869    i.convert_from_bytes_to_power_of_two  sdio_sdcard.o
    0x0800d262   0x000000d6   Code   RO         5153    i.create_chain      ff.o
    0x0800d338   0x00000270   Code   RO         5154    i.create_name       ff.o
    0x0800d5a8   0x00000044   Code   RO         4713    i.delay_init        delay.o
    0x0800d5ec   0x0000004c   Code   RO         4714    i.delay_ms          delay.o
    0x0800d638   0x0000005c   Code   RO         5155    i.dir_alloc         ff.o
    0x0800d694   0x000000ea   Code   RO         5156    i.dir_find          ff.o
    0x0800d77e   0x0000010e   Code   RO         5157    i.dir_next          ff.o
    0x0800d88c   0x0000012a   Code   RO         5159    i.dir_register      ff.o
    0x0800d9b6   0x0000009e   Code   RO         5161    i.dir_sdi           ff.o
    0x0800da54   0x00000020   Code   RO         5088    i.disk_initialize   diskio.o
    0x0800da74   0x0000006c   Code   RO         5089    i.disk_ioctl        diskio.o
    0x0800dae0   0x00000068   Code   RO         5090    i.disk_read         diskio.o
    0x0800db48   0x00000006   Code   RO         5091    i.disk_status       diskio.o
    0x0800db4e   0x00000068   Code   RO         5092    i.disk_write        diskio.o
    0x0800dbb6   0x00000002   PAD
    0x0800dbb8   0x0000007c   Code   RO         5048    i.exfuns_init       exfuns.o
    0x0800dc34   0x00000020   Code   RO         5163    i.f_close           ff.o
    0x0800dc54   0x000002ac   Code   RO         5168    i.f_lseek           ff.o
    0x0800df00   0x0000017c   Code   RO         5169    i.f_mkdir           ff.o
    0x0800e07c   0x0000005c   Code   RO         5171    i.f_mount           ff.o
    0x0800e0d8   0x00000180   Code   RO         5172    i.f_open            ff.o
    0x0800e258   0x000000b0   Code   RO         5182    i.f_sync            ff.o
    0x0800e308   0x000001ea   Code   RO         5186    i.f_write           ff.o
    0x0800e4f2   0x0000000a   Code   RO         5489    i.ff_convert        mycc936.o
    0x0800e4fc   0x0000000c   Code   RO         5093    i.ff_memalloc       diskio.o
    0x0800e508   0x0000000c   Code   RO         5094    i.ff_memfree        diskio.o
    0x0800e514   0x00000038   Code   RO         5490    i.ff_wtoupper       mycc936.o
    0x0800e54c   0x00000394   Code   RO         5187    i.find_volume       ff.o
    0x0800e8e0   0x00000080   Code   RO         5188    i.fit_lfn           ff.o
    0x0800e960   0x00000090   Code   RO         5189    i.follow_path       ff.o
    0x0800e9f0   0x000000cc   Code   RO         5190    i.gen_numname       ff.o
    0x0800eabc   0x000000f2   Code   RO         5191    i.get_fat           ff.o
    0x0800ebae   0x00000004   Code   RO         5095    i.get_fattime       diskio.o
    0x0800ebb2   0x0000004a   Code   RO         5193    i.get_ldnumber      ff.o
    0x0800ebfc   0x00000020   Code   RO         5194    i.ld_clust          ff.o
    0x0800ec1c   0x000004b8   Code   RO            1    i.main              main.o
    0x0800f0d4   0x00000026   Code   RO         5195    i.mem_cmp           ff.o
    0x0800f0fa   0x0000001a   Code   RO         5196    i.mem_cpy           ff.o
    0x0800f114   0x00000048   Code   RO         5508    i.mem_free          malloc.o
    0x0800f15c   0x0000002c   Code   RO         5509    i.mem_init          malloc.o
    0x0800f188   0x00000078   Code   RO         5510    i.mem_malloc        malloc.o
    0x0800f200   0x00000030   Code   RO         5511    i.mem_perused       malloc.o
    0x0800f230   0x00000014   Code   RO         5197    i.mem_set           ff.o
    0x0800f244   0x00000034   Code   RO         5198    i.move_window       ff.o
    0x0800f278   0x0000001c   Code   RO         5512    i.myfree            malloc.o
    0x0800f294   0x00000020   Code   RO         5513    i.mymalloc          malloc.o
    0x0800f2b4   0x00000014   Code   RO         5515    i.mymemset          malloc.o
    0x0800f2c8   0x00000016   Code   RO         1391    i.oled_pow          oled_gui.o
    0x0800f2de   0x00000142   Code   RO         5200    i.put_fat           ff.o
    0x0800f420   0x0000006c   Code   RO         5202    i.remove_chain      ff.o
    0x0800f48c   0x00000010   Code   RO         5203    i.st_clust          ff.o
    0x0800f49c   0x00000020   Code   RO         5204    i.sum_sfn           ff.o
    0x0800f4bc   0x000000c8   Code   RO         5205    i.sync_fs           ff.o
    0x0800f584   0x00000052   Code   RO         5206    i.sync_window       ff.o
    0x0800f5d6   0x00000036   Code   RO         5207    i.validate          ff.o
    0x0800f60c   0x00000018   Data   RO          787    .constdata          rtc.o
    0x0800f624   0x00005800   Data   RO         1147    .constdata          m_data.o
    0x08014e24   0x00000818   Data   RO         1392    .constdata          oled_gui.o
    0x0801563c   0x0000003a   Data   RO         5208    .constdata          ff.o
    0x08015676   0x000003c0   Data   RO         5491    .constdata          mycc936.o
    0x08015a36   0x00000400   Data   RO         5577    .constdata          copyright.o
    0x08015e36   0x00000011   Data   RO         5627    .constdata          c_w.l(__printf_flags_wp.o)
    0x08015e47   0x00000001   PAD
    0x08015e48   0x000000ed   Data   RO          607    .conststring        gps_sta.o
    0x08015f35   0x00000003   PAD
    0x08015f38   0x00000005   Data   RO         5578    .conststring        copyright.o
    0x08015f3d   0x00000003   PAD
    0x08015f40   0x00000020   Data   RO         5953    Region$$Table       anon$$obj.o


    Execution Region RW_IRAM1 (Base: 0x20000000, Size: 0x0000a2e0, Max: 0x0000c000, ABSOLUTE)

    Base Addr    Size         Type   Attr      Idx    E Section Name        Object

    0x20000000   0x00000003   Data   RW          282    .data               exit.o
    0x20000003   0x00000001   PAD
    0x20000004   0x00000028   Data   RW          608    .data               gps_sta.o
    0x2000002c   0x00000028   Data   RW          751    .data               play_data.o
    0x20000054   0x00000006   Data   RW          788    .data               rtc.o
    0x2000005a   0x00000002   PAD
    0x2000005c   0x0000000c   Data   RW          871    .data               sdio_sdcard.o
    0x20000068   0x00000035   Data   RW         1036    .data               sram_data.o
    0x2000009d   0x00000003   PAD
    0x200000a0   0x00000014   Data   RW         1716    .data               system_stm32f10x.o
    0x200000b4   0x00000014   Data   RW         3343    .data               stm32f10x_rcc.o
    0x200000c8   0x00000004   Data   RW         4716    .data               delay.o
    0x200000cc   0x0000001c   Data   RW         5053    .data               exfuns.o
    0x200000e8   0x0000000a   Data   RW         5209    .data               ff.o
    0x200000f2   0x00000002   PAD
    0x200000f4   0x00000014   Data   RW         5519    .data               malloc.o
    0x20000108   0x00000004   Data   RW         5579    .data               copyright.o
    0x2000010c   0x0000000c   Zero   RW          281    .bss                exit.o
    0x20000118   0x00000018   Zero   RW          786    .bss                rtc.o
    0x20000130   0x00000278   Zero   RW          870    .bss                sdio_sdcard.o
    0x200003a8   0x00000400   Zero   RW         1172    .bss                oled.o
    0x200007a8   0x00000012   Zero   RW         1252    .bss                spi1.o
    0x200007ba   0x00000002   PAD
    0x200007bc   0x000094c0   Zero   RW         5517    .bss                malloc.o
    0x20009c7c   0x00000060   Zero   RW         5809    .bss                c_w.l(libspace.o)
    0x20009cdc   0x00000004   PAD
    0x20009ce0   0x00000200   Zero   RW         1141    HEAP                startup_stm32f10x_hd.o
    0x20009ee0   0x00000400   Zero   RW         1140    STACK               startup_stm32f10x_hd.o


==============================================================================

Image component sizes


      Code (inc. data)   RO Data    RW Data    ZI Data      Debug   Object Name

       198          0          0          0          0       2417   cam_fifo.o
        40         10       1029          4          0       1416   copyright.o
         0          0          0          0          0         32   core_cm3.o
       144         22          0          4          0       1544   delay.o
       382          6          0          0          0       7203   diskio.o
       124         18          0         28          0       1882   exfuns.o
       468         56          0          3         12       5435   exit.o
      7202         64         58         10          0      38704   ff.o
       556         64          0          0          0       4392   file_ini.o
       306          0          0          0          0       3755   gps.o
       882         16          0          0          0       7196   gps_date.o
       304         28        237         40          0       3954   gps_sta.o
       360          8          0          0          0       5137   iap_data.o
        72          4          0          0          0        595   led.o
         0          0      22528          0          0        853   m_data.o
      1208        188          0          0          0     255075   main.o
       364         30          0         20      38080       6386   malloc.o
       152         12          0          0          0       1918   misc.o
       102          0          0          0          0       2990   my_fifo.o
        66         10        960          0          0       1775   mycc936.o
      1142         36          0          0       1024       7966   oled.o
       982         12       2072          0          0       6957   oled_gui.o
      1044         98          0         40          0       3370   play_data.o
      1036         64         24          6         24       6963   rtc.o
      6572        372          0         12        632      34642   sdio_sdcard.o
       240         28          0          0         18       2449   spi1.o
       404         72          0         53          0       3723   sram_data.o
        64         26        304          0       1536        892   startup_stm32f10x_hd.o
        60          6          0          0          0       1088   stm32_crc.o
       506         26          0          0          0       5985   stm32f10x_dma.o
        12          6          0          0          0        645   stm32f10x_exti.o
       304          0          0          0          0       4276   stm32f10x_gpio.o
        26          0          0          0          0       5042   stm32f10x_it.o
        12          6          0          0          0        634   stm32f10x_pwr.o
       448         58          0         20          0       8421   stm32f10x_rcc.o
       260         48          0          0          0       6372   stm32f10x_rtc.o
       112          0          0          0          0       4574   stm32f10x_spi.o
       416          6          0          0          0       5781   stm32f10x_usart.o
        40          0          0          0          0       1884   stmflash.o
        86         24          0          0          0       2441   sys.o
       328         28          0         20          0       2825   system_stm32f10x.o
       204         92          0          0          0       1801   txt.o
       222         14          0          0          0       3225   usart.o
       612         66          0          0          0       3411   usart1_dma.o

    ----------------------------------------------------------------------
     28094       1624      27250        268      41328     478026   Object Totals
         0          0         32          0          0          0   (incl. Generated)
        32          0          6          8          2          0   (incl. Padding)

    ----------------------------------------------------------------------

      Code (inc. data)   RO Data    RW Data    ZI Data      Debug   Library Member Name

         8          0          0          0          0         68   __main.o
       312          4         17          0          0         92   __printf_flags_wp.o
        14          0          0          0          0         68   __printf_wp.o
         0          0          0          0          0          0   __rtentry.o
        12          0          0          0          0          0   __rtentry2.o
         6          0          0          0          0          0   __rtentry4.o
        52          8          0          0          0          0   __scatter.o
        26          0          0          0          0          0   __scatter_copy.o
        28          0          0          0          0          0   __scatter_zi.o
        44          0          0          0          0        108   _printf_char.o
        48          6          0          0          0         96   _printf_char_common.o
         6          0          0          0          0          0   _printf_d.o
       120         16          0          0          0         92   _printf_dec.o
       178          0          0          0          0         88   _printf_intcommon.o
        78          0          0          0          0        108   _printf_pad.o
         0          0          0          0          0          0   _printf_percent.o
         4          0          0          0          0          0   _printf_percent_end.o
         6          0          0          0          0          0   _printf_s.o
        82          0          0          0          0         80   _printf_str.o
        10          0          0          0          0         68   _sputc.o
        18          0          0          0          0         80   exit.o
         6          0          0          0          0        152   heapauxi.o
         2          0          0          0          0          0   libinit.o
         2          0          0          0          0          0   libinit2.o
         2          0          0          0          0          0   libshutdown.o
         2          0          0          0          0          0   libshutdown2.o
         8          4          0          0         96         68   libspace.o
        72          0          0          0          0         76   llsdiv.o
       238          0          0          0          0        100   lludivv7m.o
        40          6          0          0          0         84   noretval__2sprintf.o
       138          0          0          0          0         68   rt_memcpy_v6.o
       100          0          0          0          0         80   rt_memcpy_w.o
         2          0          0          0          0          0   rtexit.o
        10          0          0          0          0          0   rtexit2.o
        62          0          0          0          0         76   strlen.o
        74          0          0          0          0         80   sys_stackheap_outer.o
         2          0          0          0          0         68   use_no_semi.o
         2          0          0          0          0         68   use_no_semi_2.o

    ----------------------------------------------------------------------
      1822         44         18          0        100       1868   Library Totals
         8          0          1          0          4          0   (incl. Padding)

    ----------------------------------------------------------------------

      Code (inc. data)   RO Data    RW Data    ZI Data      Debug   Library Name

      1814         44         17          0         96       1868   c_w.l

    ----------------------------------------------------------------------
      1822         44         18          0        100       1868   Library Totals

    ----------------------------------------------------------------------

==============================================================================


      Code (inc. data)   RO Data    RW Data    ZI Data      Debug   

     29916       1668      27268        268      41428     467306   Grand Totals
     29916       1668      27268        268      41428     467306   ELF Image Totals
     29916       1668      27268        268          0          0   ROM Totals

==============================================================================

    Total RO  Size (Code + RO Data)                57184 (  55.84kB)
    Total RW  Size (RW Data + ZI Data)             41696 (  40.72kB)
    Total ROM Size (Code + RO Data + RW Data)      57452 (  56.11kB)

==============================================================================

