ARM Linker, 4.1 [Build 791] [Standard]

==============================================================================

Section Cross References

    main.o(.text) refers to usart1.o(.text) for UART1GPIO_config
    main.o(.text) refers to spi_sd_driver.o(.text) for SDCard_SpiInit
    main.o(.text) refers to test_fatfs.o(.text) for Test_f_getfreem
    main.o(.text) refers to printf6.o(i.__0printf$6) for __2printf
    misc.o(.text) refers to stm32f10x_it.o(.text) for assert_failed
    stm32f10x_bkp.o(.text) refers to stm32f10x_rcc.o(.text) for RCC_BackupResetCmd
    stm32f10x_bkp.o(.text) refers to stm32f10x_it.o(.text) for assert_failed
    stm32f10x_dbgmcu.o(.text) refers to stm32f10x_it.o(.text) for assert_failed
    stm32f10x_dma.o(.text) refers to stm32f10x_it.o(.text) for assert_failed
    stm32f10x_flash.o(.text) refers to stm32f10x_it.o(.text) for assert_failed
    stm32f10x_gpio.o(.text) refers to stm32f10x_it.o(.text) for assert_failed
    stm32f10x_gpio.o(.text) refers to stm32f10x_rcc.o(.text) for RCC_APB2PeriphResetCmd
    stm32f10x_pwr.o(.text) refers to stm32f10x_rcc.o(.text) for RCC_APB1PeriphResetCmd
    stm32f10x_pwr.o(.text) refers to stm32f10x_it.o(.text) for assert_failed
    stm32f10x_rcc.o(.text) refers to stm32f10x_it.o(.text) for assert_failed
    stm32f10x_rcc.o(.text) refers to stm32f10x_rcc.o(.data) for APBAHBPrescTable
    stm32f10x_rtc.o(.text) refers to stm32f10x_it.o(.text) for assert_failed
    stm32f10x_spi.o(.text) refers to stm32f10x_it.o(.text) for assert_failed
    stm32f10x_spi.o(.text) refers to stm32f10x_rcc.o(.text) for RCC_APB2PeriphResetCmd
    stm32f10x_usart.o(.text) refers to stm32f10x_it.o(.text) for assert_failed
    stm32f10x_usart.o(.text) refers to stm32f10x_rcc.o(.text) for RCC_APB2PeriphResetCmd
    startup_stm32f10x_md.o(RESET) refers to startup_stm32f10x_md.o(STACK) for __initial_sp
    startup_stm32f10x_md.o(RESET) refers to startup_stm32f10x_md.o(.text) for Reset_Handler
    startup_stm32f10x_md.o(RESET) refers to stm32f10x_it.o(.text) for NMI_Handler
    startup_stm32f10x_md.o(.text) refers to system_stm32f10x.o(.text) for SystemInit
    startup_stm32f10x_md.o(.text) refers to entry.o(.ARM.Collect$$$$00000000) for __main
    system_stm32f10x.o(.text) refers to system_stm32f10x.o(.data) for SystemCoreClock
    usart1.o(.text) refers to stm32f10x_rcc.o(.text) for RCC_APB2PeriphClockCmd
    usart1.o(.text) refers to stm32f10x_gpio.o(.text) for GPIO_Init
    usart1.o(.text) refers to stm32f10x_usart.o(.text) for USART_StructInit
    usart1.o(.text) refers to misc.o(.text) for NVIC_Init
    usart1.o(.text) refers to printf6.o(i.__0printf$6) for __2printf
    spi_sd_driver.o(.text) refers to stm32f10x_rcc.o(.text) for RCC_APB2PeriphClockCmd
    spi_sd_driver.o(.text) refers to stm32f10x_gpio.o(.text) for GPIO_Init
    spi_sd_driver.o(.text) refers to stm32f10x_spi.o(.text) for SPI_Init
    spi_sd_driver.o(.text) refers to spi_sd_driver.o(.data) for SD_Type
    diskio.o(.text) refers to spi_sd_driver.o(.text) for SD_Init
    diskio.o(.text) refers to stm32f10x_gpio.o(.text) for GPIO_ReadInputDataBit
    ff.o(.text) refers to diskio.o(.text) for disk_write
    ff.o(.text) refers to ff.o(.data) for FatFs
    ff.o(.text) refers to ff.o(.constdata) for vst
    test_fatfs.o(.text) refers to diskio.o(.text) for disk_status
    test_fatfs.o(.text) refers to printf6.o(i.__0printf$6) for __2printf
    test_fatfs.o(.text) refers to ff.o(.text) for f_mount
    test_fatfs.o(.text) refers to usart1.o(.text) for USART_Scanf_Name
    test_fatfs.o(.text) refers to test_fatfs.o(.constdata) for .constdata
    test_fatfs.o(.text) refers to strcpy.o(.text) for strcpy
    entry.o(.ARM.Collect$$$$00000000) refers (Special) to entry7b.o(.ARM.Collect$$$$00000008) for _main_clock
    entry.o(.ARM.Collect$$$$00000000) refers (Special) to entry8.o(.ARM.Collect$$$$00000009) for _main_init
    entry.o(.ARM.Collect$$$$00000000) refers (Special) to entry5.o(.ARM.Collect$$$$00000004) for _main_scatterload
    entry.o(.ARM.Collect$$$$00000000) refers (Special) to entry2.o(.ARM.Collect$$$$00000001) for _main_stk
    printfb.o(i.__0fprintf$bare) refers to printfb.o(i._printf_core) for _printf_core
    printfb.o(i.__0fprintf$bare) refers to usart1.o(.text) for fputc
    printfb.o(i.__0printf$bare) refers to printfb.o(i._printf_core) for _printf_core
    printfb.o(i.__0printf$bare) refers to usart1.o(.text) for fputc
    printfb.o(i.__0printf$bare) refers to stdout.o(.data) for __stdout
    printfb.o(i.__0snprintf$bare) refers to printfb.o(i._printf_core) for _printf_core
    printfb.o(i.__0snprintf$bare) refers to printfb.o(i._snputc) for _snputc
    printfb.o(i.__0sprintf$bare) refers to printfb.o(i._printf_core) for _printf_core
    printfb.o(i.__0sprintf$bare) refers to printfb.o(i._sputc) for _sputc
    printfb.o(i.__0vfprintf$bare) refers to printfb.o(i._printf_core) for _printf_core
    printfb.o(i.__0vfprintf$bare) refers to usart1.o(.text) for fputc
    printfb.o(i.__0vprintf$bare) refers to printfb.o(i._printf_core) for _printf_core
    printfb.o(i.__0vprintf$bare) refers to usart1.o(.text) for fputc
    printfb.o(i.__0vprintf$bare) refers to stdout.o(.data) for __stdout
    printfb.o(i.__0vsnprintf$bare) refers to printfb.o(i._printf_core) for _printf_core
    printfb.o(i.__0vsnprintf$bare) refers to printfb.o(i._snputc) for _snputc
    printfb.o(i.__0vsprintf$bare) refers to printfb.o(i._printf_core) for _printf_core
    printfb.o(i.__0vsprintf$bare) refers to printfb.o(i._sputc) for _sputc
    printf0.o(i.__0fprintf$0) refers to printf0.o(i._printf_core) for _printf_core
    printf0.o(i.__0fprintf$0) refers to usart1.o(.text) for fputc
    printf0.o(i.__0printf$0) refers to printf0.o(i._printf_core) for _printf_core
    printf0.o(i.__0printf$0) refers to usart1.o(.text) for fputc
    printf0.o(i.__0printf$0) refers to stdout.o(.data) for __stdout
    printf0.o(i.__0snprintf$0) refers to printf0.o(i._printf_core) for _printf_core
    printf0.o(i.__0snprintf$0) refers to printf0.o(i._snputc) for _snputc
    printf0.o(i.__0sprintf$0) refers to printf0.o(i._printf_core) for _printf_core
    printf0.o(i.__0sprintf$0) refers to printf0.o(i._sputc) for _sputc
    printf0.o(i.__0vfprintf$0) refers to printf0.o(i._printf_core) for _printf_core
    printf0.o(i.__0vfprintf$0) refers to usart1.o(.text) for fputc
    printf0.o(i.__0vprintf$0) refers to printf0.o(i._printf_core) for _printf_core
    printf0.o(i.__0vprintf$0) refers to usart1.o(.text) for fputc
    printf0.o(i.__0vprintf$0) refers to stdout.o(.data) for __stdout
    printf0.o(i.__0vsnprintf$0) refers to printf0.o(i._printf_core) for _printf_core
    printf0.o(i.__0vsnprintf$0) refers to printf0.o(i._snputc) for _snputc
    printf0.o(i.__0vsprintf$0) refers to printf0.o(i._printf_core) for _printf_core
    printf0.o(i.__0vsprintf$0) refers to printf0.o(i._sputc) for _sputc
    printf1.o(i.__0fprintf$1) refers to printf1.o(i._printf_core) for _printf_core
    printf1.o(i.__0fprintf$1) refers to usart1.o(.text) for fputc
    printf1.o(i.__0printf$1) refers to printf1.o(i._printf_core) for _printf_core
    printf1.o(i.__0printf$1) refers to usart1.o(.text) for fputc
    printf1.o(i.__0printf$1) refers to stdout.o(.data) for __stdout
    printf1.o(i.__0snprintf$1) refers to printf1.o(i._printf_core) for _printf_core
    printf1.o(i.__0snprintf$1) refers to printf1.o(i._snputc) for _snputc
    printf1.o(i.__0sprintf$1) refers to printf1.o(i._printf_core) for _printf_core
    printf1.o(i.__0sprintf$1) refers to printf1.o(i._sputc) for _sputc
    printf1.o(i.__0vfprintf$1) refers to printf1.o(i._printf_core) for _printf_core
    printf1.o(i.__0vfprintf$1) refers to usart1.o(.text) for fputc
    printf1.o(i.__0vprintf$1) refers to printf1.o(i._printf_core) for _printf_core
    printf1.o(i.__0vprintf$1) refers to usart1.o(.text) for fputc
    printf1.o(i.__0vprintf$1) refers to stdout.o(.data) for __stdout
    printf1.o(i.__0vsnprintf$1) refers to printf1.o(i._printf_core) for _printf_core
    printf1.o(i.__0vsnprintf$1) refers to printf1.o(i._snputc) for _snputc
    printf1.o(i.__0vsprintf$1) refers to printf1.o(i._printf_core) for _printf_core
    printf1.o(i.__0vsprintf$1) refers to printf1.o(i._sputc) for _sputc
    printf1.o(i._printf_core) refers to uidiv.o(.text) for __aeabi_uidivmod
    printf2.o(i.__0fprintf$2) refers to printf2.o(i._printf_core) for _printf_core
    printf2.o(i.__0fprintf$2) refers to usart1.o(.text) for fputc
    printf2.o(i.__0printf$2) refers to printf2.o(i._printf_core) for _printf_core
    printf2.o(i.__0printf$2) refers to usart1.o(.text) for fputc
    printf2.o(i.__0printf$2) refers to stdout.o(.data) for __stdout
    printf2.o(i.__0snprintf$2) refers to printf2.o(i._printf_core) for _printf_core
    printf2.o(i.__0snprintf$2) refers to printf2.o(i._snputc) for _snputc
    printf2.o(i.__0sprintf$2) refers to printf2.o(i._printf_core) for _printf_core
    printf2.o(i.__0sprintf$2) refers to printf2.o(i._sputc) for _sputc
    printf2.o(i.__0vfprintf$2) refers to printf2.o(i._printf_core) for _printf_core
    printf2.o(i.__0vfprintf$2) refers to usart1.o(.text) for fputc
    printf2.o(i.__0vprintf$2) refers to printf2.o(i._printf_core) for _printf_core
    printf2.o(i.__0vprintf$2) refers to usart1.o(.text) for fputc
    printf2.o(i.__0vprintf$2) refers to stdout.o(.data) for __stdout
    printf2.o(i.__0vsnprintf$2) refers to printf2.o(i._printf_core) for _printf_core
    printf2.o(i.__0vsnprintf$2) refers to printf2.o(i._snputc) for _snputc
    printf2.o(i.__0vsprintf$2) refers to printf2.o(i._printf_core) for _printf_core
    printf2.o(i.__0vsprintf$2) refers to printf2.o(i._sputc) for _sputc
    printf3.o(i.__0fprintf$3) refers to printf3.o(i._printf_core) for _printf_core
    printf3.o(i.__0fprintf$3) refers to usart1.o(.text) for fputc
    printf3.o(i.__0printf$3) refers to printf3.o(i._printf_core) for _printf_core
    printf3.o(i.__0printf$3) refers to usart1.o(.text) for fputc
    printf3.o(i.__0printf$3) refers to stdout.o(.data) for __stdout
    printf3.o(i.__0snprintf$3) refers to printf3.o(i._printf_core) for _printf_core
    printf3.o(i.__0snprintf$3) refers to printf3.o(i._snputc) for _snputc
    printf3.o(i.__0sprintf$3) refers to printf3.o(i._printf_core) for _printf_core
    printf3.o(i.__0sprintf$3) refers to printf3.o(i._sputc) for _sputc
    printf3.o(i.__0vfprintf$3) refers to printf3.o(i._printf_core) for _printf_core
    printf3.o(i.__0vfprintf$3) refers to usart1.o(.text) for fputc
    printf3.o(i.__0vprintf$3) refers to printf3.o(i._printf_core) for _printf_core
    printf3.o(i.__0vprintf$3) refers to usart1.o(.text) for fputc
    printf3.o(i.__0vprintf$3) refers to stdout.o(.data) for __stdout
    printf3.o(i.__0vsnprintf$3) refers to printf3.o(i._printf_core) for _printf_core
    printf3.o(i.__0vsnprintf$3) refers to printf3.o(i._snputc) for _snputc
    printf3.o(i.__0vsprintf$3) refers to printf3.o(i._printf_core) for _printf_core
    printf3.o(i.__0vsprintf$3) refers to printf3.o(i._sputc) for _sputc
    printf3.o(i._printf_core) refers to uidiv.o(.text) for __aeabi_uidivmod
    printf4.o(i.__0fprintf$4) refers to printf4.o(i._printf_core) for _printf_core
    printf4.o(i.__0fprintf$4) refers to usart1.o(.text) for fputc
    printf4.o(i.__0printf$4) refers to printf4.o(i._printf_core) for _printf_core
    printf4.o(i.__0printf$4) refers to usart1.o(.text) for fputc
    printf4.o(i.__0printf$4) refers to stdout.o(.data) for __stdout
    printf4.o(i.__0snprintf$4) refers to printf4.o(i._printf_core) for _printf_core
    printf4.o(i.__0snprintf$4) refers to printf4.o(i._snputc) for _snputc
    printf4.o(i.__0sprintf$4) refers to printf4.o(i._printf_core) for _printf_core
    printf4.o(i.__0sprintf$4) refers to printf4.o(i._sputc) for _sputc
    printf4.o(i.__0vfprintf$4) refers to printf4.o(i._printf_core) for _printf_core
    printf4.o(i.__0vfprintf$4) refers to usart1.o(.text) for fputc
    printf4.o(i.__0vprintf$4) refers to printf4.o(i._printf_core) for _printf_core
    printf4.o(i.__0vprintf$4) refers to usart1.o(.text) for fputc
    printf4.o(i.__0vprintf$4) refers to stdout.o(.data) for __stdout
    printf4.o(i.__0vsnprintf$4) refers to printf4.o(i._printf_core) for _printf_core
    printf4.o(i.__0vsnprintf$4) refers to printf4.o(i._snputc) for _snputc
    printf4.o(i.__0vsprintf$4) refers to printf4.o(i._printf_core) for _printf_core
    printf4.o(i.__0vsprintf$4) refers to printf4.o(i._sputc) for _sputc
    printf4.o(i._printf_core) refers to uldiv.o(.text) for __aeabi_uldivmod
    printf5.o(i.__0fprintf$5) refers to printf5.o(i._printf_core) for _printf_core
    printf5.o(i.__0fprintf$5) refers to usart1.o(.text) for fputc
    printf5.o(i.__0printf$5) refers to printf5.o(i._printf_core) for _printf_core
    printf5.o(i.__0printf$5) refers to usart1.o(.text) for fputc
    printf5.o(i.__0printf$5) refers to stdout.o(.data) for __stdout
    printf5.o(i.__0snprintf$5) refers to printf5.o(i._printf_core) for _printf_core
    printf5.o(i.__0snprintf$5) refers to printf5.o(i._snputc) for _snputc
    printf5.o(i.__0sprintf$5) refers to printf5.o(i._printf_core) for _printf_core
    printf5.o(i.__0sprintf$5) refers to printf5.o(i._sputc) for _sputc
    printf5.o(i.__0vfprintf$5) refers to printf5.o(i._printf_core) for _printf_core
    printf5.o(i.__0vfprintf$5) refers to usart1.o(.text) for fputc
    printf5.o(i.__0vprintf$5) refers to printf5.o(i._printf_core) for _printf_core
    printf5.o(i.__0vprintf$5) refers to usart1.o(.text) for fputc
    printf5.o(i.__0vprintf$5) refers to stdout.o(.data) for __stdout
    printf5.o(i.__0vsnprintf$5) refers to printf5.o(i._printf_core) for _printf_core
    printf5.o(i.__0vsnprintf$5) refers to printf5.o(i._snputc) for _snputc
    printf5.o(i.__0vsprintf$5) refers to printf5.o(i._printf_core) for _printf_core
    printf5.o(i.__0vsprintf$5) refers to printf5.o(i._sputc) for _sputc
    printf5.o(i._printf_core) refers to uldiv.o(.text) for __aeabi_uldivmod
    printf6.o(i.__0fprintf$6) refers to printf6.o(i._printf_core) for _printf_core
    printf6.o(i.__0fprintf$6) refers to usart1.o(.text) for fputc
    printf6.o(i.__0printf$6) refers to printf6.o(i._printf_core) for _printf_core
    printf6.o(i.__0printf$6) refers to usart1.o(.text) for fputc
    printf6.o(i.__0printf$6) refers to stdout.o(.data) for __stdout
    printf6.o(i.__0snprintf$6) refers to printf6.o(i._printf_core) for _printf_core
    printf6.o(i.__0snprintf$6) refers to printf6.o(i._snputc) for _snputc
    printf6.o(i.__0sprintf$6) refers to printf6.o(i._printf_core) for _printf_core
    printf6.o(i.__0sprintf$6) refers to printf6.o(i._sputc) for _sputc
    printf6.o(i.__0vfprintf$6) refers to printf6.o(i._printf_core) for _printf_core
    printf6.o(i.__0vfprintf$6) refers to usart1.o(.text) for fputc
    printf6.o(i.__0vprintf$6) refers to printf6.o(i._printf_core) for _printf_core
    printf6.o(i.__0vprintf$6) refers to usart1.o(.text) for fputc
    printf6.o(i.__0vprintf$6) refers to stdout.o(.data) for __stdout
    printf6.o(i.__0vsnprintf$6) refers to printf6.o(i._printf_core) for _printf_core
    printf6.o(i.__0vsnprintf$6) refers to printf6.o(i._snputc) for _snputc
    printf6.o(i.__0vsprintf$6) refers to printf6.o(i._printf_core) for _printf_core
    printf6.o(i.__0vsprintf$6) refers to printf6.o(i._sputc) for _sputc
    printf6.o(i._printf_core) refers to printf6.o(i._printf_pre_padding) for _printf_pre_padding
    printf6.o(i._printf_core) refers to uidiv.o(.text) for __aeabi_uidivmod
    printf6.o(i._printf_core) refers to printf6.o(i._printf_post_padding) for _printf_post_padding
    printf7.o(i.__0fprintf$7) refers to printf7.o(i._printf_core) for _printf_core
    printf7.o(i.__0fprintf$7) refers to usart1.o(.text) for fputc
    printf7.o(i.__0printf$7) refers to printf7.o(i._printf_core) for _printf_core
    printf7.o(i.__0printf$7) refers to usart1.o(.text) for fputc
    printf7.o(i.__0printf$7) refers to stdout.o(.data) for __stdout
    printf7.o(i.__0snprintf$7) refers to printf7.o(i._printf_core) for _printf_core
    printf7.o(i.__0snprintf$7) refers to printf7.o(i._snputc) for _snputc
    printf7.o(i.__0sprintf$7) refers to printf7.o(i._printf_core) for _printf_core
    printf7.o(i.__0sprintf$7) refers to printf7.o(i._sputc) for _sputc
    printf7.o(i.__0vfprintf$7) refers to printf7.o(i._printf_core) for _printf_core
    printf7.o(i.__0vfprintf$7) refers to usart1.o(.text) for fputc
    printf7.o(i.__0vprintf$7) refers to printf7.o(i._printf_core) for _printf_core
    printf7.o(i.__0vprintf$7) refers to usart1.o(.text) for fputc
    printf7.o(i.__0vprintf$7) refers to stdout.o(.data) for __stdout
    printf7.o(i.__0vsnprintf$7) refers to printf7.o(i._printf_core) for _printf_core
    printf7.o(i.__0vsnprintf$7) refers to printf7.o(i._snputc) for _snputc
    printf7.o(i.__0vsprintf$7) refers to printf7.o(i._printf_core) for _printf_core
    printf7.o(i.__0vsprintf$7) refers to printf7.o(i._sputc) for _sputc
    printf7.o(i._printf_core) refers to printf7.o(i._printf_pre_padding) for _printf_pre_padding
    printf7.o(i._printf_core) refers to uldiv.o(.text) for __aeabi_uldivmod
    printf7.o(i._printf_core) refers to printf7.o(i._printf_post_padding) for _printf_post_padding
    printf8.o(i.__0fprintf$8) refers to printf8.o(i._printf_core) for _printf_core
    printf8.o(i.__0fprintf$8) refers to usart1.o(.text) for fputc
    printf8.o(i.__0printf$8) refers to printf8.o(i._printf_core) for _printf_core
    printf8.o(i.__0printf$8) refers to usart1.o(.text) for fputc
    printf8.o(i.__0printf$8) refers to stdout.o(.data) for __stdout
    printf8.o(i.__0snprintf$8) refers to printf8.o(i._printf_core) for _printf_core
    printf8.o(i.__0snprintf$8) refers to printf8.o(i._snputc) for _snputc
    printf8.o(i.__0sprintf$8) refers to printf8.o(i._printf_core) for _printf_core
    printf8.o(i.__0sprintf$8) refers to printf8.o(i._sputc) for _sputc
    printf8.o(i.__0vfprintf$8) refers to printf8.o(i._printf_core) for _printf_core
    printf8.o(i.__0vfprintf$8) refers to usart1.o(.text) for fputc
    printf8.o(i.__0vprintf$8) refers to printf8.o(i._printf_core) for _printf_core
    printf8.o(i.__0vprintf$8) refers to usart1.o(.text) for fputc
    printf8.o(i.__0vprintf$8) refers to stdout.o(.data) for __stdout
    printf8.o(i.__0vsnprintf$8) refers to printf8.o(i._printf_core) for _printf_core
    printf8.o(i.__0vsnprintf$8) refers to printf8.o(i._snputc) for _snputc
    printf8.o(i.__0vsprintf$8) refers to printf8.o(i._printf_core) for _printf_core
    printf8.o(i.__0vsprintf$8) refers to printf8.o(i._sputc) for _sputc
    printf8.o(i._printf_core) refers to printf8.o(i._printf_pre_padding) for _printf_pre_padding
    printf8.o(i._printf_core) refers to uldiv.o(.text) for __aeabi_uldivmod
    printf8.o(i._printf_core) refers to printf8.o(i._printf_post_padding) for _printf_post_padding
    printfa.o(i.__0fprintf) refers (Special) to iusefp.o(.text) for __I$use$fp
    printfa.o(i.__0fprintf) refers to printfa.o(i._printf_core) for _printf_core
    printfa.o(i.__0fprintf) refers to usart1.o(.text) for fputc
    printfa.o(i.__0printf) refers (Special) to iusefp.o(.text) for __I$use$fp
    printfa.o(i.__0printf) refers to printfa.o(i._printf_core) for _printf_core
    printfa.o(i.__0printf) refers to usart1.o(.text) for fputc
    printfa.o(i.__0printf) refers to stdout.o(.data) for __stdout
    printfa.o(i.__0snprintf) refers (Special) to iusefp.o(.text) for __I$use$fp
    printfa.o(i.__0snprintf) refers to printfa.o(i._printf_core) for _printf_core
    printfa.o(i.__0snprintf) refers to printfa.o(i._snputc) for _snputc
    printfa.o(i.__0sprintf) refers (Special) to iusefp.o(.text) for __I$use$fp
    printfa.o(i.__0sprintf) refers to printfa.o(i._printf_core) for _printf_core
    printfa.o(i.__0sprintf) refers to printfa.o(i._sputc) for _sputc
    printfa.o(i.__0vfprintf) refers (Special) to iusefp.o(.text) for __I$use$fp
    printfa.o(i.__0vfprintf) refers to printfa.o(i._printf_core) for _printf_core
    printfa.o(i.__0vfprintf) refers to usart1.o(.text) for fputc
    printfa.o(i.__0vprintf) refers (Special) to iusefp.o(.text) for __I$use$fp
    printfa.o(i.__0vprintf) refers to printfa.o(i._printf_core) for _printf_core
    printfa.o(i.__0vprintf) refers to usart1.o(.text) for fputc
    printfa.o(i.__0vprintf) refers to stdout.o(.data) for __stdout
    printfa.o(i.__0vsnprintf) refers (Special) to iusefp.o(.text) for __I$use$fp
    printfa.o(i.__0vsnprintf) refers to printfa.o(i._printf_core) for _printf_core
    printfa.o(i.__0vsnprintf) refers to printfa.o(i._snputc) for _snputc
    printfa.o(i.__0vsprintf) refers (Special) to iusefp.o(.text) for __I$use$fp
    printfa.o(i.__0vsprintf) refers to printfa.o(i._printf_core) for _printf_core
    printfa.o(i.__0vsprintf) refers to printfa.o(i._sputc) for _sputc
    printfa.o(i._fp_digits) refers (Special) to iusefp.o(.text) for __I$use$fp
    printfa.o(i._fp_digits) refers to dmul.o(.text) for __aeabi_dmul
    printfa.o(i._fp_digits) refers to ddiv.o(.text) for __aeabi_ddiv
    printfa.o(i._fp_digits) refers to cdrcmple.o(.text) for __aeabi_cdrcmple
    printfa.o(i._fp_digits) refers to dadd.o(.text) for __aeabi_dadd
    printfa.o(i._fp_digits) refers to dfixul.o(.text) for __aeabi_d2ulz
    printfa.o(i._fp_digits) refers to uldiv.o(.text) for __aeabi_uldivmod
    printfa.o(i._printf_core) refers (Special) to iusefp.o(.text) for __I$use$fp
    printfa.o(i._printf_core) refers to printfa.o(i._printf_pre_padding) for _printf_pre_padding
    printfa.o(i._printf_core) refers to uldiv.o(.text) for __aeabi_uldivmod
    printfa.o(i._printf_core) refers to printfa.o(i._printf_post_padding) for _printf_post_padding
    printfa.o(i._printf_core) refers to printfa.o(i._fp_digits) for _fp_digits
    printfa.o(i._printf_core) refers to uidiv.o(.text) for __aeabi_uidivmod
    printfa.o(i._printf_post_padding) refers (Special) to iusefp.o(.text) for __I$use$fp
    printfa.o(i._printf_pre_padding) refers (Special) to iusefp.o(.text) for __I$use$fp
    printfa.o(i._snputc) refers (Special) to iusefp.o(.text) for __I$use$fp
    printfa.o(i._sputc) refers (Special) to iusefp.o(.text) for __I$use$fp
    entry2.o(.ARM.Collect$$$$00000001) refers to entry2.o(.ARM.Collect$$$$00002712) for __lit__00000000
    entry2.o(.ARM.Collect$$$$00002712) refers to startup_stm32f10x_md.o(STACK) for __initial_sp
    entry2.o(__vectab_stack_and_reset_area) refers to startup_stm32f10x_md.o(STACK) for __initial_sp
    entry2.o(__vectab_stack_and_reset_area) refers to entry.o(.ARM.Collect$$$$00000000) for __main
    entry5.o(.ARM.Collect$$$$00000004) refers to init.o(.text) for __scatterload
    entry8.o(.ARM.Collect$$$$00000009) refers to main.o(.text) for main
    uldiv.o(.text) refers to llushr.o(.text) for __aeabi_llsr
    uldiv.o(.text) refers to llshl.o(.text) for __aeabi_llsl
    dadd.o(.text) refers to llshl.o(.text) for __aeabi_llsl
    dadd.o(.text) refers to llsshr.o(.text) for __aeabi_lasr
    dadd.o(.text) refers to depilogue.o(.text) for _double_epilogue
    dmul.o(.text) refers to depilogue.o(.text) for _double_epilogue
    ddiv.o(.text) refers to depilogue.o(.text) for _double_round
    dfixul.o(.text) refers to llushr.o(.text) for __aeabi_llsr
    dfixul.o(.text) refers to llshl.o(.text) for __aeabi_llsl
    init.o(.text) refers to entry5.o(.ARM.Collect$$$$00000004) for __main_after_scatterload
    depilogue.o(.text) refers to llshl.o(.text) for __aeabi_llsl
    depilogue.o(.text) refers to llushr.o(.text) for __aeabi_llsr


==============================================================================

Removing Unused input sections from the image.

    Removing main.o(.emb_text), (8 bytes).
    Removing stm32f10x_it.o(.emb_text), (8 bytes).
    Removing misc.o(.emb_text), (8 bytes).
    Removing stm32f10x_bkp.o(.emb_text), (8 bytes).
    Removing stm32f10x_bkp.o(.text), (720 bytes).
    Removing stm32f10x_dbgmcu.o(.emb_text), (8 bytes).
    Removing stm32f10x_dbgmcu.o(.text), (160 bytes).
    Removing stm32f10x_dma.o(.emb_text), (8 bytes).
    Removing stm32f10x_dma.o(.text), (2320 bytes).
    Removing stm32f10x_flash.o(.emb_text), (8 bytes).
    Removing stm32f10x_flash.o(.text), (2110 bytes).
    Removing stm32f10x_gpio.o(.emb_text), (8 bytes).
    Removing stm32f10x_pwr.o(.emb_text), (8 bytes).
    Removing stm32f10x_pwr.o(.text), (468 bytes).
    Removing stm32f10x_rcc.o(.emb_text), (8 bytes).
    Removing stm32f10x_rtc.o(.emb_text), (8 bytes).
    Removing stm32f10x_rtc.o(.text), (608 bytes).
    Removing stm32f10x_spi.o(.emb_text), (8 bytes).
    Removing stm32f10x_usart.o(.emb_text), (8 bytes).
    Removing startup_stm32f10x_md.o(HEAP), (256 bytes).
    Removing system_stm32f10x.o(.emb_text), (8 bytes).
    Removing core_cm3.o(.emb_text), (32 bytes).
    Removing usart1.o(.emb_text), (8 bytes).
    Removing spi_sd_driver.o(.emb_text), (8 bytes).
    Removing diskio.o(.emb_text), (8 bytes).
    Removing ff.o(.emb_text), (8 bytes).
    Removing test_fatfs.o(.emb_text), (8 bytes).
    Removing dadd.o(.text), (332 bytes).
    Removing dmul.o(.text), (224 bytes).
    Removing ddiv.o(.text), (222 bytes).
    Removing dfixul.o(.text), (48 bytes).
    Removing cdrcmple.o(.text), (40 bytes).
    Removing depilogue.o(.text), (190 bytes).

33 unused section(s) (total 7882 bytes) removed from the image.

==============================================================================

Image Symbol Table

    Local Symbols

    Symbol Name                              Value     Ov Type        Size  Object(Section)

    ../../microlib/division.c                0x00000000   Number         0  uidiv.o ABSOLUTE
    ../../microlib/division.c                0x00000000   Number         0  uldiv.o ABSOLUTE
    ../../microlib/fpadd.c                   0x00000000   Number         0  dadd.o ABSOLUTE
    ../../microlib/fpdiv.c                   0x00000000   Number         0  ddiv.o ABSOLUTE
    ../../microlib/fpepilogue.c              0x00000000   Number         0  depilogue.o ABSOLUTE
    ../../microlib/fpfix.c                   0x00000000   Number         0  dfixul.o ABSOLUTE
    ../../microlib/fpmul.c                   0x00000000   Number         0  dmul.o ABSOLUTE
    ../../microlib/init/entry.s              0x00000000   Number         0  entry.o ABSOLUTE
    ../../microlib/init/entry.s              0x00000000   Number         0  entry2.o ABSOLUTE
    ../../microlib/init/entry.s              0x00000000   Number         0  entry5.o ABSOLUTE
    ../../microlib/init/entry.s              0x00000000   Number         0  entry7a.o ABSOLUTE
    ../../microlib/init/entry.s              0x00000000   Number         0  entry7b.o ABSOLUTE
    ../../microlib/init/entry.s              0x00000000   Number         0  entry8.o ABSOLUTE
    ../../microlib/longlong.c                0x00000000   Number         0  llushr.o ABSOLUTE
    ../../microlib/longlong.c                0x00000000   Number         0  llsshr.o ABSOLUTE
    ../../microlib/longlong.c                0x00000000   Number         0  llshl.o ABSOLUTE
    ../../microlib/printf/printf.c           0x00000000   Number         0  printf0.o ABSOLUTE
    ../../microlib/printf/printf.c           0x00000000   Number         0  printf8.o ABSOLUTE
    ../../microlib/printf/printf.c           0x00000000   Number         0  printf3.o ABSOLUTE
    ../../microlib/printf/printf.c           0x00000000   Number         0  printf2.o ABSOLUTE
    ../../microlib/printf/printf.c           0x00000000   Number         0  printf7.o ABSOLUTE
    ../../microlib/printf/printf.c           0x00000000   Number         0  printf1.o ABSOLUTE
    ../../microlib/printf/printf.c           0x00000000   Number         0  printf6.o ABSOLUTE
    ../../microlib/printf/printf.c           0x00000000   Number         0  printf5.o ABSOLUTE
    ../../microlib/printf/printf.c           0x00000000   Number         0  printfb.o ABSOLUTE
    ../../microlib/printf/printf.c           0x00000000   Number         0  printf4.o ABSOLUTE
    ../../microlib/printf/printf.c           0x00000000   Number         0  printfa.o ABSOLUTE
    ../../microlib/printf/stubs.s            0x00000000   Number         0  stubs.o ABSOLUTE
    ../../microlib/stdio/streams.c           0x00000000   Number         0  stdout.o ABSOLUTE
    ../../microlib/string/strcpy.c           0x00000000   Number         0  strcpy.o ABSOLUTE
    ../../microlib/stubs.s                   0x00000000   Number         0  iusefp.o ABSOLUTE
    ..\Libraries\CMSIS\CM3\CoreSupport\core_cm3.c 0x00000000   Number         0  core_cm3.o ABSOLUTE
    ..\Libraries\CMSIS\CM3\DeviceSupport\ST\STM32F10x\startup\arm\startup_stm32f10x_md.s 0x00000000   Number         0  startup_stm32f10x_md.o ABSOLUTE
    ..\Libraries\STM32F10x_StdPeriph_Driver\src\misc.c 0x00000000   Number         0  misc.o ABSOLUTE
    ..\Libraries\STM32F10x_StdPeriph_Driver\src\stm32f10x_bkp.c 0x00000000   Number         0  stm32f10x_bkp.o ABSOLUTE
    ..\Libraries\STM32F10x_StdPeriph_Driver\src\stm32f10x_dbgmcu.c 0x00000000   Number         0  stm32f10x_dbgmcu.o ABSOLUTE
    ..\Libraries\STM32F10x_StdPeriph_Driver\src\stm32f10x_dma.c 0x00000000   Number         0  stm32f10x_dma.o ABSOLUTE
    ..\Libraries\STM32F10x_StdPeriph_Driver\src\stm32f10x_flash.c 0x00000000   Number         0  stm32f10x_flash.o ABSOLUTE
    ..\Libraries\STM32F10x_StdPeriph_Driver\src\stm32f10x_gpio.c 0x00000000   Number         0  stm32f10x_gpio.o ABSOLUTE
    ..\Libraries\STM32F10x_StdPeriph_Driver\src\stm32f10x_pwr.c 0x00000000   Number         0  stm32f10x_pwr.o ABSOLUTE
    ..\Libraries\STM32F10x_StdPeriph_Driver\src\stm32f10x_rcc.c 0x00000000   Number         0  stm32f10x_rcc.o ABSOLUTE
    ..\Libraries\STM32F10x_StdPeriph_Driver\src\stm32f10x_rtc.c 0x00000000   Number         0  stm32f10x_rtc.o ABSOLUTE
    ..\Libraries\STM32F10x_StdPeriph_Driver\src\stm32f10x_spi.c 0x00000000   Number         0  stm32f10x_spi.o ABSOLUTE
    ..\Libraries\STM32F10x_StdPeriph_Driver\src\stm32f10x_usart.c 0x00000000   Number         0  stm32f10x_usart.o ABSOLUTE
    ..\User\FATFS\TEST_FATFS.c               0x00000000   Number         0  test_fatfs.o ABSOLUTE
    ..\User\FATFS\diskio.c                   0x00000000   Number         0  diskio.o ABSOLUTE
    ..\User\FATFS\ff.c                       0x00000000   Number         0  ff.o ABSOLUTE
    ..\User\SDCard\Spi_SD_Driver.c           0x00000000   Number         0  spi_sd_driver.o ABSOLUTE
    ..\User\USART\USART1.C                   0x00000000   Number         0  usart1.o ABSOLUTE
    ..\User\main.c                           0x00000000   Number         0  main.o ABSOLUTE
    ..\User\stm32f10x_it.c                   0x00000000   Number         0  stm32f10x_it.o ABSOLUTE
    ..\User\system_stm32f10x.c               0x00000000   Number         0  system_stm32f10x.o ABSOLUTE
    ..\\Libraries\\CMSIS\\CM3\\CoreSupport\\core_cm3.c 0x00000000   Number         0  core_cm3.o ABSOLUTE
    ..\\Libraries\\STM32F10x_StdPeriph_Driver\\src\\misc.c 0x00000000   Number         0  misc.o ABSOLUTE
    ..\\Libraries\\STM32F10x_StdPeriph_Driver\\src\\stm32f10x_bkp.c 0x00000000   Number         0  stm32f10x_bkp.o ABSOLUTE
    ..\\Libraries\\STM32F10x_StdPeriph_Driver\\src\\stm32f10x_dbgmcu.c 0x00000000   Number         0  stm32f10x_dbgmcu.o ABSOLUTE
    ..\\Libraries\\STM32F10x_StdPeriph_Driver\\src\\stm32f10x_dma.c 0x00000000   Number         0  stm32f10x_dma.o ABSOLUTE
    ..\\Libraries\\STM32F10x_StdPeriph_Driver\\src\\stm32f10x_flash.c 0x00000000   Number         0  stm32f10x_flash.o ABSOLUTE
    ..\\Libraries\\STM32F10x_StdPeriph_Driver\\src\\stm32f10x_gpio.c 0x00000000   Number         0  stm32f10x_gpio.o ABSOLUTE
    ..\\Libraries\\STM32F10x_StdPeriph_Driver\\src\\stm32f10x_pwr.c 0x00000000   Number         0  stm32f10x_pwr.o ABSOLUTE
    ..\\Libraries\\STM32F10x_StdPeriph_Driver\\src\\stm32f10x_rcc.c 0x00000000   Number         0  stm32f10x_rcc.o ABSOLUTE
    ..\\Libraries\\STM32F10x_StdPeriph_Driver\\src\\stm32f10x_rtc.c 0x00000000   Number         0  stm32f10x_rtc.o ABSOLUTE
    ..\\Libraries\\STM32F10x_StdPeriph_Driver\\src\\stm32f10x_spi.c 0x00000000   Number         0  stm32f10x_spi.o ABSOLUTE
    ..\\Libraries\\STM32F10x_StdPeriph_Driver\\src\\stm32f10x_usart.c 0x00000000   Number         0  stm32f10x_usart.o ABSOLUTE
    ..\\User\\FATFS\\TEST_FATFS.c            0x00000000   Number         0  test_fatfs.o ABSOLUTE
    ..\\User\\FATFS\\diskio.c                0x00000000   Number         0  diskio.o ABSOLUTE
    ..\\User\\FATFS\\ff.c                    0x00000000   Number         0  ff.o ABSOLUTE
    ..\\User\\SDCard\\Spi_SD_Driver.c        0x00000000   Number         0  spi_sd_driver.o ABSOLUTE
    ..\\User\\USART\\USART1.C                0x00000000   Number         0  usart1.o ABSOLUTE
    ..\\User\\main.c                         0x00000000   Number         0  main.o ABSOLUTE
    ..\\User\\stm32f10x_it.c                 0x00000000   Number         0  stm32f10x_it.o ABSOLUTE
    ..\\User\\system_stm32f10x.c             0x00000000   Number         0  system_stm32f10x.o ABSOLUTE
    cdrcmple.s                               0x00000000   Number         0  cdrcmple.o ABSOLUTE
    dc.s                                     0x00000000   Number         0  dc.o ABSOLUTE
    handlers.s                               0x00000000   Number         0  handlers.o ABSOLUTE
    init.s                                   0x00000000   Number         0  init.o ABSOLUTE
    RESET                                    0x08000000   Section      236  startup_stm32f10x_md.o(RESET)
    .ARM.Collect$$$$00000000                 0x080000ec   Section        0  entry.o(.ARM.Collect$$$$00000000)
    .ARM.Collect$$$$00000001                 0x080000ec   Section        4  entry2.o(.ARM.Collect$$$$00000001)
    .ARM.Collect$$$$00000004                 0x080000f0   Section        4  entry5.o(.ARM.Collect$$$$00000004)
    .ARM.Collect$$$$00000008                 0x080000f4   Section        0  entry7b.o(.ARM.Collect$$$$00000008)
    .ARM.Collect$$$$00000009                 0x080000f4   Section        8  entry8.o(.ARM.Collect$$$$00000009)
    .ARM.Collect$$$$00002712                 0x080000fc   Section        4  entry2.o(.ARM.Collect$$$$00002712)
    __lit__00000000                          0x080000fc   Data           4  entry2.o(.ARM.Collect$$$$00002712)
    .text                                    0x08000100   Section        0  main.o(.text)
    .text                                    0x0800012c   Section        0  stm32f10x_it.o(.text)
    .text                                    0x0800014c   Section        0  misc.o(.text)
    .text                                    0x08000358   Section        0  stm32f10x_gpio.o(.text)
    .text                                    0x08000e2c   Section        0  stm32f10x_rcc.o(.text)
    .text                                    0x080016a8   Section        0  stm32f10x_spi.o(.text)
    .text                                    0x080020b4   Section        0  stm32f10x_usart.o(.text)
    .text                                    0x08002f08   Section       36  startup_stm32f10x_md.o(.text)
    .text                                    0x08002f2c   Section        0  system_stm32f10x.o(.text)
    SetSysClockTo72                          0x08002f2d   Thumb Code   200  system_stm32f10x.o(.text)
    SetSysClock                              0x08002ff5   Thumb Code     8  system_stm32f10x.o(.text)
    .text                                    0x0800310c   Section        0  usart1.o(.text)
    .text                                    0x08003264   Section        0  spi_sd_driver.o(.text)
    .text                                    0x08003ab4   Section        0  diskio.o(.text)
    .text                                    0x08003bfc   Section        0  ff.o(.text)
    mem_cpy                                  0x08003bfd   Thumb Code    26  ff.o(.text)
    mem_set                                  0x08003c17   Thumb Code    20  ff.o(.text)
    mem_cmp                                  0x08003c2b   Thumb Code    40  ff.o(.text)
    chk_chr                                  0x08003c53   Thumb Code    22  ff.o(.text)
    move_window                              0x08003c69   Thumb Code   120  ff.o(.text)
    sync                                     0x08003ce1   Thumb Code   236  ff.o(.text)
    remove_chain                             0x0800402d   Thumb Code   116  ff.o(.text)
    create_chain                             0x080040a1   Thumb Code   214  ff.o(.text)
    dir_sdi                                  0x08004177   Thumb Code   164  ff.o(.text)
    dir_next                                 0x0800421b   Thumb Code   298  ff.o(.text)
    dir_find                                 0x08004345   Thumb Code    96  ff.o(.text)
    dir_read                                 0x080043a5   Thumb Code    92  ff.o(.text)
    dir_register                             0x08004401   Thumb Code   114  ff.o(.text)
    dir_remove                               0x08004473   Thumb Code    48  ff.o(.text)
    create_name                              0x080044a3   Thumb Code   360  ff.o(.text)
    get_fileinfo                             0x0800460b   Thumb Code   166  ff.o(.text)
    follow_path                              0x080046b1   Thumb Code   168  ff.o(.text)
    check_fs                                 0x08004759   Thumb Code   140  ff.o(.text)
    chk_mounted                              0x080047e5   Thumb Code   990  ff.o(.text)
    validate                                 0x08004bc3   Thumb Code    42  ff.o(.text)
    .text                                    0x080062c4   Section        0  test_fatfs.o(.text)
    .text                                    0x08006a1a   Section        0  strcpy.o(.text)
    .text                                    0x08006a2c   Section        0  uidiv.o(.text)
    .text                                    0x08006a58   Section       36  init.o(.text)
    i.__0printf$6                            0x08006a7c   Section        0  printf6.o(i.__0printf$6)
    i.__scatterload_copy                     0x08006a9c   Section       14  handlers.o(i.__scatterload_copy)
    i.__scatterload_null                     0x08006aaa   Section        2  handlers.o(i.__scatterload_null)
    i.__scatterload_zeroinit                 0x08006aac   Section       14  handlers.o(i.__scatterload_zeroinit)
    i._printf_core                           0x08006abc   Section        0  printf6.o(i._printf_core)
    _printf_core                             0x08006abd   Thumb Code   750  printf6.o(i._printf_core)
    i._printf_post_padding                   0x08006db0   Section        0  printf6.o(i._printf_post_padding)
    _printf_post_padding                     0x08006db1   Thumb Code    38  printf6.o(i._printf_post_padding)
    i._printf_pre_padding                    0x08006dd6   Section        0  printf6.o(i._printf_pre_padding)
    _printf_pre_padding                      0x08006dd7   Thumb Code    48  printf6.o(i._printf_pre_padding)
    .constdata                               0x08006e06   Section       44  ff.o(.constdata)
    vst                                      0x08006e06   Data          22  ff.o(.constdata)
    cst                                      0x08006e1c   Data          22  ff.o(.constdata)
    .constdata                               0x08006e34   Section      160  test_fatfs.o(.constdata)
    .data                                    0x20000000   Section       20  stm32f10x_rcc.o(.data)
    APBAHBPrescTable                         0x20000000   Data          16  stm32f10x_rcc.o(.data)
    ADCPrescTable                            0x20000010   Data           4  stm32f10x_rcc.o(.data)
    .data                                    0x20000014   Section       20  system_stm32f10x.o(.data)
    .data                                    0x20000028   Section        1  spi_sd_driver.o(.data)
    .data                                    0x2000002c   Section        6  ff.o(.data)
    FatFs                                    0x2000002c   Data           4  ff.o(.data)
    Fsid                                     0x20000030   Data           2  ff.o(.data)
    .data                                    0x20000034   Section        4  stdout.o(.data)
    STACK                                    0x20000038   Section     4096  startup_stm32f10x_md.o(STACK)

    Global Symbols

    Symbol Name                              Value     Ov Type        Size  Object(Section)

    BuildAttributes$$THM_ISAv4$P$D$K$B$S$PE$A:L22UL41UL21$X:L11$S22US41US21$IEEE1$IW$USESV6$~STKCKD$USESV7$~SHL$OSPACE$ROPI$EBA8$MICROLIB$REQ8$PRES8$EABIv2 0x00000000   Number         0  anon$$obj.o ABSOLUTE
    __ARM_use_no_argv                        0x00000000   Number         0  main.o ABSOLUTE
    _printf_a                                0x00000000   Number         0  stubs.o ABSOLUTE
    _printf_c                                0x00000000   Number         0  stubs.o ABSOLUTE
    _printf_charcount                        0x00000000   Number         0  stubs.o ABSOLUTE
    _printf_d                                0x00000000   Number         0  stubs.o ABSOLUTE
    _printf_e                                0x00000000   Number         0  stubs.o ABSOLUTE
    _printf_f                                0x00000000   Number         0  stubs.o ABSOLUTE
    _printf_flags                            0x00000000   Number         0  stubs.o ABSOLUTE
    _printf_fp_dec                           0x00000000   Number         0  stubs.o ABSOLUTE
    _printf_fp_hex                           0x00000000   Number         0  stubs.o ABSOLUTE
    _printf_g                                0x00000000   Number         0  stubs.o ABSOLUTE
    _printf_i                                0x00000000   Number         0  stubs.o ABSOLUTE
    _printf_int_dec                          0x00000000   Number         0  stubs.o ABSOLUTE
    _printf_l                                0x00000000   Number         0  stubs.o ABSOLUTE
    _printf_lc                               0x00000000   Number         0  stubs.o ABSOLUTE
    _printf_ll                               0x00000000   Number         0  stubs.o ABSOLUTE
    _printf_lld                              0x00000000   Number         0  stubs.o ABSOLUTE
    _printf_lli                              0x00000000   Number         0  stubs.o ABSOLUTE
    _printf_llo                              0x00000000   Number         0  stubs.o ABSOLUTE
    _printf_llu                              0x00000000   Number         0  stubs.o ABSOLUTE
    _printf_llx                              0x00000000   Number         0  stubs.o ABSOLUTE
    _printf_longlong_dec                     0x00000000   Number         0  stubs.o ABSOLUTE
    _printf_longlong_hex                     0x00000000   Number         0  stubs.o ABSOLUTE
    _printf_longlong_oct                     0x00000000   Number         0  stubs.o ABSOLUTE
    _printf_ls                               0x00000000   Number         0  stubs.o ABSOLUTE
    _printf_mbtowc                           0x00000000   Number         0  stubs.o ABSOLUTE
    _printf_n                                0x00000000   Number         0  stubs.o ABSOLUTE
    _printf_o                                0x00000000   Number         0  stubs.o ABSOLUTE
    _printf_p                                0x00000000   Number         0  stubs.o ABSOLUTE
    _printf_percent                          0x00000000   Number         0  stubs.o ABSOLUTE
    _printf_pre_padding                      0x00000000   Number         0  stubs.o ABSOLUTE
    _printf_return_value                     0x00000000   Number         0  stubs.o ABSOLUTE
    _printf_s                                0x00000000   Number         0  stubs.o ABSOLUTE
    _printf_sizespec                         0x00000000   Number         0  stubs.o ABSOLUTE
    _printf_str                              0x00000000   Number         0  stubs.o ABSOLUTE
    _printf_truncate_signed                  0x00000000   Number         0  stubs.o ABSOLUTE
    _printf_truncate_unsigned                0x00000000   Number         0  stubs.o ABSOLUTE
    _printf_u                                0x00000000   Number         0  stubs.o ABSOLUTE
    _printf_wc                               0x00000000   Number         0  stubs.o ABSOLUTE
    _printf_wctomb                           0x00000000   Number         0  stubs.o ABSOLUTE
    _printf_widthprec                        0x00000000   Number         0  stubs.o ABSOLUTE
    _printf_x                                0x00000000   Number         0  stubs.o ABSOLUTE
    __decompress                              - Undefined Weak Reference
    _clock_init                               - Undefined Weak Reference
    __Vectors_Size                           0x000000ec   Number         0  startup_stm32f10x_md.o ABSOLUTE
    __Vectors                                0x08000000   Data           4  startup_stm32f10x_md.o(RESET)
    __Vectors_End                            0x080000ec   Data           0  startup_stm32f10x_md.o(RESET)
    __main                                   0x080000ed   Thumb Code     0  entry.o(.ARM.Collect$$$$00000000)
    _main_stk                                0x080000ed   Thumb Code     0  entry2.o(.ARM.Collect$$$$00000001)
    _main_scatterload                        0x080000f1   Thumb Code     0  entry5.o(.ARM.Collect$$$$00000004)
    __main_after_scatterload                 0x080000f5   Thumb Code     0  entry5.o(.ARM.Collect$$$$00000004)
    _main_clock                              0x080000f5   Thumb Code     0  entry7b.o(.ARM.Collect$$$$00000008)
    _main_init                               0x080000f5   Thumb Code     0  entry8.o(.ARM.Collect$$$$00000009)
    main                                     0x08000101   Thumb Code    38  main.o(.text)
    NMI_Handler                              0x0800012d   Thumb Code     2  stm32f10x_it.o(.text)
    HardFault_Handler                        0x0800012f   Thumb Code     4  stm32f10x_it.o(.text)
    MemManage_Handler                        0x08000133   Thumb Code     4  stm32f10x_it.o(.text)
    BusFault_Handler                         0x08000137   Thumb Code     4  stm32f10x_it.o(.text)
    UsageFault_Handler                       0x0800013b   Thumb Code     4  stm32f10x_it.o(.text)
    SVC_Handler                              0x0800013f   Thumb Code     2  stm32f10x_it.o(.text)
    DebugMon_Handler                         0x08000141   Thumb Code     2  stm32f10x_it.o(.text)
    PendSV_Handler                           0x08000143   Thumb Code     2  stm32f10x_it.o(.text)
    SysTick_Handler                          0x08000145   Thumb Code     2  stm32f10x_it.o(.text)
    assert_failed                            0x08000147   Thumb Code     4  stm32f10x_it.o(.text)
    NVIC_PriorityGroupConfig                 0x0800014d   Thumb Code    56  misc.o(.text)
    NVIC_Init                                0x08000185   Thumb Code   186  misc.o(.text)
    NVIC_SetVectorTable                      0x0800023f   Thumb Code    60  misc.o(.text)
    NVIC_SystemLPConfig                      0x0800027b   Thumb Code    74  misc.o(.text)
    SysTick_CLKSourceConfig                  0x080002c5   Thumb Code    62  misc.o(.text)
    GPIO_DeInit                              0x08000359   Thumb Code   224  stm32f10x_gpio.o(.text)
    GPIO_AFIODeInit                          0x08000439   Thumb Code    20  stm32f10x_gpio.o(.text)
    GPIO_Init                                0x0800044d   Thumb Code   416  stm32f10x_gpio.o(.text)
    GPIO_StructInit                          0x080005ed   Thumb Code    20  stm32f10x_gpio.o(.text)
    GPIO_ReadInputDataBit                    0x08000601   Thumb Code   176  stm32f10x_gpio.o(.text)
    GPIO_ReadInputData                       0x080006b1   Thumb Code    64  stm32f10x_gpio.o(.text)
    GPIO_ReadOutputDataBit                   0x080006f1   Thumb Code   272  stm32f10x_gpio.o(.text)
    GPIO_ReadOutputData                      0x08000801   Thumb Code    66  stm32f10x_gpio.o(.text)
    GPIO_SetBits                             0x08000843   Thumb Code    86  stm32f10x_gpio.o(.text)
    GPIO_ResetBits                           0x08000899   Thumb Code    86  stm32f10x_gpio.o(.text)
    GPIO_WriteBit                            0x080008ef   Thumb Code   188  stm32f10x_gpio.o(.text)
    GPIO_Write                               0x080009ab   Thumb Code    66  stm32f10x_gpio.o(.text)
    GPIO_PinLockConfig                       0x080009ed   Thumb Code   102  stm32f10x_gpio.o(.text)
    GPIO_EventOutputConfig                   0x08000a53   Thumb Code   144  stm32f10x_gpio.o(.text)
    GPIO_EventOutputCmd                      0x08000ae3   Thumb Code    30  stm32f10x_gpio.o(.text)
    GPIO_PinRemapConfig                      0x08000b01   Thumb Code   550  stm32f10x_gpio.o(.text)
    GPIO_EXTILineConfig                      0x08000d27   Thumb Code   204  stm32f10x_gpio.o(.text)
    GPIO_ETH_MediaInterfaceConfig            0x08000df3   Thumb Code    30  stm32f10x_gpio.o(.text)
    RCC_DeInit                               0x08000e2d   Thumb Code    68  stm32f10x_rcc.o(.text)
    RCC_HSEConfig                            0x08000e71   Thumb Code   100  stm32f10x_rcc.o(.text)
    RCC_GetFlagStatus                        0x08000ed5   Thumb Code   130  stm32f10x_rcc.o(.text)
    RCC_WaitForHSEStartUp                    0x08000f57   Thumb Code    56  stm32f10x_rcc.o(.text)
    RCC_AdjustHSICalibrationValue            0x08000f8f   Thumb Code    40  stm32f10x_rcc.o(.text)
    RCC_HSICmd                               0x08000fb7   Thumb Code    28  stm32f10x_rcc.o(.text)
    RCC_PLLConfig                            0x08000fd3   Thumb Code   156  stm32f10x_rcc.o(.text)
    RCC_PLLCmd                               0x0800106f   Thumb Code    28  stm32f10x_rcc.o(.text)
    RCC_SYSCLKConfig                         0x0800108b   Thumb Code    46  stm32f10x_rcc.o(.text)
    RCC_GetSYSCLKSource                      0x080010b9   Thumb Code    10  stm32f10x_rcc.o(.text)
    RCC_HCLKConfig                           0x080010c3   Thumb Code    70  stm32f10x_rcc.o(.text)
    RCC_PCLK1Config                          0x08001109   Thumb Code    62  stm32f10x_rcc.o(.text)
    RCC_PCLK2Config                          0x08001147   Thumb Code    62  stm32f10x_rcc.o(.text)
    RCC_ITConfig                             0x08001185   Thumb Code    80  stm32f10x_rcc.o(.text)
    RCC_USBCLKConfig                         0x080011d5   Thumb Code    28  stm32f10x_rcc.o(.text)
    RCC_ADCCLKConfig                         0x080011f1   Thumb Code   140  stm32f10x_rcc.o(.text)
    RCC_LSEConfig                            0x0800127d   Thumb Code    78  stm32f10x_rcc.o(.text)
    RCC_LSICmd                               0x080012cb   Thumb Code    30  stm32f10x_rcc.o(.text)
    RCC_RTCCLKConfig                         0x080012e9   Thumb Code    50  stm32f10x_rcc.o(.text)
    RCC_RTCCLKCmd                            0x0800131b   Thumb Code    30  stm32f10x_rcc.o(.text)
    RCC_GetClocksFreq                        0x08001339   Thumb Code   216  stm32f10x_rcc.o(.text)
    RCC_AHBPeriphClockCmd                    0x08001411   Thumb Code    82  stm32f10x_rcc.o(.text)
    RCC_APB2PeriphClockCmd                   0x08001463   Thumb Code    78  stm32f10x_rcc.o(.text)
    RCC_APB1PeriphClockCmd                   0x080014b1   Thumb Code    78  stm32f10x_rcc.o(.text)
    RCC_APB2PeriphResetCmd                   0x080014ff   Thumb Code    78  stm32f10x_rcc.o(.text)
    RCC_APB1PeriphResetCmd                   0x0800154d   Thumb Code    78  stm32f10x_rcc.o(.text)
    RCC_BackupResetCmd                       0x0800159b   Thumb Code    30  stm32f10x_rcc.o(.text)
    RCC_ClockSecuritySystemCmd               0x080015b9   Thumb Code    30  stm32f10x_rcc.o(.text)
    RCC_MCOConfig                            0x080015d7   Thumb Code    42  stm32f10x_rcc.o(.text)
    RCC_ClearFlag                            0x08001601   Thumb Code    14  stm32f10x_rcc.o(.text)
    RCC_GetITStatus                          0x0800160f   Thumb Code   118  stm32f10x_rcc.o(.text)
    RCC_ClearITPendingBit                    0x08001685   Thumb Code    32  stm32f10x_rcc.o(.text)
    SPI_I2S_DeInit                           0x080016a9   Thumb Code   104  stm32f10x_spi.o(.text)
    SPI_Init                                 0x08001711   Thumb Code   348  stm32f10x_spi.o(.text)
    I2S_Init                                 0x0800186d   Thumb Code   458  stm32f10x_spi.o(.text)
    SPI_StructInit                           0x08001a37   Thumb Code    28  stm32f10x_spi.o(.text)
    I2S_StructInit                           0x08001a53   Thumb Code    26  stm32f10x_spi.o(.text)
    SPI_Cmd                                  0x08001a6d   Thumb Code   158  stm32f10x_spi.o(.text)
    I2S_Cmd                                  0x08001b0b   Thumb Code    78  stm32f10x_spi.o(.text)
    SPI_I2S_ITConfig                         0x08001b59   Thumb Code   138  stm32f10x_spi.o(.text)
    SPI_I2S_DMACmd                           0x08001be3   Thumb Code   112  stm32f10x_spi.o(.text)
    SPI_I2S_SendData                         0x08001c53   Thumb Code    42  stm32f10x_spi.o(.text)
    SPI_I2S_ReceiveData                      0x08001c7d   Thumb Code    40  stm32f10x_spi.o(.text)
    SPI_NSSInternalSoftwareConfig            0x08001ca5   Thumb Code    98  stm32f10x_spi.o(.text)
    SPI_SSOutputCmd                          0x08001d07   Thumb Code    84  stm32f10x_spi.o(.text)
    SPI_DataSizeConfig                       0x08001d5b   Thumb Code    82  stm32f10x_spi.o(.text)
    SPI_TransmitCRC                          0x08001dad   Thumb Code    46  stm32f10x_spi.o(.text)
    SPI_CalculateCRC                         0x08001ddb   Thumb Code    84  stm32f10x_spi.o(.text)
    SPI_GetCRC                               0x08001e2f   Thumb Code    76  stm32f10x_spi.o(.text)
    SPI_GetCRCPolynomial                     0x08001e7b   Thumb Code    40  stm32f10x_spi.o(.text)
    SPI_BiDirectionalLineConfig              0x08001ea3   Thumb Code   108  stm32f10x_spi.o(.text)
    SPI_I2S_GetFlagStatus                    0x08001f0f   Thumb Code   108  stm32f10x_spi.o(.text)
    SPI_I2S_ClearFlag                        0x08001f7b   Thumb Code    64  stm32f10x_spi.o(.text)
    SPI_I2S_GetITStatus                      0x08001fbb   Thumb Code   154  stm32f10x_spi.o(.text)
    SPI_I2S_ClearITPendingBit                0x08002055   Thumb Code    82  stm32f10x_spi.o(.text)
    USART_DeInit                             0x080020b5   Thumb Code   174  stm32f10x_usart.o(.text)
    USART_Init                               0x08002163   Thumb Code   490  stm32f10x_usart.o(.text)
    USART_StructInit                         0x0800234d   Thumb Code    30  stm32f10x_usart.o(.text)
    USART_ClockInit                          0x0800236b   Thumb Code   174  stm32f10x_usart.o(.text)
    USART_ClockStructInit                    0x08002419   Thumb Code    14  stm32f10x_usart.o(.text)
    USART_Cmd                                0x08002427   Thumb Code    92  stm32f10x_usart.o(.text)
    USART_ITConfig                           0x08002483   Thumb Code   352  stm32f10x_usart.o(.text)
    USART_DMACmd                             0x080025e3   Thumb Code   124  stm32f10x_usart.o(.text)
    USART_SetAddress                         0x0800265f   Thumb Code    90  stm32f10x_usart.o(.text)
    USART_WakeUpConfig                       0x080026b9   Thumb Code    94  stm32f10x_usart.o(.text)
    USART_ReceiverWakeUpCmd                  0x08002717   Thumb Code    96  stm32f10x_usart.o(.text)
    USART_LINBreakDetectLengthConfig         0x08002777   Thumb Code    92  stm32f10x_usart.o(.text)
    USART_LINCmd                             0x080027d3   Thumb Code    96  stm32f10x_usart.o(.text)
    USART_SendData                           0x08002833   Thumb Code    78  stm32f10x_usart.o(.text)
    USART_ReceiveData                        0x08002881   Thumb Code    56  stm32f10x_usart.o(.text)
    USART_SendBreak                          0x080028b9   Thumb Code    58  stm32f10x_usart.o(.text)
    USART_SetGuardTime                       0x080028f3   Thumb Code    54  stm32f10x_usart.o(.text)
    USART_SetPrescaler                       0x08002929   Thumb Code    88  stm32f10x_usart.o(.text)
    USART_SmartCardCmd                       0x08002981   Thumb Code    84  stm32f10x_usart.o(.text)
    USART_SmartCardNACKCmd                   0x080029d5   Thumb Code    84  stm32f10x_usart.o(.text)
    USART_HalfDuplexCmd                      0x08002a29   Thumb Code    96  stm32f10x_usart.o(.text)
    USART_OverSampling8Cmd                   0x08002a89   Thumb Code    92  stm32f10x_usart.o(.text)
    USART_OneBitMethodCmd                    0x08002ae5   Thumb Code    96  stm32f10x_usart.o(.text)
    USART_IrDAConfig                         0x08002b45   Thumb Code    92  stm32f10x_usart.o(.text)
    USART_IrDACmd                            0x08002ba1   Thumb Code    96  stm32f10x_usart.o(.text)
    USART_GetFlagStatus                      0x08002c01   Thumb Code   170  stm32f10x_usart.o(.text)
    USART_ClearFlag                          0x08002cab   Thumb Code   124  stm32f10x_usart.o(.text)
    USART_GetITStatus                        0x08002d27   Thumb Code   294  stm32f10x_usart.o(.text)
    USART_ClearITPendingBit                  0x08002e4d   Thumb Code   166  stm32f10x_usart.o(.text)
    Reset_Handler                            0x08002f09   Thumb Code     8  startup_stm32f10x_md.o(.text)
    ADC1_2_IRQHandler                        0x08002f23   Thumb Code     0  startup_stm32f10x_md.o(.text)
    CAN1_RX1_IRQHandler                      0x08002f23   Thumb Code     0  startup_stm32f10x_md.o(.text)
    CAN1_SCE_IRQHandler                      0x08002f23   Thumb Code     0  startup_stm32f10x_md.o(.text)
    DMA1_Channel1_IRQHandler                 0x08002f23   Thumb Code     0  startup_stm32f10x_md.o(.text)
    DMA1_Channel2_IRQHandler                 0x08002f23   Thumb Code     0  startup_stm32f10x_md.o(.text)
    DMA1_Channel3_IRQHandler                 0x08002f23   Thumb Code     0  startup_stm32f10x_md.o(.text)
    DMA1_Channel4_IRQHandler                 0x08002f23   Thumb Code     0  startup_stm32f10x_md.o(.text)
    DMA1_Channel5_IRQHandler                 0x08002f23   Thumb Code     0  startup_stm32f10x_md.o(.text)
    DMA1_Channel6_IRQHandler                 0x08002f23   Thumb Code     0  startup_stm32f10x_md.o(.text)
    DMA1_Channel7_IRQHandler                 0x08002f23   Thumb Code     0  startup_stm32f10x_md.o(.text)
    EXTI0_IRQHandler                         0x08002f23   Thumb Code     0  startup_stm32f10x_md.o(.text)
    EXTI15_10_IRQHandler                     0x08002f23   Thumb Code     0  startup_stm32f10x_md.o(.text)
    EXTI1_IRQHandler                         0x08002f23   Thumb Code     0  startup_stm32f10x_md.o(.text)
    EXTI2_IRQHandler                         0x08002f23   Thumb Code     0  startup_stm32f10x_md.o(.text)
    EXTI3_IRQHandler                         0x08002f23   Thumb Code     0  startup_stm32f10x_md.o(.text)
    EXTI4_IRQHandler                         0x08002f23   Thumb Code     0  startup_stm32f10x_md.o(.text)
    EXTI9_5_IRQHandler                       0x08002f23   Thumb Code     0  startup_stm32f10x_md.o(.text)
    FLASH_IRQHandler                         0x08002f23   Thumb Code     0  startup_stm32f10x_md.o(.text)
    I2C1_ER_IRQHandler                       0x08002f23   Thumb Code     0  startup_stm32f10x_md.o(.text)
    I2C1_EV_IRQHandler                       0x08002f23   Thumb Code     0  startup_stm32f10x_md.o(.text)
    I2C2_ER_IRQHandler                       0x08002f23   Thumb Code     0  startup_stm32f10x_md.o(.text)
    I2C2_EV_IRQHandler                       0x08002f23   Thumb Code     0  startup_stm32f10x_md.o(.text)
    PVD_IRQHandler                           0x08002f23   Thumb Code     0  startup_stm32f10x_md.o(.text)
    RCC_IRQHandler                           0x08002f23   Thumb Code     0  startup_stm32f10x_md.o(.text)
    RTCAlarm_IRQHandler                      0x08002f23   Thumb Code     0  startup_stm32f10x_md.o(.text)
    RTC_IRQHandler                           0x08002f23   Thumb Code     0  startup_stm32f10x_md.o(.text)
    SPI1_IRQHandler                          0x08002f23   Thumb Code     0  startup_stm32f10x_md.o(.text)
    SPI2_IRQHandler                          0x08002f23   Thumb Code     0  startup_stm32f10x_md.o(.text)
    TAMPER_IRQHandler                        0x08002f23   Thumb Code     0  startup_stm32f10x_md.o(.text)
    TIM1_BRK_IRQHandler                      0x08002f23   Thumb Code     0  startup_stm32f10x_md.o(.text)
    TIM1_CC_IRQHandler                       0x08002f23   Thumb Code     0  startup_stm32f10x_md.o(.text)
    TIM1_TRG_COM_IRQHandler                  0x08002f23   Thumb Code     0  startup_stm32f10x_md.o(.text)
    TIM1_UP_IRQHandler                       0x08002f23   Thumb Code     0  startup_stm32f10x_md.o(.text)
    TIM2_IRQHandler                          0x08002f23   Thumb Code     0  startup_stm32f10x_md.o(.text)
    TIM3_IRQHandler                          0x08002f23   Thumb Code     0  startup_stm32f10x_md.o(.text)
    TIM4_IRQHandler                          0x08002f23   Thumb Code     0  startup_stm32f10x_md.o(.text)
    USART1_IRQHandler                        0x08002f23   Thumb Code     0  startup_stm32f10x_md.o(.text)
    USART2_IRQHandler                        0x08002f23   Thumb Code     0  startup_stm32f10x_md.o(.text)
    USART3_IRQHandler                        0x08002f23   Thumb Code     0  startup_stm32f10x_md.o(.text)
    USBWakeUp_IRQHandler                     0x08002f23   Thumb Code     0  startup_stm32f10x_md.o(.text)
    USB_HP_CAN1_TX_IRQHandler                0x08002f23   Thumb Code     0  startup_stm32f10x_md.o(.text)
    USB_LP_CAN1_RX0_IRQHandler               0x08002f23   Thumb Code     0  startup_stm32f10x_md.o(.text)
    WWDG_IRQHandler                          0x08002f23   Thumb Code     0  startup_stm32f10x_md.o(.text)
    SystemInit                               0x08002ffd   Thumb Code    82  system_stm32f10x.o(.text)
    SystemCoreClockUpdate                    0x0800304f   Thumb Code   154  system_stm32f10x.o(.text)
    UART1GPIO_config                         0x0800310d   Thumb Code    78  usart1.o(.text)
    USART1_config                            0x0800315b   Thumb Code    64  usart1.o(.text)
    UART1NVIC_config                         0x0800319b   Thumb Code    42  usart1.o(.text)
    fputc                                    0x080031c5   Thumb Code    30  usart1.o(.text)
    fgetc                                    0x080031e3   Thumb Code    26  usart1.o(.text)
    USART_Scanf_Name                         0x080031fd   Thumb Code    90  usart1.o(.text)
    SDCard_SpiInit                           0x08003265   Thumb Code   202  spi_sd_driver.o(.text)
    SPI_SetSpeed                             0x0800332f   Thumb Code   102  spi_sd_driver.o(.text)
    SPI_ReadWriteByte                        0x08003395   Thumb Code    56  spi_sd_driver.o(.text)
    SD_WaitReady                             0x080033cd   Thumb Code    36  spi_sd_driver.o(.text)
    SD_SendCommand                           0x080033f1   Thumb Code   120  spi_sd_driver.o(.text)
    SD_SendCommand_NoDeassert                0x08003469   Thumb Code   106  spi_sd_driver.o(.text)
    SD_ReceiveData                           0x080034d3   Thumb Code   126  spi_sd_driver.o(.text)
    SD_GetCID                                0x08003551   Thumb Code    42  spi_sd_driver.o(.text)
    SD_GetCSD                                0x0800357b   Thumb Code    42  spi_sd_driver.o(.text)
    SD_GetCapacity                           0x080035a5   Thumb Code   126  spi_sd_driver.o(.text)
    SD_ReadSingleBlock                       0x08003623   Thumb Code    62  spi_sd_driver.o(.text)
    SD_WriteSingleBlock                      0x08003661   Thumb Code   222  spi_sd_driver.o(.text)
    SD_ReadMultiBlock                        0x0800373f   Thumb Code   114  spi_sd_driver.o(.text)
    SD_WriteMultiBlock                       0x080037b1   Thumb Code   236  spi_sd_driver.o(.text)
    SD_Init                                  0x0800389d   Thumb Code   532  spi_sd_driver.o(.text)
    disk_initialize                          0x08003ab5   Thumb Code    32  diskio.o(.text)
    disk_status                              0x08003ad5   Thumb Code    28  diskio.o(.text)
    disk_read                                0x08003af1   Thumb Code    82  diskio.o(.text)
    disk_write                               0x08003b43   Thumb Code    74  diskio.o(.text)
    disk_ioctl                               0x08003b8d   Thumb Code   100  diskio.o(.text)
    get_fattime                              0x08003bf1   Thumb Code     4  diskio.o(.text)
    get_Calendarfattime                      0x08003bf5   Thumb Code     2  diskio.o(.text)
    clust2sect                               0x08003dcd   Thumb Code    30  ff.o(.text)
    get_fat                                  0x08003deb   Thumb Code   238  ff.o(.text)
    put_fat                                  0x08003ed9   Thumb Code   340  ff.o(.text)
    f_mount                                  0x08004bed   Thumb Code    42  ff.o(.text)
    f_open                                   0x08004c17   Thumb Code   380  ff.o(.text)
    f_read                                   0x08004d93   Thumb Code   498  ff.o(.text)
    f_write                                  0x08004f85   Thumb Code   546  ff.o(.text)
    f_sync                                   0x080051a7   Thumb Code   202  ff.o(.text)
    f_close                                  0x08005271   Thumb Code    24  ff.o(.text)
    f_lseek                                  0x08005289   Thumb Code   456  ff.o(.text)
    f_opendir                                0x08005451   Thumb Code   116  ff.o(.text)
    f_readdir                                0x080054c5   Thumb Code    92  ff.o(.text)
    f_stat                                   0x08005521   Thumb Code    62  ff.o(.text)
    f_getfree                                0x0800555f   Thumb Code   302  ff.o(.text)
    f_truncate                               0x0800568d   Thumb Code   168  ff.o(.text)
    f_unlink                                 0x08005735   Thumb Code   188  ff.o(.text)
    f_mkdir                                  0x080057f1   Thumb Code   440  ff.o(.text)
    f_chmod                                  0x080059a9   Thumb Code   100  ff.o(.text)
    f_utime                                  0x08005a0d   Thumb Code    96  ff.o(.text)
    f_rename                                 0x08005a6d   Thumb Code   308  ff.o(.text)
    f_mkfs                                   0x08005ba1   Thumb Code  1782  ff.o(.text)
    disk_detect_OK                           0x080062c5   Thumb Code    28  test_fatfs.o(.text)
    die                                      0x080062e1   Thumb Code   146  test_fatfs.o(.text)
    Test_f_getfree                           0x08006373   Thumb Code    94  test_fatfs.o(.text)
    Test_f_read                              0x080063d1   Thumb Code   140  test_fatfs.o(.text)
    Test_f_write                             0x0800645d   Thumb Code   162  test_fatfs.o(.text)
    StrToData                                0x080064ff   Thumb Code    46  test_fatfs.o(.text)
    Test_f_mkfs                              0x0800652d   Thumb Code   760  test_fatfs.o(.text)
    Test_f_mkdir                             0x08006825   Thumb Code    44  test_fatfs.o(.text)
    Test_f_deldir                            0x08006851   Thumb Code    44  test_fatfs.o(.text)
    Test_f_readdir                           0x0800687d   Thumb Code    78  test_fatfs.o(.text)
    Test_f_creat                             0x080068cb   Thumb Code    52  test_fatfs.o(.text)
    Test_f_delfile                           0x080068ff   Thumb Code    44  test_fatfs.o(.text)
    Test_f_readfile                          0x0800692b   Thumb Code    86  test_fatfs.o(.text)
    Test_f_writefile                         0x08006981   Thumb Code    86  test_fatfs.o(.text)
    Test_f_getfreem                          0x080069d7   Thumb Code    68  test_fatfs.o(.text)
    strcpy                                   0x08006a1b   Thumb Code    18  strcpy.o(.text)
    __aeabi_uidiv                            0x08006a2d   Thumb Code     0  uidiv.o(.text)
    __aeabi_uidivmod                         0x08006a2d   Thumb Code    44  uidiv.o(.text)
    __scatterload                            0x08006a59   Thumb Code    28  init.o(.text)
    __scatterload_rt2                        0x08006a59   Thumb Code     0  init.o(.text)
    __0printf$6                              0x08006a7d   Thumb Code    22  printf6.o(i.__0printf$6)
    __1printf$6                              0x08006a7d   Thumb Code     0  printf6.o(i.__0printf$6)
    __2printf                                0x08006a7d   Thumb Code     0  printf6.o(i.__0printf$6)
    __scatterload_copy                       0x08006a9d   Thumb Code    14  handlers.o(i.__scatterload_copy)
    __scatterload_null                       0x08006aab   Thumb Code     2  handlers.o(i.__scatterload_null)
    __scatterload_zeroinit                   0x08006aad   Thumb Code    14  handlers.o(i.__scatterload_zeroinit)
    Region$$Table$$Base                      0x08006ed4   Number         0  anon$$obj.o(Region$$Table)
    Region$$Table$$Limit                     0x08006ef4   Number         0  anon$$obj.o(Region$$Table)
    SystemCoreClock                          0x20000014   Data           4  system_stm32f10x.o(.data)
    AHBPrescTable                            0x20000018   Data          16  system_stm32f10x.o(.data)
    SD_Type                                  0x20000028   Data           1  spi_sd_driver.o(.data)
    __stdout                                 0x20000034   Data           4  stdout.o(.data)
    __initial_sp                             0x20001038   Data           0  startup_stm32f10x_md.o(STACK)



==============================================================================

Memory Map of the image

  Image Entry point : 0x080000ed

  Load Region LR_IROM1 (Base: 0x08000000, Size: 0x00006f2c, Max: 0x00020000, ABSOLUTE)

    Execution Region ER_IROM1 (Base: 0x08000000, Size: 0x00006ef4, Max: 0x00020000, ABSOLUTE)

    Base Addr    Size         Type   Attr      Idx    E Section Name        Object

    0x08000000   0x000000ec   Data   RO          306    RESET               startup_stm32f10x_md.o
    0x080000ec   0x00000000   Code   RO          463  * .ARM.Collect$$$$00000000  mc_w.l(entry.o)
    0x080000ec   0x00000004   Code   RO          729    .ARM.Collect$$$$00000001  mc_w.l(entry2.o)
    0x080000f0   0x00000004   Code   RO          732    .ARM.Collect$$$$00000004  mc_w.l(entry5.o)
    0x080000f4   0x00000000   Code   RO          734    .ARM.Collect$$$$00000008  mc_w.l(entry7b.o)
    0x080000f4   0x00000008   Code   RO          735    .ARM.Collect$$$$00000009  mc_w.l(entry8.o)
    0x080000fc   0x00000004   Code   RO          730    .ARM.Collect$$$$00002712  mc_w.l(entry2.o)
    0x08000100   0x0000002c   Code   RO            2    .text               main.o
    0x0800012c   0x0000001e   Code   RO          108    .text               stm32f10x_it.o
    0x0800014a   0x00000002   PAD
    0x0800014c   0x0000020c   Code   RO          127    .text               misc.o
    0x08000358   0x00000ad4   Code   RO          207    .text               stm32f10x_gpio.o
    0x08000e2c   0x0000087c   Code   RO          239    .text               stm32f10x_rcc.o
    0x080016a8   0x00000a0c   Code   RO          273    .text               stm32f10x_spi.o
    0x080020b4   0x00000e54   Code   RO          289    .text               stm32f10x_usart.o
    0x08002f08   0x00000024   Code   RO          307    .text               startup_stm32f10x_md.o
    0x08002f2c   0x000001e0   Code   RO          312    .text               system_stm32f10x.o
    0x0800310c   0x00000158   Code   RO          344    .text               usart1.o
    0x08003264   0x00000850   Code   RO          363    .text               spi_sd_driver.o
    0x08003ab4   0x00000148   Code   RO          382    .text               diskio.o
    0x08003bfc   0x000026c8   Code   RO          413    .text               ff.o
    0x080062c4   0x00000756   Code   RO          435    .text               test_fatfs.o
    0x08006a1a   0x00000012   Code   RO          466    .text               mc_w.l(strcpy.o)
    0x08006a2c   0x0000002c   Code   RO          737    .text               mc_w.l(uidiv.o)
    0x08006a58   0x00000024   Code   RO          752    .text               mc_w.l(init.o)
    0x08006a7c   0x00000020   Code   RO          623    i.__0printf$6       mc_w.l(printf6.o)
    0x08006a9c   0x0000000e   Code   RO          764    i.__scatterload_copy  mc_w.l(handlers.o)
    0x08006aaa   0x00000002   Code   RO          765    i.__scatterload_null  mc_w.l(handlers.o)
    0x08006aac   0x0000000e   Code   RO          766    i.__scatterload_zeroinit  mc_w.l(handlers.o)
    0x08006aba   0x00000002   PAD
    0x08006abc   0x000002f4   Code   RO          630    i._printf_core      mc_w.l(printf6.o)
    0x08006db0   0x00000026   Code   RO          631    i._printf_post_padding  mc_w.l(printf6.o)
    0x08006dd6   0x00000030   Code   RO          632    i._printf_pre_padding  mc_w.l(printf6.o)
    0x08006e06   0x0000002c   Data   RO          414    .constdata          ff.o
    0x08006e32   0x00000002   PAD
    0x08006e34   0x000000a0   Data   RO          436    .constdata          test_fatfs.o
    0x08006ed4   0x00000020   Data   RO          762    Region$$Table       anon$$obj.o


    Execution Region RW_IRAM1 (Base: 0x20000000, Size: 0x00001038, Max: 0x00005000, ABSOLUTE)

    Base Addr    Size         Type   Attr      Idx    E Section Name        Object

    0x20000000   0x00000014   Data   RW          240    .data               stm32f10x_rcc.o
    0x20000014   0x00000014   Data   RW          313    .data               system_stm32f10x.o
    0x20000028   0x00000001   Data   RW          364    .data               spi_sd_driver.o
    0x20000029   0x00000003   PAD
    0x2000002c   0x00000006   Data   RW          415    .data               ff.o
    0x20000032   0x00000002   PAD
    0x20000034   0x00000004   Data   RW          736    .data               mc_w.l(stdout.o)
    0x20000038   0x00001000   Zero   RW          304    STACK               startup_stm32f10x_md.o


==============================================================================

Image component sizes


      Code (inc. data)   RO Data    RW Data    ZI Data      Debug   Object Name

       328          6          0          0          0       4094   diskio.o
      9928        114         44          6          0      26139   ff.o
        44          6          0          0          0     240063   main.o
       524         86          0          0          0       2089   misc.o
      2128         24          0          1          0       6750   spi_sd_driver.o
        36          8        236          0       4096        860   startup_stm32f10x_md.o
      2772        210          0          0          0       7397   stm32f10x_gpio.o
        30          0          0          0          0       1592   stm32f10x_it.o
      2172        136          0         20          0      10428   stm32f10x_rcc.o
      2572        102          0          0          0       8226   stm32f10x_spi.o
      3668        150          0          0          0      10748   stm32f10x_usart.o
       480         36          0         20          0       1735   system_stm32f10x.o
      1878        730        160          0          0       8818   test_fatfs.o
       344         14          0          0          0       1551   usart1.o

    ----------------------------------------------------------------------
     26906       1622        474         52       4096     330490   Object Totals
         0          0         32          0          0          0   (incl. Generated)
         2          0          2          5          0          0   (incl. Padding)

    ----------------------------------------------------------------------

      Code (inc. data)   RO Data    RW Data    ZI Data      Debug   Library Member Name

         0          0          0          0          0          0   entry.o
         8          4          0          0          0          0   entry2.o
         4          0          0          0          0          0   entry5.o
         0          0          0          0          0          0   entry7b.o
         8          4          0          0          0          0   entry8.o
        30          0          0          0          0          0   handlers.o
        36          8          0          0          0         68   init.o
       874         16          0          0          0        352   printf6.o
         0          0          0          4          0          0   stdout.o
        18          0          0          0          0         68   strcpy.o
        44          0          0          0          0         80   uidiv.o

    ----------------------------------------------------------------------
      1024         32          0          4          0        568   Library Totals
         2          0          0          0          0          0   (incl. Padding)

    ----------------------------------------------------------------------

      Code (inc. data)   RO Data    RW Data    ZI Data      Debug   Library Name

      1022         32          0          4          0        568   mc_w.l

    ----------------------------------------------------------------------
      1024         32          0          4          0        568   Library Totals

    ----------------------------------------------------------------------

==============================================================================


      Code (inc. data)   RO Data    RW Data    ZI Data      Debug   

     27930       1654        474         56       4096     329810   Grand Totals
     27930       1654        474         56       4096     329810   ELF Image Totals
     27930       1654        474         56          0          0   ROM Totals

==============================================================================

    Total RO  Size (Code + RO Data)                28404 (  27.74kB)
    Total RW  Size (RW Data + ZI Data)              4152 (   4.05kB)
    Total ROM Size (Code + RO Data + RW Data)      28460 (  27.79kB)

==============================================================================

